---
version: 1
interactions:
- request:
    body: ""
    form: {}
    headers:
      Accept:
      - application/json
      Authorization:
      - SSWS REDACTED
      User-Agent:
      - okta-sdk-golang/2.17.0 golang/go1.20.2 darwin/arm64 okta-terraform/3.44.0
    url: https://mm-oie-2022-10-07-max.oktapreview.com/api/v1/policies?type=PASSWORD
    method: GET
  response:
    body: '[{"id":"00p79cl4k5hJuqmqQ1d7","status":"ACTIVE","name":"My Test Password Policy HERE","description":"Terraform Acceptance Test Password Policy","priority":1,"system":false,"conditions":{"people":{"groups":{"include":["00g5qwjvgrD3WR89l1d7"]}},"authProvider":{"provider":"OKTA"}},"created":"2023-03-04T00:16:20.000Z","lastUpdated":"2023-03-04T00:20:32.000Z","settings":{"password":{"complexity":{"minLength":8,"minLowerCase":1,"minUpperCase":1,"minNumber":1,"minSymbol":0,"excludeUsername":true,"dictionary":{"common":{"exclude":false}},"excludeAttributes":[]},"age":{"maxAgeDays":0,"expireWarnDays":0,"minAgeMinutes":0,"historyCount":0},"lockout":{"maxAttempts":10,"autoUnlockMinutes":0,"userLockoutNotificationChannels":[],"showLockoutFailures":false}},"recovery":{"factors":{"recovery_question":{"status":"ACTIVE","properties":{"complexity":{"minLength":4}}},"okta_email":{"status":"ACTIVE","properties":{"recoveryToken":{"tokenLifetimeMinutes":60}}},"okta_sms":{"status":"INACTIVE"},"okta_call":{"status":"INACTIVE"}}},"delegation":{"options":{"skipUnlock":false}}},"_links":{"self":{"href":"https://mm-oie-2022-10-07-max.oktapreview.com/api/v1/policies/00p79cl4k5hJuqmqQ1d7","hints":{"allow":["GET","PUT","DELETE"]}},"rules":{"href":"https://mm-oie-2022-10-07-max.oktapreview.com/api/v1/policies/00p79cl4k5hJuqmqQ1d7/rules","hints":{"allow":["GET","POST"]}},"deactivate":{"href":"https://mm-oie-2022-10-07-max.oktapreview.com/api/v1/policies/00p79cl4k5hJuqmqQ1d7/lifecycle/deactivate","hints":{"allow":["POST"]}}},"type":"PASSWORD"},{"id":"00p5qwjvh5thKvnPl1d7","status":"ACTIVE","name":"Default Policy","description":"The default policy applies in all situations if no other policy applies.","priority":2,"system":true,"conditions":{"people":{"groups":{"include":["00g5qwjvgrD3WR89l1d7"]}},"authProvider":{"provider":"OKTA"}},"created":"2022-10-07T23:16:58.000Z","lastUpdated":"2023-04-06T17:00:35.000Z","settings":{"password":{"complexity":{"minLength":8,"minLowerCase":1,"minUpperCase":1,"minNumber":1,"minSymbol":0,"excludeUsername":true,"dictionary":{"common":{"exclude":false}},"excludeAttributes":[]},"age":{"maxAgeDays":0,"expireWarnDays":0,"minAgeMinutes":0,"historyCount":5},"lockout":{"maxAttempts":10,"autoUnlockMinutes":0,"userLockoutNotificationChannels":[],"showLockoutFailures":false}},"recovery":{"factors":{"recovery_question":{"status":"ACTIVE","properties":{"complexity":{"minLength":4}}},"okta_email":{"status":"ACTIVE","properties":{"recoveryToken":{"tokenLifetimeMinutes":60}}},"okta_sms":{"status":"ACTIVE"},"okta_call":{"status":"INACTIVE"}}},"delegation":{"options":{"skipUnlock":false}}},"_links":{"self":{"href":"https://mm-oie-2022-10-07-max.oktapreview.com/api/v1/policies/00p5qwjvh5thKvnPl1d7","hints":{"allow":["GET","PUT"]}},"rules":{"href":"https://mm-oie-2022-10-07-max.oktapreview.com/api/v1/policies/00p5qwjvh5thKvnPl1d7/rules","hints":{"allow":["GET","POST"]}}},"type":"PASSWORD"}]'
    headers:
      Content-Security-Policy-Report-Only:
      - 'default-src ''self'' mm-oie-2022-10-07-max.oktapreview.com *.oktacdn.com; connect-src ''self'' mm-oie-2022-10-07-max.oktapreview.com mm-oie-2022-10-07-max-admin.oktapreview.com *.oktacdn.com *.mixpanel.com *.mapbox.com app.pendo.io data.pendo.io pendo-static-5634101834153984.storage.googleapis.com pendo-static-5391521872216064.storage.googleapis.com *.mtls.oktapreview.com mm-oie-2022-10-07-max.kerberos.oktapreview.com *.authenticatorlocalprod.com:8769 http://localhost:8769 http://127.0.0.1:8769 *.authenticatorlocalprod.com:65111 http://localhost:65111 http://127.0.0.1:65111 *.authenticatorlocalprod.com:65121 http://localhost:65121 http://127.0.0.1:65121 *.authenticatorlocalprod.com:65131 http://localhost:65131 http://127.0.0.1:65131 *.authenticatorlocalprod.com:65141 http://localhost:65141 http://127.0.0.1:65141 *.authenticatorlocalprod.com:65151 http://localhost:65151 http://127.0.0.1:65151 https://oinmanager.okta.com data:; script-src ''unsafe-inline'' ''unsafe-eval'' ''self'' mm-oie-2022-10-07-max.oktapreview.com *.oktacdn.com; style-src ''unsafe-inline'' ''nonce-oG7-XH4UihVgly71J802PTXFxx-JHK3DsaEWQmdZki4'' ''self'' mm-oie-2022-10-07-max.oktapreview.com *.oktacdn.com app.pendo.io cdn.pendo.io pendo-static-5634101834153984.storage.googleapis.com pendo-static-5391521872216064.storage.googleapis.com; frame-src ''self'' mm-oie-2022-10-07-max.oktapreview.com mm-oie-2022-10-07-max-admin.oktapreview.com login.okta.com com-okta-authenticator:; img-src ''self'' mm-oie-2022-10-07-max.oktapreview.com *.oktacdn.com *.tiles.mapbox.com *.mapbox.com app.pendo.io data.pendo.io cdn.pendo.io pendo-static-5634101834153984.storage.googleapis.com pendo-static-5391521872216064.storage.googleapis.com data: blob:; font-src ''self'' mm-oie-2022-10-07-max.oktapreview.com data: *.oktacdn.com fonts.gstatic.com; frame-ancestors ''self'''
      Content-Type:
      - application/json
      Date:
      - Thu, 06 Apr 2023 18:40:44 GMT
      Link:
      - <https://mm-oie-2022-10-07-max.oktapreview.com/api/v1/policies?type=PASSWORD>; rel="self"
    status: 200 OK
    code: 200
    duration: ""
- request:
    body: ""
    form: {}
    headers:
      Accept:
      - application/json
      Authorization:
      - SSWS REDACTED
      User-Agent:
      - okta-sdk-golang/2.17.0 golang/go1.20.2 darwin/arm64 okta-terraform/3.44.0
    url: https://mm-oie-2022-10-07-max.oktapreview.com/api/v1/policies?type=PASSWORD
    method: GET
  response:
    body: '[{"id":"00p79cl4k5hJuqmqQ1d7","status":"ACTIVE","name":"My Test Password Policy HERE","description":"Terraform Acceptance Test Password Policy","priority":1,"system":false,"conditions":{"people":{"groups":{"include":["00g5qwjvgrD3WR89l1d7"]}},"authProvider":{"provider":"OKTA"}},"created":"2023-03-04T00:16:20.000Z","lastUpdated":"2023-03-04T00:20:32.000Z","settings":{"password":{"complexity":{"minLength":8,"minLowerCase":1,"minUpperCase":1,"minNumber":1,"minSymbol":0,"excludeUsername":true,"dictionary":{"common":{"exclude":false}},"excludeAttributes":[]},"age":{"maxAgeDays":0,"expireWarnDays":0,"minAgeMinutes":0,"historyCount":0},"lockout":{"maxAttempts":10,"autoUnlockMinutes":0,"userLockoutNotificationChannels":[],"showLockoutFailures":false}},"recovery":{"factors":{"recovery_question":{"status":"ACTIVE","properties":{"complexity":{"minLength":4}}},"okta_email":{"status":"ACTIVE","properties":{"recoveryToken":{"tokenLifetimeMinutes":60}}},"okta_sms":{"status":"INACTIVE"},"okta_call":{"status":"INACTIVE"}}},"delegation":{"options":{"skipUnlock":false}}},"_links":{"self":{"href":"https://mm-oie-2022-10-07-max.oktapreview.com/api/v1/policies/00p79cl4k5hJuqmqQ1d7","hints":{"allow":["GET","PUT","DELETE"]}},"rules":{"href":"https://mm-oie-2022-10-07-max.oktapreview.com/api/v1/policies/00p79cl4k5hJuqmqQ1d7/rules","hints":{"allow":["GET","POST"]}},"deactivate":{"href":"https://mm-oie-2022-10-07-max.oktapreview.com/api/v1/policies/00p79cl4k5hJuqmqQ1d7/lifecycle/deactivate","hints":{"allow":["POST"]}}},"type":"PASSWORD"},{"id":"00p5qwjvh5thKvnPl1d7","status":"ACTIVE","name":"Default Policy","description":"The default policy applies in all situations if no other policy applies.","priority":2,"system":true,"conditions":{"people":{"groups":{"include":["00g5qwjvgrD3WR89l1d7"]}},"authProvider":{"provider":"OKTA"}},"created":"2022-10-07T23:16:58.000Z","lastUpdated":"2023-04-06T17:00:35.000Z","settings":{"password":{"complexity":{"minLength":8,"minLowerCase":1,"minUpperCase":1,"minNumber":1,"minSymbol":0,"excludeUsername":true,"dictionary":{"common":{"exclude":false}},"excludeAttributes":[]},"age":{"maxAgeDays":0,"expireWarnDays":0,"minAgeMinutes":0,"historyCount":5},"lockout":{"maxAttempts":10,"autoUnlockMinutes":0,"userLockoutNotificationChannels":[],"showLockoutFailures":false}},"recovery":{"factors":{"recovery_question":{"status":"ACTIVE","properties":{"complexity":{"minLength":4}}},"okta_email":{"status":"ACTIVE","properties":{"recoveryToken":{"tokenLifetimeMinutes":60}}},"okta_sms":{"status":"ACTIVE"},"okta_call":{"status":"INACTIVE"}}},"delegation":{"options":{"skipUnlock":false}}},"_links":{"self":{"href":"https://mm-oie-2022-10-07-max.oktapreview.com/api/v1/policies/00p5qwjvh5thKvnPl1d7","hints":{"allow":["GET","PUT"]}},"rules":{"href":"https://mm-oie-2022-10-07-max.oktapreview.com/api/v1/policies/00p5qwjvh5thKvnPl1d7/rules","hints":{"allow":["GET","POST"]}}},"type":"PASSWORD"}]'
    headers:
      Content-Security-Policy-Report-Only:
      - 'default-src ''self'' mm-oie-2022-10-07-max.oktapreview.com *.oktacdn.com; connect-src ''self'' mm-oie-2022-10-07-max.oktapreview.com mm-oie-2022-10-07-max-admin.oktapreview.com *.oktacdn.com *.mixpanel.com *.mapbox.com app.pendo.io data.pendo.io pendo-static-5634101834153984.storage.googleapis.com pendo-static-5391521872216064.storage.googleapis.com *.mtls.oktapreview.com mm-oie-2022-10-07-max.kerberos.oktapreview.com *.authenticatorlocalprod.com:8769 http://localhost:8769 http://127.0.0.1:8769 *.authenticatorlocalprod.com:65111 http://localhost:65111 http://127.0.0.1:65111 *.authenticatorlocalprod.com:65121 http://localhost:65121 http://127.0.0.1:65121 *.authenticatorlocalprod.com:65131 http://localhost:65131 http://127.0.0.1:65131 *.authenticatorlocalprod.com:65141 http://localhost:65141 http://127.0.0.1:65141 *.authenticatorlocalprod.com:65151 http://localhost:65151 http://127.0.0.1:65151 https://oinmanager.okta.com data:; script-src ''unsafe-inline'' ''unsafe-eval'' ''self'' mm-oie-2022-10-07-max.oktapreview.com *.oktacdn.com; style-src ''unsafe-inline'' ''nonce-W45PYpTLie8jFEdiiH3542hV-w77QNK0T8wN3YiBmbo'' ''self'' mm-oie-2022-10-07-max.oktapreview.com *.oktacdn.com app.pendo.io cdn.pendo.io pendo-static-5634101834153984.storage.googleapis.com pendo-static-5391521872216064.storage.googleapis.com; frame-src ''self'' mm-oie-2022-10-07-max.oktapreview.com mm-oie-2022-10-07-max-admin.oktapreview.com login.okta.com com-okta-authenticator:; img-src ''self'' mm-oie-2022-10-07-max.oktapreview.com *.oktacdn.com *.tiles.mapbox.com *.mapbox.com app.pendo.io data.pendo.io cdn.pendo.io pendo-static-5634101834153984.storage.googleapis.com pendo-static-5391521872216064.storage.googleapis.com data: blob:; font-src ''self'' mm-oie-2022-10-07-max.oktapreview.com data: *.oktacdn.com fonts.gstatic.com; frame-ancestors ''self'''
      Content-Type:
      - application/json
      Date:
      - Thu, 06 Apr 2023 18:40:45 GMT
      Link:
      - <https://mm-oie-2022-10-07-max.oktapreview.com/api/v1/policies?type=PASSWORD>; rel="self"
    status: 200 OK
    code: 200
    duration: ""
- request:
    body: ""
    form: {}
    headers:
      Accept:
      - application/json
      Authorization:
      - SSWS REDACTED
      User-Agent:
      - okta-sdk-golang/2.17.0 golang/go1.20.2 darwin/arm64 okta-terraform/3.44.0
    url: https://mm-oie-2022-10-07-max.oktapreview.com/api/v1/policies?type=PASSWORD
    method: GET
  response:
    body: '[{"id":"00p79cl4k5hJuqmqQ1d7","status":"ACTIVE","name":"My Test Password Policy HERE","description":"Terraform Acceptance Test Password Policy","priority":1,"system":false,"conditions":{"people":{"groups":{"include":["00g5qwjvgrD3WR89l1d7"]}},"authProvider":{"provider":"OKTA"}},"created":"2023-03-04T00:16:20.000Z","lastUpdated":"2023-03-04T00:20:32.000Z","settings":{"password":{"complexity":{"minLength":8,"minLowerCase":1,"minUpperCase":1,"minNumber":1,"minSymbol":0,"excludeUsername":true,"dictionary":{"common":{"exclude":false}},"excludeAttributes":[]},"age":{"maxAgeDays":0,"expireWarnDays":0,"minAgeMinutes":0,"historyCount":0},"lockout":{"maxAttempts":10,"autoUnlockMinutes":0,"userLockoutNotificationChannels":[],"showLockoutFailures":false}},"recovery":{"factors":{"recovery_question":{"status":"ACTIVE","properties":{"complexity":{"minLength":4}}},"okta_email":{"status":"ACTIVE","properties":{"recoveryToken":{"tokenLifetimeMinutes":60}}},"okta_sms":{"status":"INACTIVE"},"okta_call":{"status":"INACTIVE"}}},"delegation":{"options":{"skipUnlock":false}}},"_links":{"self":{"href":"https://mm-oie-2022-10-07-max.oktapreview.com/api/v1/policies/00p79cl4k5hJuqmqQ1d7","hints":{"allow":["GET","PUT","DELETE"]}},"rules":{"href":"https://mm-oie-2022-10-07-max.oktapreview.com/api/v1/policies/00p79cl4k5hJuqmqQ1d7/rules","hints":{"allow":["GET","POST"]}},"deactivate":{"href":"https://mm-oie-2022-10-07-max.oktapreview.com/api/v1/policies/00p79cl4k5hJuqmqQ1d7/lifecycle/deactivate","hints":{"allow":["POST"]}}},"type":"PASSWORD"},{"id":"00p5qwjvh5thKvnPl1d7","status":"ACTIVE","name":"Default Policy","description":"The default policy applies in all situations if no other policy applies.","priority":2,"system":true,"conditions":{"people":{"groups":{"include":["00g5qwjvgrD3WR89l1d7"]}},"authProvider":{"provider":"OKTA"}},"created":"2022-10-07T23:16:58.000Z","lastUpdated":"2023-04-06T17:00:35.000Z","settings":{"password":{"complexity":{"minLength":8,"minLowerCase":1,"minUpperCase":1,"minNumber":1,"minSymbol":0,"excludeUsername":true,"dictionary":{"common":{"exclude":false}},"excludeAttributes":[]},"age":{"maxAgeDays":0,"expireWarnDays":0,"minAgeMinutes":0,"historyCount":5},"lockout":{"maxAttempts":10,"autoUnlockMinutes":0,"userLockoutNotificationChannels":[],"showLockoutFailures":false}},"recovery":{"factors":{"recovery_question":{"status":"ACTIVE","properties":{"complexity":{"minLength":4}}},"okta_email":{"status":"ACTIVE","properties":{"recoveryToken":{"tokenLifetimeMinutes":60}}},"okta_sms":{"status":"ACTIVE"},"okta_call":{"status":"INACTIVE"}}},"delegation":{"options":{"skipUnlock":false}}},"_links":{"self":{"href":"https://mm-oie-2022-10-07-max.oktapreview.com/api/v1/policies/00p5qwjvh5thKvnPl1d7","hints":{"allow":["GET","PUT"]}},"rules":{"href":"https://mm-oie-2022-10-07-max.oktapreview.com/api/v1/policies/00p5qwjvh5thKvnPl1d7/rules","hints":{"allow":["GET","POST"]}}},"type":"PASSWORD"}]'
    headers:
      Content-Security-Policy-Report-Only:
      - 'default-src ''self'' mm-oie-2022-10-07-max.oktapreview.com *.oktacdn.com; connect-src ''self'' mm-oie-2022-10-07-max.oktapreview.com mm-oie-2022-10-07-max-admin.oktapreview.com *.oktacdn.com *.mixpanel.com *.mapbox.com app.pendo.io data.pendo.io pendo-static-5634101834153984.storage.googleapis.com pendo-static-5391521872216064.storage.googleapis.com *.mtls.oktapreview.com mm-oie-2022-10-07-max.kerberos.oktapreview.com *.authenticatorlocalprod.com:8769 http://localhost:8769 http://127.0.0.1:8769 *.authenticatorlocalprod.com:65111 http://localhost:65111 http://127.0.0.1:65111 *.authenticatorlocalprod.com:65121 http://localhost:65121 http://127.0.0.1:65121 *.authenticatorlocalprod.com:65131 http://localhost:65131 http://127.0.0.1:65131 *.authenticatorlocalprod.com:65141 http://localhost:65141 http://127.0.0.1:65141 *.authenticatorlocalprod.com:65151 http://localhost:65151 http://127.0.0.1:65151 https://oinmanager.okta.com data:; script-src ''unsafe-inline'' ''unsafe-eval'' ''self'' mm-oie-2022-10-07-max.oktapreview.com *.oktacdn.com; style-src ''unsafe-inline'' ''nonce-ug0D4AisuV53y3H5yGUJQoXqCC_TF5gcq2YXDkSBGFs'' ''self'' mm-oie-2022-10-07-max.oktapreview.com *.oktacdn.com app.pendo.io cdn.pendo.io pendo-static-5634101834153984.storage.googleapis.com pendo-static-5391521872216064.storage.googleapis.com; frame-src ''self'' mm-oie-2022-10-07-max.oktapreview.com mm-oie-2022-10-07-max-admin.oktapreview.com login.okta.com com-okta-authenticator:; img-src ''self'' mm-oie-2022-10-07-max.oktapreview.com *.oktacdn.com *.tiles.mapbox.com *.mapbox.com app.pendo.io data.pendo.io cdn.pendo.io pendo-static-5634101834153984.storage.googleapis.com pendo-static-5391521872216064.storage.googleapis.com data: blob:; font-src ''self'' mm-oie-2022-10-07-max.oktapreview.com data: *.oktacdn.com fonts.gstatic.com; frame-ancestors ''self'''
      Content-Type:
      - application/json
      Date:
      - Thu, 06 Apr 2023 18:40:45 GMT
      Link:
      - <https://mm-oie-2022-10-07-max.oktapreview.com/api/v1/policies?type=PASSWORD>; rel="self"
    status: 200 OK
    code: 200
    duration: ""
- request:
    body: ""
    form: {}
    headers:
      Accept:
      - application/json
      Authorization:
      - SSWS REDACTED
      User-Agent:
      - okta-sdk-golang/2.17.0 golang/go1.20.2 darwin/arm64 okta-terraform/3.44.0
    url: https://mm-oie-2022-10-07-max.oktapreview.com/api/v1/policies?type=PASSWORD
    method: GET
  response:
    body: '[{"id":"00p79cl4k5hJuqmqQ1d7","status":"ACTIVE","name":"My Test Password Policy HERE","description":"Terraform Acceptance Test Password Policy","priority":1,"system":false,"conditions":{"people":{"groups":{"include":["00g5qwjvgrD3WR89l1d7"]}},"authProvider":{"provider":"OKTA"}},"created":"2023-03-04T00:16:20.000Z","lastUpdated":"2023-03-04T00:20:32.000Z","settings":{"password":{"complexity":{"minLength":8,"minLowerCase":1,"minUpperCase":1,"minNumber":1,"minSymbol":0,"excludeUsername":true,"dictionary":{"common":{"exclude":false}},"excludeAttributes":[]},"age":{"maxAgeDays":0,"expireWarnDays":0,"minAgeMinutes":0,"historyCount":0},"lockout":{"maxAttempts":10,"autoUnlockMinutes":0,"userLockoutNotificationChannels":[],"showLockoutFailures":false}},"recovery":{"factors":{"recovery_question":{"status":"ACTIVE","properties":{"complexity":{"minLength":4}}},"okta_email":{"status":"ACTIVE","properties":{"recoveryToken":{"tokenLifetimeMinutes":60}}},"okta_sms":{"status":"INACTIVE"},"okta_call":{"status":"INACTIVE"}}},"delegation":{"options":{"skipUnlock":false}}},"_links":{"self":{"href":"https://mm-oie-2022-10-07-max.oktapreview.com/api/v1/policies/00p79cl4k5hJuqmqQ1d7","hints":{"allow":["GET","PUT","DELETE"]}},"rules":{"href":"https://mm-oie-2022-10-07-max.oktapreview.com/api/v1/policies/00p79cl4k5hJuqmqQ1d7/rules","hints":{"allow":["GET","POST"]}},"deactivate":{"href":"https://mm-oie-2022-10-07-max.oktapreview.com/api/v1/policies/00p79cl4k5hJuqmqQ1d7/lifecycle/deactivate","hints":{"allow":["POST"]}}},"type":"PASSWORD"},{"id":"00p5qwjvh5thKvnPl1d7","status":"ACTIVE","name":"Default Policy","description":"The default policy applies in all situations if no other policy applies.","priority":2,"system":true,"conditions":{"people":{"groups":{"include":["00g5qwjvgrD3WR89l1d7"]}},"authProvider":{"provider":"OKTA"}},"created":"2022-10-07T23:16:58.000Z","lastUpdated":"2023-04-06T17:00:35.000Z","settings":{"password":{"complexity":{"minLength":8,"minLowerCase":1,"minUpperCase":1,"minNumber":1,"minSymbol":0,"excludeUsername":true,"dictionary":{"common":{"exclude":false}},"excludeAttributes":[]},"age":{"maxAgeDays":0,"expireWarnDays":0,"minAgeMinutes":0,"historyCount":5},"lockout":{"maxAttempts":10,"autoUnlockMinutes":0,"userLockoutNotificationChannels":[],"showLockoutFailures":false}},"recovery":{"factors":{"recovery_question":{"status":"ACTIVE","properties":{"complexity":{"minLength":4}}},"okta_email":{"status":"ACTIVE","properties":{"recoveryToken":{"tokenLifetimeMinutes":60}}},"okta_sms":{"status":"ACTIVE"},"okta_call":{"status":"INACTIVE"}}},"delegation":{"options":{"skipUnlock":false}}},"_links":{"self":{"href":"https://mm-oie-2022-10-07-max.oktapreview.com/api/v1/policies/00p5qwjvh5thKvnPl1d7","hints":{"allow":["GET","PUT"]}},"rules":{"href":"https://mm-oie-2022-10-07-max.oktapreview.com/api/v1/policies/00p5qwjvh5thKvnPl1d7/rules","hints":{"allow":["GET","POST"]}}},"type":"PASSWORD"}]'
    headers:
      Content-Security-Policy-Report-Only:
      - 'default-src ''self'' mm-oie-2022-10-07-max.oktapreview.com *.oktacdn.com; connect-src ''self'' mm-oie-2022-10-07-max.oktapreview.com mm-oie-2022-10-07-max-admin.oktapreview.com *.oktacdn.com *.mixpanel.com *.mapbox.com app.pendo.io data.pendo.io pendo-static-5634101834153984.storage.googleapis.com pendo-static-5391521872216064.storage.googleapis.com *.mtls.oktapreview.com mm-oie-2022-10-07-max.kerberos.oktapreview.com *.authenticatorlocalprod.com:8769 http://localhost:8769 http://127.0.0.1:8769 *.authenticatorlocalprod.com:65111 http://localhost:65111 http://127.0.0.1:65111 *.authenticatorlocalprod.com:65121 http://localhost:65121 http://127.0.0.1:65121 *.authenticatorlocalprod.com:65131 http://localhost:65131 http://127.0.0.1:65131 *.authenticatorlocalprod.com:65141 http://localhost:65141 http://127.0.0.1:65141 *.authenticatorlocalprod.com:65151 http://localhost:65151 http://127.0.0.1:65151 https://oinmanager.okta.com data:; script-src ''unsafe-inline'' ''unsafe-eval'' ''self'' mm-oie-2022-10-07-max.oktapreview.com *.oktacdn.com; style-src ''unsafe-inline'' ''nonce--viYabtL-gcw2FUlHbLEi5KikrVruXF3VUoUjlQ8dO4'' ''self'' mm-oie-2022-10-07-max.oktapreview.com *.oktacdn.com app.pendo.io cdn.pendo.io pendo-static-5634101834153984.storage.googleapis.com pendo-static-5391521872216064.storage.googleapis.com; frame-src ''self'' mm-oie-2022-10-07-max.oktapreview.com mm-oie-2022-10-07-max-admin.oktapreview.com login.okta.com com-okta-authenticator:; img-src ''self'' mm-oie-2022-10-07-max.oktapreview.com *.oktacdn.com *.tiles.mapbox.com *.mapbox.com app.pendo.io data.pendo.io cdn.pendo.io pendo-static-5634101834153984.storage.googleapis.com pendo-static-5391521872216064.storage.googleapis.com data: blob:; font-src ''self'' mm-oie-2022-10-07-max.oktapreview.com data: *.oktacdn.com fonts.gstatic.com; frame-ancestors ''self'''
      Content-Type:
      - application/json
      Date:
      - Thu, 06 Apr 2023 18:40:45 GMT
      Link:
      - <https://mm-oie-2022-10-07-max.oktapreview.com/api/v1/policies?type=PASSWORD>; rel="self"
    status: 200 OK
    code: 200
    duration: ""
- request:
    body: ""
    form: {}
    headers:
      Accept:
      - application/json
      Authorization:
      - SSWS REDACTED
      User-Agent:
      - okta-sdk-golang/2.17.0 golang/go1.20.2 darwin/arm64 okta-terraform/3.44.0
    url: https://mm-oie-2022-10-07-max.oktapreview.com/api/v1/policies?type=PASSWORD
    method: GET
  response:
    body: '[{"id":"00p79cl4k5hJuqmqQ1d7","status":"ACTIVE","name":"My Test Password Policy HERE","description":"Terraform Acceptance Test Password Policy","priority":1,"system":false,"conditions":{"people":{"groups":{"include":["00g5qwjvgrD3WR89l1d7"]}},"authProvider":{"provider":"OKTA"}},"created":"2023-03-04T00:16:20.000Z","lastUpdated":"2023-03-04T00:20:32.000Z","settings":{"password":{"complexity":{"minLength":8,"minLowerCase":1,"minUpperCase":1,"minNumber":1,"minSymbol":0,"excludeUsername":true,"dictionary":{"common":{"exclude":false}},"excludeAttributes":[]},"age":{"maxAgeDays":0,"expireWarnDays":0,"minAgeMinutes":0,"historyCount":0},"lockout":{"maxAttempts":10,"autoUnlockMinutes":0,"userLockoutNotificationChannels":[],"showLockoutFailures":false}},"recovery":{"factors":{"recovery_question":{"status":"ACTIVE","properties":{"complexity":{"minLength":4}}},"okta_email":{"status":"ACTIVE","properties":{"recoveryToken":{"tokenLifetimeMinutes":60}}},"okta_sms":{"status":"INACTIVE"},"okta_call":{"status":"INACTIVE"}}},"delegation":{"options":{"skipUnlock":false}}},"_links":{"self":{"href":"https://mm-oie-2022-10-07-max.oktapreview.com/api/v1/policies/00p79cl4k5hJuqmqQ1d7","hints":{"allow":["GET","PUT","DELETE"]}},"rules":{"href":"https://mm-oie-2022-10-07-max.oktapreview.com/api/v1/policies/00p79cl4k5hJuqmqQ1d7/rules","hints":{"allow":["GET","POST"]}},"deactivate":{"href":"https://mm-oie-2022-10-07-max.oktapreview.com/api/v1/policies/00p79cl4k5hJuqmqQ1d7/lifecycle/deactivate","hints":{"allow":["POST"]}}},"type":"PASSWORD"},{"id":"00p5qwjvh5thKvnPl1d7","status":"ACTIVE","name":"Default Policy","description":"The default policy applies in all situations if no other policy applies.","priority":2,"system":true,"conditions":{"people":{"groups":{"include":["00g5qwjvgrD3WR89l1d7"]}},"authProvider":{"provider":"OKTA"}},"created":"2022-10-07T23:16:58.000Z","lastUpdated":"2023-04-06T17:00:35.000Z","settings":{"password":{"complexity":{"minLength":8,"minLowerCase":1,"minUpperCase":1,"minNumber":1,"minSymbol":0,"excludeUsername":true,"dictionary":{"common":{"exclude":false}},"excludeAttributes":[]},"age":{"maxAgeDays":0,"expireWarnDays":0,"minAgeMinutes":0,"historyCount":5},"lockout":{"maxAttempts":10,"autoUnlockMinutes":0,"userLockoutNotificationChannels":[],"showLockoutFailures":false}},"recovery":{"factors":{"recovery_question":{"status":"ACTIVE","properties":{"complexity":{"minLength":4}}},"okta_email":{"status":"ACTIVE","properties":{"recoveryToken":{"tokenLifetimeMinutes":60}}},"okta_sms":{"status":"ACTIVE"},"okta_call":{"status":"INACTIVE"}}},"delegation":{"options":{"skipUnlock":false}}},"_links":{"self":{"href":"https://mm-oie-2022-10-07-max.oktapreview.com/api/v1/policies/00p5qwjvh5thKvnPl1d7","hints":{"allow":["GET","PUT"]}},"rules":{"href":"https://mm-oie-2022-10-07-max.oktapreview.com/api/v1/policies/00p5qwjvh5thKvnPl1d7/rules","hints":{"allow":["GET","POST"]}}},"type":"PASSWORD"}]'
    headers:
      Content-Security-Policy-Report-Only:
      - 'default-src ''self'' mm-oie-2022-10-07-max.oktapreview.com *.oktacdn.com; connect-src ''self'' mm-oie-2022-10-07-max.oktapreview.com mm-oie-2022-10-07-max-admin.oktapreview.com *.oktacdn.com *.mixpanel.com *.mapbox.com app.pendo.io data.pendo.io pendo-static-5634101834153984.storage.googleapis.com pendo-static-5391521872216064.storage.googleapis.com *.mtls.oktapreview.com mm-oie-2022-10-07-max.kerberos.oktapreview.com *.authenticatorlocalprod.com:8769 http://localhost:8769 http://127.0.0.1:8769 *.authenticatorlocalprod.com:65111 http://localhost:65111 http://127.0.0.1:65111 *.authenticatorlocalprod.com:65121 http://localhost:65121 http://127.0.0.1:65121 *.authenticatorlocalprod.com:65131 http://localhost:65131 http://127.0.0.1:65131 *.authenticatorlocalprod.com:65141 http://localhost:65141 http://127.0.0.1:65141 *.authenticatorlocalprod.com:65151 http://localhost:65151 http://127.0.0.1:65151 https://oinmanager.okta.com data:; script-src ''unsafe-inline'' ''unsafe-eval'' ''self'' mm-oie-2022-10-07-max.oktapreview.com *.oktacdn.com; style-src ''unsafe-inline'' ''nonce-dk6vEKgqtClOHGRR_gl_OVyE9k0HIDGE9Yzmno1sKO4'' ''self'' mm-oie-2022-10-07-max.oktapreview.com *.oktacdn.com app.pendo.io cdn.pendo.io pendo-static-5634101834153984.storage.googleapis.com pendo-static-5391521872216064.storage.googleapis.com; frame-src ''self'' mm-oie-2022-10-07-max.oktapreview.com mm-oie-2022-10-07-max-admin.oktapreview.com login.okta.com com-okta-authenticator:; img-src ''self'' mm-oie-2022-10-07-max.oktapreview.com *.oktacdn.com *.tiles.mapbox.com *.mapbox.com app.pendo.io data.pendo.io cdn.pendo.io pendo-static-5634101834153984.storage.googleapis.com pendo-static-5391521872216064.storage.googleapis.com data: blob:; font-src ''self'' mm-oie-2022-10-07-max.oktapreview.com data: *.oktacdn.com fonts.gstatic.com; frame-ancestors ''self'''
      Content-Type:
      - application/json
      Date:
      - Thu, 06 Apr 2023 18:40:45 GMT
      Link:
      - <https://mm-oie-2022-10-07-max.oktapreview.com/api/v1/policies?type=PASSWORD>; rel="self"
    status: 200 OK
    code: 200
    duration: ""
