---
version: 1
interactions:
- request:
    body: ""
    form: {}
    headers:
      Accept:
      - application/json
      Authorization:
      - SSWS REDACTED
      User-Agent:
      - okta-sdk-golang/2.17.0 golang/go1.20.4 darwin/amd64 okta-terraform/4.0.3
    url: https://mm-oie-2022-10-07-max.oktapreview.com/api/v1/groups/rules/
    method: GET
  response:
    body: '[]'
    headers:
      Content-Type:
      - application/json
      Date:
      - Thu, 29 Jun 2023 21:55:57 GMT
      Link:
      - <https://mm-oie-2022-10-07-max.oktapreview.com/api/v1/groups/rules?limit=50>; rel="self"
    status: 200 OK
    code: 200
    duration: ""
- request:
    body: ""
    form: {}
    headers:
      Accept:
      - application/json
      Authorization:
      - SSWS REDACTED
      User-Agent:
      - okta-sdk-golang/2.17.0 golang/go1.20.4 darwin/amd64 okta-terraform/4.0.3
    url: https://mm-oie-2022-10-07-max.oktapreview.com/api/v1/groups/rules/
    method: GET
  response:
    body: '[]'
    headers:
      Content-Type:
      - application/json
      Date:
      - Thu, 29 Jun 2023 21:55:57 GMT
      Link:
      - <https://mm-oie-2022-10-07-max.oktapreview.com/api/v1/groups/rules?limit=50>; rel="self"
    status: 200 OK
    code: 200
    duration: ""
- request:
    body: ""
    form: {}
    headers:
      Accept:
      - application/json
      Authorization:
      - SSWS REDACTED
      User-Agent:
      - okta-sdk-golang/2.17.0 golang/go1.20.4 darwin/amd64 okta-terraform/4.0.3
    url: https://mm-oie-2022-10-07-max.oktapreview.com/api/v1/groups/rules/
    method: GET
  response:
    body: '[]'
    headers:
      Content-Type:
      - application/json
      Date:
      - Thu, 29 Jun 2023 21:55:57 GMT
      Link:
      - <https://mm-oie-2022-10-07-max.oktapreview.com/api/v1/groups/rules?limit=50>; rel="self"
    status: 200 OK
    code: 200
    duration: ""
- request:
    body: ""
    form: {}
    headers:
      Accept:
      - application/json
      Authorization:
      - SSWS REDACTED
      User-Agent:
      - okta-sdk-golang/2.17.0 golang/go1.20.4 darwin/amd64 okta-terraform/4.0.3
    url: https://mm-oie-2022-10-07-max.oktapreview.com/api/v1/groups/rules/
    method: GET
  response:
    body: '[]'
    headers:
      Content-Type:
      - application/json
      Date:
      - Thu, 29 Jun 2023 21:55:57 GMT
      Link:
      - <https://mm-oie-2022-10-07-max.oktapreview.com/api/v1/groups/rules?limit=50>; rel="self"
    status: 200 OK
    code: 200
    duration: ""
- request:
    body: |
      {"profile":{"name":"testAcc_3778815348","description":""}}
    form: {}
    headers:
      Accept:
      - application/json
      Authorization:
      - SSWS REDACTED
      Content-Type:
      - application/json
      User-Agent:
      - okta-sdk-golang/2.17.0 golang/go1.20.4 darwin/amd64 okta-terraform/4.0.3
    url: https://mm-oie-2022-10-07-max.oktapreview.com/api/v1/groups
    method: POST
  response:
    body: '{"id":"00g8qs3uepusR3UIA1d7","created":"2023-06-29T21:55:58.000Z","lastUpdated":"2023-06-29T21:55:58.000Z","lastMembershipUpdated":"2023-06-29T21:55:58.000Z","objectClass":["okta:user_group"],"type":"OKTA_GROUP","profile":{"name":"testAcc_3778815348","description":""},"_links":{"logo":[{"name":"medium","href":"https://op3static.oktacdn.com/assets/img/logos/groups/odyssey/okta-medium.1a5ebe44c4244fb796c235d86b47e3bb.png","type":"image/png"},{"name":"large","href":"https://op3static.oktacdn.com/assets/img/logos/groups/odyssey/okta-large.d9cfbd8a00a4feac1aa5612ba02e99c0.png","type":"image/png"}],"users":{"href":"https://mm-oie-2022-10-07-max.oktapreview.com/api/v1/groups/00g8qs3uepusR3UIA1d7/users"},"apps":{"href":"https://mm-oie-2022-10-07-max.oktapreview.com/api/v1/groups/00g8qs3uepusR3UIA1d7/apps"}}}'
    headers:
      Content-Type:
      - application/json
      Date:
      - Thu, 29 Jun 2023 21:55:58 GMT
    status: 200 OK
    code: 200
    duration: ""
- request:
    body: ""
    form: {}
    headers:
      Accept:
      - application/json
      Authorization:
      - SSWS REDACTED
      User-Agent:
      - okta-sdk-golang/2.17.0 golang/go1.20.4 darwin/amd64 okta-terraform/4.0.3
    url: https://mm-oie-2022-10-07-max.oktapreview.com/api/v1/groups/00g8qs3uepusR3UIA1d7
    method: GET
  response:
    body: '{"id":"00g8qs3uepusR3UIA1d7","created":"2023-06-29T21:55:58.000Z","lastUpdated":"2023-06-29T21:55:58.000Z","lastMembershipUpdated":"2023-06-29T21:55:58.000Z","objectClass":["okta:user_group"],"type":"OKTA_GROUP","profile":{"name":"testAcc_3778815348","description":""},"_links":{"logo":[{"name":"medium","href":"https://op3static.oktacdn.com/assets/img/logos/groups/odyssey/okta-medium.1a5ebe44c4244fb796c235d86b47e3bb.png","type":"image/png"},{"name":"large","href":"https://op3static.oktacdn.com/assets/img/logos/groups/odyssey/okta-large.d9cfbd8a00a4feac1aa5612ba02e99c0.png","type":"image/png"}],"users":{"href":"https://mm-oie-2022-10-07-max.oktapreview.com/api/v1/groups/00g8qs3uepusR3UIA1d7/users"},"apps":{"href":"https://mm-oie-2022-10-07-max.oktapreview.com/api/v1/groups/00g8qs3uepusR3UIA1d7/apps"}}}'
    headers:
      Content-Type:
      - application/json
      Date:
      - Thu, 29 Jun 2023 21:55:58 GMT
    status: 200 OK
    code: 200
    duration: ""
- request:
    body: ""
    form: {}
    headers:
      Accept:
      - application/json
      Authorization:
      - SSWS REDACTED
      User-Agent:
      - okta-sdk-golang/2.17.0 golang/go1.20.4 darwin/amd64 okta-terraform/4.0.3
    url: https://mm-oie-2022-10-07-max.oktapreview.com/api/v1/groups/00g8qs3uepusR3UIA1d7
    method: GET
  response:
    body: '{"id":"00g8qs3uepusR3UIA1d7","created":"2023-06-29T21:55:58.000Z","lastUpdated":"2023-06-29T21:55:58.000Z","lastMembershipUpdated":"2023-06-29T21:55:58.000Z","objectClass":["okta:user_group"],"type":"OKTA_GROUP","profile":{"name":"testAcc_3778815348","description":""},"_links":{"logo":[{"name":"medium","href":"https://op3static.oktacdn.com/assets/img/logos/groups/odyssey/okta-medium.1a5ebe44c4244fb796c235d86b47e3bb.png","type":"image/png"},{"name":"large","href":"https://op3static.oktacdn.com/assets/img/logos/groups/odyssey/okta-large.d9cfbd8a00a4feac1aa5612ba02e99c0.png","type":"image/png"}],"users":{"href":"https://mm-oie-2022-10-07-max.oktapreview.com/api/v1/groups/00g8qs3uepusR3UIA1d7/users"},"apps":{"href":"https://mm-oie-2022-10-07-max.oktapreview.com/api/v1/groups/00g8qs3uepusR3UIA1d7/apps"}}}'
    headers:
      Content-Type:
      - application/json
      Date:
      - Thu, 29 Jun 2023 21:55:58 GMT
    status: 200 OK
    code: 200
    duration: ""
- request:
    body: ""
    form: {}
    headers:
      Accept:
      - application/json
      Authorization:
      - SSWS REDACTED
      User-Agent:
      - okta-sdk-golang/2.17.0 golang/go1.20.4 darwin/amd64 okta-terraform/4.0.3
    url: https://mm-oie-2022-10-07-max.oktapreview.com/api/v1/groups/rules/
    method: GET
  response:
    body: '[]'
    headers:
      Content-Type:
      - application/json
      Date:
      - Thu, 29 Jun 2023 21:55:58 GMT
      Link:
      - <https://mm-oie-2022-10-07-max.oktapreview.com/api/v1/groups/rules?limit=50>; rel="self"
    status: 200 OK
    code: 200
    duration: ""
- request:
    body: |
      {"actions":{"assignUserToGroups":{"groupIds":["00g8qs3uepusR3UIA1d7"]}},"conditions":{"expression":{"type":"urn:okta:expression:1.0","value":"String.startsWith(user.firstName,\"andy\")"},"people":{"users":{}}},"name":"testAccOne_3778815348","type":"group_rule"}
    form: {}
    headers:
      Accept:
      - application/json
      Authorization:
      - SSWS REDACTED
      Content-Type:
      - application/json
      User-Agent:
      - okta-sdk-golang/2.17.0 golang/go1.20.4 darwin/amd64 okta-terraform/4.0.3
    url: https://mm-oie-2022-10-07-max.oktapreview.com/api/v1/groups/rules
    method: POST
  response:
    body: '{"type":"group_rule","id":"0pr8qs4g5oRdsGtUT1d7","status":"INACTIVE","name":"testAccOne_3778815348","conditions":{"people":{"users":{"exclude":[]},"groups":{"exclude":[]}},"expression":{"value":"String.startsWith(user.firstName,\"andy\")","type":"urn:okta:expression:1.0"}},"actions":{"assignUserToGroups":{"groupIds":["00g8qs3uepusR3UIA1d7"]}},"allGroupsValid":true}'
    headers:
      Content-Type:
      - application/json
      Date:
      - Thu, 29 Jun 2023 21:55:58 GMT
    status: 200 OK
    code: 200
    duration: ""
- request:
    body: ""
    form: {}
    headers:
      Accept:
      - application/json
      Authorization:
      - SSWS REDACTED
      User-Agent:
      - okta-sdk-golang/2.17.0 golang/go1.20.4 darwin/amd64 okta-terraform/4.0.3
    url: https://mm-oie-2022-10-07-max.oktapreview.com/api/v1/groups/rules/0pr8qs4g5oRdsGtUT1d7/lifecycle/activate
    method: POST
  response:
    body: ""
    headers:
      Date:
      - Thu, 29 Jun 2023 21:55:58 GMT
    status: 204 No Content
    code: 204
    duration: ""
- request:
    body: ""
    form: {}
    headers:
      Accept:
      - application/json
      Authorization:
      - SSWS REDACTED
      User-Agent:
      - okta-sdk-golang/2.17.0 golang/go1.20.4 darwin/amd64 okta-terraform/4.0.3
    url: https://mm-oie-2022-10-07-max.oktapreview.com/api/v1/groups/rules/0pr8qs4g5oRdsGtUT1d7
    method: GET
  response:
    body: '{"type":"group_rule","id":"0pr8qs4g5oRdsGtUT1d7","status":"ACTIVE","name":"testAccOne_3778815348","conditions":{"people":{"users":{"exclude":[]},"groups":{"exclude":[]}},"expression":{"value":"String.startsWith(user.firstName,\"andy\")","type":"urn:okta:expression:1.0"}},"actions":{"assignUserToGroups":{"groupIds":["00g8qs3uepusR3UIA1d7"]}},"allGroupsValid":true}'
    headers:
      Content-Type:
      - application/json
      Date:
      - Thu, 29 Jun 2023 21:55:58 GMT
    status: 200 OK
    code: 200
    duration: ""
- request:
    body: ""
    form: {}
    headers:
      Accept:
      - application/json
      Authorization:
      - SSWS REDACTED
      User-Agent:
      - okta-sdk-golang/2.17.0 golang/go1.20.4 darwin/amd64 okta-terraform/4.0.3
    url: https://mm-oie-2022-10-07-max.oktapreview.com/api/v1/groups/rules/
    method: GET
  response:
    body: '[{"type":"group_rule","id":"0pr8qs4g5oRdsGtUT1d7","status":"ACTIVE","name":"testAccOne_3778815348","created":"2023-06-29T21:55:58.000Z","lastUpdated":"2023-06-29T21:55:58.000Z","conditions":{"people":{"users":{"exclude":[]},"groups":{"exclude":[]}},"expression":{"value":"String.startsWith(user.firstName,\"andy\")","type":"urn:okta:expression:1.0"}},"actions":{"assignUserToGroups":{"groupIds":["00g8qs3uepusR3UIA1d7"]}},"allGroupsValid":true}]'
    headers:
      Content-Type:
      - application/json
      Date:
      - Thu, 29 Jun 2023 21:55:58 GMT
      Link:
      - <https://mm-oie-2022-10-07-max.oktapreview.com/api/v1/groups/rules?limit=50>; rel="self"
    status: 200 OK
    code: 200
    duration: ""
- request:
    body: |
      {"actions":{"assignUserToGroups":{"groupIds":["00g8qs3uepusR3UIA1d7"]}},"conditions":{"expression":{"type":"urn:okta:expression:1.0","value":"String.startsWith(user.firstName,\"andy\")"},"people":{"users":{}}},"name":"testAccTwo_3778815348","type":"group_rule"}
    form: {}
    headers:
      Accept:
      - application/json
      Authorization:
      - SSWS REDACTED
      Content-Type:
      - application/json
      User-Agent:
      - okta-sdk-golang/2.17.0 golang/go1.20.4 darwin/amd64 okta-terraform/4.0.3
    url: https://mm-oie-2022-10-07-max.oktapreview.com/api/v1/groups/rules
    method: POST
  response:
    body: '{"type":"group_rule","id":"0pr8qsafyrEdD4iJO1d7","status":"INACTIVE","name":"testAccTwo_3778815348","conditions":{"people":{"users":{"exclude":[]},"groups":{"exclude":[]}},"expression":{"value":"String.startsWith(user.firstName,\"andy\")","type":"urn:okta:expression:1.0"}},"actions":{"assignUserToGroups":{"groupIds":["00g8qs3uepusR3UIA1d7"]}},"allGroupsValid":true}'
    headers:
      Content-Type:
      - application/json
      Date:
      - Thu, 29 Jun 2023 21:55:58 GMT
    status: 200 OK
    code: 200
    duration: ""
- request:
    body: ""
    form: {}
    headers:
      Accept:
      - application/json
      Authorization:
      - SSWS REDACTED
      User-Agent:
      - okta-sdk-golang/2.17.0 golang/go1.20.4 darwin/amd64 okta-terraform/4.0.3
    url: https://mm-oie-2022-10-07-max.oktapreview.com/api/v1/groups/rules/0pr8qsafyrEdD4iJO1d7/lifecycle/activate
    method: POST
  response:
    body: ""
    headers:
      Date:
      - Thu, 29 Jun 2023 21:55:59 GMT
    status: 204 No Content
    code: 204
    duration: ""
- request:
    body: ""
    form: {}
    headers:
      Accept:
      - application/json
      Authorization:
      - SSWS REDACTED
      User-Agent:
      - okta-sdk-golang/2.17.0 golang/go1.20.4 darwin/amd64 okta-terraform/4.0.3
    url: https://mm-oie-2022-10-07-max.oktapreview.com/api/v1/groups/rules/0pr8qsafyrEdD4iJO1d7
    method: GET
  response:
    body: '{"type":"group_rule","id":"0pr8qsafyrEdD4iJO1d7","status":"ACTIVE","name":"testAccTwo_3778815348","conditions":{"people":{"users":{"exclude":[]},"groups":{"exclude":[]}},"expression":{"value":"String.startsWith(user.firstName,\"andy\")","type":"urn:okta:expression:1.0"}},"actions":{"assignUserToGroups":{"groupIds":["00g8qs3uepusR3UIA1d7"]}},"allGroupsValid":true}'
    headers:
      Content-Type:
      - application/json
      Date:
      - Thu, 29 Jun 2023 21:55:59 GMT
    status: 200 OK
    code: 200
    duration: ""
- request:
    body: ""
    form: {}
    headers:
      Accept:
      - application/json
      Authorization:
      - SSWS REDACTED
      User-Agent:
      - okta-sdk-golang/2.17.0 golang/go1.20.4 darwin/amd64 okta-terraform/4.0.3
    url: https://mm-oie-2022-10-07-max.oktapreview.com/api/v1/groups/rules/0pr8qs4g5oRdsGtUT1d7
    method: GET
  response:
    body: '{"type":"group_rule","id":"0pr8qs4g5oRdsGtUT1d7","status":"ACTIVE","name":"testAccOne_3778815348","conditions":{"people":{"users":{"exclude":[]},"groups":{"exclude":[]}},"expression":{"value":"String.startsWith(user.firstName,\"andy\")","type":"urn:okta:expression:1.0"}},"actions":{"assignUserToGroups":{"groupIds":["00g8qs3uepusR3UIA1d7"]}},"allGroupsValid":true}'
    headers:
      Content-Type:
      - application/json
      Date:
      - Thu, 29 Jun 2023 21:55:59 GMT
    status: 200 OK
    code: 200
    duration: ""
- request:
    body: ""
    form: {}
    headers:
      Accept:
      - application/json
      Authorization:
      - SSWS REDACTED
      User-Agent:
      - okta-sdk-golang/2.17.0 golang/go1.20.4 darwin/amd64 okta-terraform/4.0.3
    url: https://mm-oie-2022-10-07-max.oktapreview.com/api/v1/groups/rules/0pr8qsafyrEdD4iJO1d7
    method: GET
  response:
    body: '{"type":"group_rule","id":"0pr8qsafyrEdD4iJO1d7","status":"ACTIVE","name":"testAccTwo_3778815348","conditions":{"people":{"users":{"exclude":[]},"groups":{"exclude":[]}},"expression":{"value":"String.startsWith(user.firstName,\"andy\")","type":"urn:okta:expression:1.0"}},"actions":{"assignUserToGroups":{"groupIds":["00g8qs3uepusR3UIA1d7"]}},"allGroupsValid":true}'
    headers:
      Content-Type:
      - application/json
      Date:
      - Thu, 29 Jun 2023 21:55:59 GMT
    status: 200 OK
    code: 200
    duration: ""
- request:
    body: ""
    form: {}
    headers:
      Accept:
      - application/json
      Authorization:
      - SSWS REDACTED
      User-Agent:
      - okta-sdk-golang/2.17.0 golang/go1.20.4 darwin/amd64 okta-terraform/4.0.3
    url: https://mm-oie-2022-10-07-max.oktapreview.com/api/v1/groups/00g8qs3uepusR3UIA1d7
    method: GET
  response:
    body: '{"id":"00g8qs3uepusR3UIA1d7","created":"2023-06-29T21:55:58.000Z","lastUpdated":"2023-06-29T21:55:58.000Z","lastMembershipUpdated":"2023-06-29T21:55:58.000Z","objectClass":["okta:user_group"],"type":"OKTA_GROUP","profile":{"name":"testAcc_3778815348","description":""},"_links":{"logo":[{"name":"medium","href":"https://op3static.oktacdn.com/assets/img/logos/groups/odyssey/okta-medium.1a5ebe44c4244fb796c235d86b47e3bb.png","type":"image/png"},{"name":"large","href":"https://op3static.oktacdn.com/assets/img/logos/groups/odyssey/okta-large.d9cfbd8a00a4feac1aa5612ba02e99c0.png","type":"image/png"}],"users":{"href":"https://mm-oie-2022-10-07-max.oktapreview.com/api/v1/groups/00g8qs3uepusR3UIA1d7/users"},"apps":{"href":"https://mm-oie-2022-10-07-max.oktapreview.com/api/v1/groups/00g8qs3uepusR3UIA1d7/apps"}}}'
    headers:
      Content-Type:
      - application/json
      Date:
      - Thu, 29 Jun 2023 21:55:59 GMT
    status: 200 OK
    code: 200
    duration: ""
- request:
    body: ""
    form: {}
    headers:
      Accept:
      - application/json
      Authorization:
      - SSWS REDACTED
      User-Agent:
      - okta-sdk-golang/2.17.0 golang/go1.20.4 darwin/amd64 okta-terraform/4.0.3
    url: https://mm-oie-2022-10-07-max.oktapreview.com/api/v1/groups/rules/0pr8qs4g5oRdsGtUT1d7
    method: GET
  response:
    body: '{"type":"group_rule","id":"0pr8qs4g5oRdsGtUT1d7","status":"ACTIVE","name":"testAccOne_3778815348","conditions":{"people":{"users":{"exclude":[]},"groups":{"exclude":[]}},"expression":{"value":"String.startsWith(user.firstName,\"andy\")","type":"urn:okta:expression:1.0"}},"actions":{"assignUserToGroups":{"groupIds":["00g8qs3uepusR3UIA1d7"]}},"allGroupsValid":true}'
    headers:
      Content-Type:
      - application/json
      Date:
      - Thu, 29 Jun 2023 21:55:59 GMT
    status: 200 OK
    code: 200
    duration: ""
- request:
    body: ""
    form: {}
    headers:
      Accept:
      - application/json
      Authorization:
      - SSWS REDACTED
      User-Agent:
      - okta-sdk-golang/2.17.0 golang/go1.20.4 darwin/amd64 okta-terraform/4.0.3
    url: https://mm-oie-2022-10-07-max.oktapreview.com/api/v1/groups/rules/0pr8qs4g5oRdsGtUT1d7
    method: GET
  response:
    body: '{"type":"group_rule","id":"0pr8qs4g5oRdsGtUT1d7","status":"ACTIVE","name":"testAccOne_3778815348","conditions":{"people":{"users":{"exclude":[]},"groups":{"exclude":[]}},"expression":{"value":"String.startsWith(user.firstName,\"andy\")","type":"urn:okta:expression:1.0"}},"actions":{"assignUserToGroups":{"groupIds":["00g8qs3uepusR3UIA1d7"]}},"allGroupsValid":true}'
    headers:
      Content-Type:
      - application/json
      Date:
      - Thu, 29 Jun 2023 21:55:59 GMT
    status: 200 OK
    code: 200
    duration: ""
- request:
    body: ""
    form: {}
    headers:
      Accept:
      - application/json
      Authorization:
      - SSWS REDACTED
      User-Agent:
      - okta-sdk-golang/2.17.0 golang/go1.20.4 darwin/amd64 okta-terraform/4.0.3
    url: https://mm-oie-2022-10-07-max.oktapreview.com/api/v1/groups/rules/0pr8qsafyrEdD4iJO1d7
    method: GET
  response:
    body: '{"type":"group_rule","id":"0pr8qsafyrEdD4iJO1d7","status":"ACTIVE","name":"testAccTwo_3778815348","conditions":{"people":{"users":{"exclude":[]},"groups":{"exclude":[]}},"expression":{"value":"String.startsWith(user.firstName,\"andy\")","type":"urn:okta:expression:1.0"}},"actions":{"assignUserToGroups":{"groupIds":["00g8qs3uepusR3UIA1d7"]}},"allGroupsValid":true}'
    headers:
      Content-Type:
      - application/json
      Date:
      - Thu, 29 Jun 2023 21:55:59 GMT
    status: 200 OK
    code: 200
    duration: ""
- request:
    body: ""
    form: {}
    headers:
      Accept:
      - application/json
      Authorization:
      - SSWS REDACTED
      User-Agent:
      - okta-sdk-golang/2.17.0 golang/go1.20.4 darwin/amd64 okta-terraform/4.0.3
    url: https://mm-oie-2022-10-07-max.oktapreview.com/api/v1/groups/rules/0pr8qsafyrEdD4iJO1d7
    method: GET
  response:
    body: '{"type":"group_rule","id":"0pr8qsafyrEdD4iJO1d7","status":"ACTIVE","name":"testAccTwo_3778815348","conditions":{"people":{"users":{"exclude":[]},"groups":{"exclude":[]}},"expression":{"value":"String.startsWith(user.firstName,\"andy\")","type":"urn:okta:expression:1.0"}},"actions":{"assignUserToGroups":{"groupIds":["00g8qs3uepusR3UIA1d7"]}},"allGroupsValid":true}'
    headers:
      Content-Type:
      - application/json
      Date:
      - Thu, 29 Jun 2023 21:56:00 GMT
    status: 200 OK
    code: 200
    duration: ""
- request:
    body: ""
    form: {}
    headers:
      Accept:
      - application/json
      Authorization:
      - SSWS REDACTED
      User-Agent:
      - okta-sdk-golang/2.17.0 golang/go1.20.4 darwin/amd64 okta-terraform/4.0.3
    url: https://mm-oie-2022-10-07-max.oktapreview.com/api/v1/groups/rules/0pr8qs4g5oRdsGtUT1d7
    method: GET
  response:
    body: '{"type":"group_rule","id":"0pr8qs4g5oRdsGtUT1d7","status":"ACTIVE","name":"testAccOne_3778815348","conditions":{"people":{"users":{"exclude":[]},"groups":{"exclude":[]}},"expression":{"value":"String.startsWith(user.firstName,\"andy\")","type":"urn:okta:expression:1.0"}},"actions":{"assignUserToGroups":{"groupIds":["00g8qs3uepusR3UIA1d7"]}},"allGroupsValid":true}'
    headers:
      Content-Type:
      - application/json
      Date:
      - Thu, 29 Jun 2023 21:56:00 GMT
    status: 200 OK
    code: 200
    duration: ""
- request:
    body: ""
    form: {}
    headers:
      Accept:
      - application/json
      Authorization:
      - SSWS REDACTED
      User-Agent:
      - okta-sdk-golang/2.17.0 golang/go1.20.4 darwin/amd64 okta-terraform/4.0.3
    url: https://mm-oie-2022-10-07-max.oktapreview.com/api/v1/groups/rules/0pr8qsafyrEdD4iJO1d7
    method: GET
  response:
    body: '{"type":"group_rule","id":"0pr8qsafyrEdD4iJO1d7","status":"ACTIVE","name":"testAccTwo_3778815348","conditions":{"people":{"users":{"exclude":[]},"groups":{"exclude":[]}},"expression":{"value":"String.startsWith(user.firstName,\"andy\")","type":"urn:okta:expression:1.0"}},"actions":{"assignUserToGroups":{"groupIds":["00g8qs3uepusR3UIA1d7"]}},"allGroupsValid":true}'
    headers:
      Content-Type:
      - application/json
      Date:
      - Thu, 29 Jun 2023 21:56:00 GMT
    status: 200 OK
    code: 200
    duration: ""
- request:
    body: ""
    form: {}
    headers:
      Accept:
      - application/json
      Authorization:
      - SSWS REDACTED
      User-Agent:
      - okta-sdk-golang/2.17.0 golang/go1.20.4 darwin/amd64 okta-terraform/4.0.3
    url: https://mm-oie-2022-10-07-max.oktapreview.com/api/v1/groups/00g8qs3uepusR3UIA1d7
    method: GET
  response:
    body: '{"id":"00g8qs3uepusR3UIA1d7","created":"2023-06-29T21:55:58.000Z","lastUpdated":"2023-06-29T21:55:58.000Z","lastMembershipUpdated":"2023-06-29T21:55:58.000Z","objectClass":["okta:user_group"],"type":"OKTA_GROUP","profile":{"name":"testAcc_3778815348","description":""},"_links":{"logo":[{"name":"medium","href":"https://op3static.oktacdn.com/assets/img/logos/groups/odyssey/okta-medium.1a5ebe44c4244fb796c235d86b47e3bb.png","type":"image/png"},{"name":"large","href":"https://op3static.oktacdn.com/assets/img/logos/groups/odyssey/okta-large.d9cfbd8a00a4feac1aa5612ba02e99c0.png","type":"image/png"}],"users":{"href":"https://mm-oie-2022-10-07-max.oktapreview.com/api/v1/groups/00g8qs3uepusR3UIA1d7/users"},"apps":{"href":"https://mm-oie-2022-10-07-max.oktapreview.com/api/v1/groups/00g8qs3uepusR3UIA1d7/apps"}}}'
    headers:
      Content-Type:
      - application/json
      Date:
      - Thu, 29 Jun 2023 21:56:00 GMT
    status: 200 OK
    code: 200
    duration: ""
- request:
    body: ""
    form: {}
    headers:
      Accept:
      - application/json
      Authorization:
      - SSWS REDACTED
      User-Agent:
      - okta-sdk-golang/2.17.0 golang/go1.20.4 darwin/amd64 okta-terraform/4.0.3
    url: https://mm-oie-2022-10-07-max.oktapreview.com/api/v1/groups/rules?limit=1&search=testAccTwo_3778815348
    method: GET
  response:
    body: '[{"type":"group_rule","id":"0pr8qsafyrEdD4iJO1d7","status":"ACTIVE","name":"testAccTwo_3778815348","created":"2023-06-29T21:55:58.000Z","lastUpdated":"2023-06-29T21:55:59.000Z","conditions":{"people":{"users":{"exclude":[]},"groups":{"exclude":[]}},"expression":{"value":"String.startsWith(user.firstName,\"andy\")","type":"urn:okta:expression:1.0"}},"actions":{"assignUserToGroups":{"groupIds":["00g8qs3uepusR3UIA1d7"]}},"allGroupsValid":true}]'
    headers:
      Content-Type:
      - application/json
      Date:
      - Thu, 29 Jun 2023 21:56:00 GMT
      Link:
      - <https://mm-oie-2022-10-07-max.oktapreview.com/api/v1/groups/rules?limit=1&search=testAccTwo_3778815348>; rel="self"
    status: 200 OK
    code: 200
    duration: ""
- request:
    body: ""
    form: {}
    headers:
      Accept:
      - application/json
      Authorization:
      - SSWS REDACTED
      User-Agent:
      - okta-sdk-golang/2.17.0 golang/go1.20.4 darwin/amd64 okta-terraform/4.0.3
    url: https://mm-oie-2022-10-07-max.oktapreview.com/api/v1/groups/rules/0pr8qs4g5oRdsGtUT1d7
    method: GET
  response:
    body: '{"type":"group_rule","id":"0pr8qs4g5oRdsGtUT1d7","status":"ACTIVE","name":"testAccOne_3778815348","conditions":{"people":{"users":{"exclude":[]},"groups":{"exclude":[]}},"expression":{"value":"String.startsWith(user.firstName,\"andy\")","type":"urn:okta:expression:1.0"}},"actions":{"assignUserToGroups":{"groupIds":["00g8qs3uepusR3UIA1d7"]}},"allGroupsValid":true}'
    headers:
      Content-Type:
      - application/json
      Date:
      - Thu, 29 Jun 2023 21:56:00 GMT
    status: 200 OK
    code: 200
    duration: ""
- request:
    body: ""
    form: {}
    headers:
      Accept:
      - application/json
      Authorization:
      - SSWS REDACTED
      User-Agent:
      - okta-sdk-golang/2.17.0 golang/go1.20.4 darwin/amd64 okta-terraform/4.0.3
    url: https://mm-oie-2022-10-07-max.oktapreview.com/api/v1/groups/rules/0pr8qs4g5oRdsGtUT1d7
    method: GET
  response:
    body: '{"type":"group_rule","id":"0pr8qs4g5oRdsGtUT1d7","status":"ACTIVE","name":"testAccOne_3778815348","conditions":{"people":{"users":{"exclude":[]},"groups":{"exclude":[]}},"expression":{"value":"String.startsWith(user.firstName,\"andy\")","type":"urn:okta:expression:1.0"}},"actions":{"assignUserToGroups":{"groupIds":["00g8qs3uepusR3UIA1d7"]}},"allGroupsValid":true}'
    headers:
      Content-Type:
      - application/json
      Date:
      - Thu, 29 Jun 2023 21:56:00 GMT
    status: 200 OK
    code: 200
    duration: ""
- request:
    body: ""
    form: {}
    headers:
      Accept:
      - application/json
      Authorization:
      - SSWS REDACTED
      User-Agent:
      - okta-sdk-golang/2.17.0 golang/go1.20.4 darwin/amd64 okta-terraform/4.0.3
    url: https://mm-oie-2022-10-07-max.oktapreview.com/api/v1/groups/rules/0pr8qsafyrEdD4iJO1d7
    method: GET
  response:
    body: '{"type":"group_rule","id":"0pr8qsafyrEdD4iJO1d7","status":"ACTIVE","name":"testAccTwo_3778815348","conditions":{"people":{"users":{"exclude":[]},"groups":{"exclude":[]}},"expression":{"value":"String.startsWith(user.firstName,\"andy\")","type":"urn:okta:expression:1.0"}},"actions":{"assignUserToGroups":{"groupIds":["00g8qs3uepusR3UIA1d7"]}},"allGroupsValid":true}'
    headers:
      Content-Type:
      - application/json
      Date:
      - Thu, 29 Jun 2023 21:56:00 GMT
    status: 200 OK
    code: 200
    duration: ""
- request:
    body: ""
    form: {}
    headers:
      Accept:
      - application/json
      Authorization:
      - SSWS REDACTED
      User-Agent:
      - okta-sdk-golang/2.17.0 golang/go1.20.4 darwin/amd64 okta-terraform/4.0.3
    url: https://mm-oie-2022-10-07-max.oktapreview.com/api/v1/groups/rules/0pr8qsafyrEdD4iJO1d7
    method: GET
  response:
    body: '{"type":"group_rule","id":"0pr8qsafyrEdD4iJO1d7","status":"ACTIVE","name":"testAccTwo_3778815348","conditions":{"people":{"users":{"exclude":[]},"groups":{"exclude":[]}},"expression":{"value":"String.startsWith(user.firstName,\"andy\")","type":"urn:okta:expression:1.0"}},"actions":{"assignUserToGroups":{"groupIds":["00g8qs3uepusR3UIA1d7"]}},"allGroupsValid":true}'
    headers:
      Content-Type:
      - application/json
      Date:
      - Thu, 29 Jun 2023 21:56:00 GMT
    status: 200 OK
    code: 200
    duration: ""
- request:
    body: ""
    form: {}
    headers:
      Accept:
      - application/json
      Authorization:
      - SSWS REDACTED
      User-Agent:
      - okta-sdk-golang/2.17.0 golang/go1.20.4 darwin/amd64 okta-terraform/4.0.3
    url: https://mm-oie-2022-10-07-max.oktapreview.com/api/v1/groups/rules/0pr8qsafyrEdD4iJO1d7
    method: GET
  response:
    body: '{"type":"group_rule","id":"0pr8qsafyrEdD4iJO1d7","status":"ACTIVE","name":"testAccTwo_3778815348","conditions":{"people":{"users":{"exclude":[]},"groups":{"exclude":[]}},"expression":{"value":"String.startsWith(user.firstName,\"andy\")","type":"urn:okta:expression:1.0"}},"actions":{"assignUserToGroups":{"groupIds":["00g8qs3uepusR3UIA1d7"]}},"allGroupsValid":true}'
    headers:
      Content-Type:
      - application/json
      Date:
      - Thu, 29 Jun 2023 21:56:00 GMT
      Report-To:
      - '{"group":"csp","max_age":31536000,"endpoints":[{"url":"https://oktacsp.report-uri.com/a/t/g"}],"include_subdomains":true}'
    status: 200 OK
    code: 200
    duration: ""
- request:
    body: ""
    form: {}
    headers:
      Accept:
      - application/json
      Authorization:
      - SSWS REDACTED
      User-Agent:
      - okta-sdk-golang/2.17.0 golang/go1.20.4 darwin/amd64 okta-terraform/4.0.3
    url: https://mm-oie-2022-10-07-max.oktapreview.com/api/v1/groups/rules?limit=1&search=testAccTwo_3778815348
    method: GET
  response:
    body: '[{"type":"group_rule","id":"0pr8qsafyrEdD4iJO1d7","status":"ACTIVE","name":"testAccTwo_3778815348","created":"2023-06-29T21:55:58.000Z","lastUpdated":"2023-06-29T21:55:59.000Z","conditions":{"people":{"users":{"exclude":[]},"groups":{"exclude":[]}},"expression":{"value":"String.startsWith(user.firstName,\"andy\")","type":"urn:okta:expression:1.0"}},"actions":{"assignUserToGroups":{"groupIds":["00g8qs3uepusR3UIA1d7"]}},"allGroupsValid":true}]'
    headers:
      Content-Type:
      - application/json
      Date:
      - Thu, 29 Jun 2023 21:56:01 GMT
      Link:
      - <https://mm-oie-2022-10-07-max.oktapreview.com/api/v1/groups/rules?limit=1&search=testAccTwo_3778815348>; rel="self"
      Report-To:
      - '{"group":"csp","max_age":31536000,"endpoints":[{"url":"https://oktacsp.report-uri.com/a/t/g"}],"include_subdomains":true}'
    status: 200 OK
    code: 200
    duration: ""
- request:
    body: ""
    form: {}
    headers:
      Accept:
      - application/json
      Authorization:
      - SSWS REDACTED
      User-Agent:
      - okta-sdk-golang/2.17.0 golang/go1.20.4 darwin/amd64 okta-terraform/4.0.3
    url: https://mm-oie-2022-10-07-max.oktapreview.com/api/v1/groups/rules/0pr8qs4g5oRdsGtUT1d7
    method: GET
  response:
    body: '{"type":"group_rule","id":"0pr8qs4g5oRdsGtUT1d7","status":"ACTIVE","name":"testAccOne_3778815348","conditions":{"people":{"users":{"exclude":[]},"groups":{"exclude":[]}},"expression":{"value":"String.startsWith(user.firstName,\"andy\")","type":"urn:okta:expression:1.0"}},"actions":{"assignUserToGroups":{"groupIds":["00g8qs3uepusR3UIA1d7"]}},"allGroupsValid":true}'
    headers:
      Content-Type:
      - application/json
      Date:
      - Thu, 29 Jun 2023 21:56:01 GMT
    status: 200 OK
    code: 200
    duration: ""
- request:
    body: ""
    form: {}
    headers:
      Accept:
      - application/json
      Authorization:
      - SSWS REDACTED
      User-Agent:
      - okta-sdk-golang/2.17.0 golang/go1.20.4 darwin/amd64 okta-terraform/4.0.3
    url: https://mm-oie-2022-10-07-max.oktapreview.com/api/v1/groups/rules/0pr8qsafyrEdD4iJO1d7
    method: GET
  response:
    body: '{"type":"group_rule","id":"0pr8qsafyrEdD4iJO1d7","status":"ACTIVE","name":"testAccTwo_3778815348","conditions":{"people":{"users":{"exclude":[]},"groups":{"exclude":[]}},"expression":{"value":"String.startsWith(user.firstName,\"andy\")","type":"urn:okta:expression:1.0"}},"actions":{"assignUserToGroups":{"groupIds":["00g8qs3uepusR3UIA1d7"]}},"allGroupsValid":true}'
    headers:
      Content-Type:
      - application/json
      Date:
      - Thu, 29 Jun 2023 21:56:01 GMT
    status: 200 OK
    code: 200
    duration: ""
- request:
    body: ""
    form: {}
    headers:
      Accept:
      - application/json
      Authorization:
      - SSWS REDACTED
      User-Agent:
      - okta-sdk-golang/2.17.0 golang/go1.20.4 darwin/amd64 okta-terraform/4.0.3
    url: https://mm-oie-2022-10-07-max.oktapreview.com/api/v1/groups/rules/0pr8qsafyrEdD4iJO1d7
    method: GET
  response:
    body: '{"type":"group_rule","id":"0pr8qsafyrEdD4iJO1d7","status":"ACTIVE","name":"testAccTwo_3778815348","conditions":{"people":{"users":{"exclude":[]},"groups":{"exclude":[]}},"expression":{"value":"String.startsWith(user.firstName,\"andy\")","type":"urn:okta:expression:1.0"}},"actions":{"assignUserToGroups":{"groupIds":["00g8qs3uepusR3UIA1d7"]}},"allGroupsValid":true}'
    headers:
      Content-Type:
      - application/json
      Date:
      - Thu, 29 Jun 2023 21:56:01 GMT
    status: 200 OK
    code: 200
    duration: ""
- request:
    body: ""
    form: {}
    headers:
      Accept:
      - application/json
      Authorization:
      - SSWS REDACTED
      User-Agent:
      - okta-sdk-golang/2.17.0 golang/go1.20.4 darwin/amd64 okta-terraform/4.0.3
    url: https://mm-oie-2022-10-07-max.oktapreview.com/api/v1/groups/rules/0pr8qs4g5oRdsGtUT1d7
    method: GET
  response:
    body: '{"type":"group_rule","id":"0pr8qs4g5oRdsGtUT1d7","status":"ACTIVE","name":"testAccOne_3778815348","conditions":{"people":{"users":{"exclude":[]},"groups":{"exclude":[]}},"expression":{"value":"String.startsWith(user.firstName,\"andy\")","type":"urn:okta:expression:1.0"}},"actions":{"assignUserToGroups":{"groupIds":["00g8qs3uepusR3UIA1d7"]}},"allGroupsValid":true}'
    headers:
      Content-Type:
      - application/json
      Date:
      - Thu, 29 Jun 2023 21:56:03 GMT
    status: 200 OK
    code: 200
    duration: ""
- request:
    body: ""
    form: {}
    headers:
      Accept:
      - application/json
      Authorization:
      - SSWS REDACTED
      User-Agent:
      - okta-sdk-golang/2.17.0 golang/go1.20.4 darwin/amd64 okta-terraform/4.0.3
    url: https://mm-oie-2022-10-07-max.oktapreview.com/api/v1/groups/rules?limit=1&search=testAccTwo_3778815348
    method: GET
  response:
    body: '[{"type":"group_rule","id":"0pr8qsafyrEdD4iJO1d7","status":"ACTIVE","name":"testAccTwo_3778815348","created":"2023-06-29T21:55:58.000Z","lastUpdated":"2023-06-29T21:55:59.000Z","conditions":{"people":{"users":{"exclude":[]},"groups":{"exclude":[]}},"expression":{"value":"String.startsWith(user.firstName,\"andy\")","type":"urn:okta:expression:1.0"}},"actions":{"assignUserToGroups":{"groupIds":["00g8qs3uepusR3UIA1d7"]}},"allGroupsValid":true}]'
    headers:
      Content-Type:
      - application/json
      Date:
      - Thu, 29 Jun 2023 21:56:03 GMT
      Link:
      - <https://mm-oie-2022-10-07-max.oktapreview.com/api/v1/groups/rules?limit=1&search=testAccTwo_3778815348>; rel="self"
    status: 200 OK
    code: 200
    duration: ""
- request:
    body: ""
    form: {}
    headers:
      Accept:
      - application/json
      Authorization:
      - SSWS REDACTED
      User-Agent:
      - okta-sdk-golang/2.17.0 golang/go1.20.4 darwin/amd64 okta-terraform/4.0.3
    url: https://mm-oie-2022-10-07-max.oktapreview.com/api/v1/groups/rules/0pr8qsafyrEdD4iJO1d7
    method: GET
  response:
    body: '{"type":"group_rule","id":"0pr8qsafyrEdD4iJO1d7","status":"ACTIVE","name":"testAccTwo_3778815348","conditions":{"people":{"users":{"exclude":[]},"groups":{"exclude":[]}},"expression":{"value":"String.startsWith(user.firstName,\"andy\")","type":"urn:okta:expression:1.0"}},"actions":{"assignUserToGroups":{"groupIds":["00g8qs3uepusR3UIA1d7"]}},"allGroupsValid":true}'
    headers:
      Content-Type:
      - application/json
      Date:
      - Thu, 29 Jun 2023 21:56:03 GMT
    status: 200 OK
    code: 200
    duration: ""
- request:
    body: ""
    form: {}
    headers:
      Accept:
      - application/json
      Authorization:
      - SSWS REDACTED
      User-Agent:
      - okta-sdk-golang/2.17.0 golang/go1.20.4 darwin/amd64 okta-terraform/4.0.3
    url: https://mm-oie-2022-10-07-max.oktapreview.com/api/v1/groups/rules/0pr8qsafyrEdD4iJO1d7
    method: GET
  response:
    body: '{"type":"group_rule","id":"0pr8qsafyrEdD4iJO1d7","status":"ACTIVE","name":"testAccTwo_3778815348","conditions":{"people":{"users":{"exclude":[]},"groups":{"exclude":[]}},"expression":{"value":"String.startsWith(user.firstName,\"andy\")","type":"urn:okta:expression:1.0"}},"actions":{"assignUserToGroups":{"groupIds":["00g8qs3uepusR3UIA1d7"]}},"allGroupsValid":true}'
    headers:
      Content-Type:
      - application/json
      Date:
      - Thu, 29 Jun 2023 21:56:03 GMT
    status: 200 OK
    code: 200
    duration: ""
- request:
    body: ""
    form: {}
    headers:
      Accept:
      - application/json
      Authorization:
      - SSWS REDACTED
      User-Agent:
      - okta-sdk-golang/2.17.0 golang/go1.20.4 darwin/amd64 okta-terraform/4.0.3
    url: https://mm-oie-2022-10-07-max.oktapreview.com/api/v1/groups/00g8qs3uepusR3UIA1d7
    method: GET
  response:
    body: '{"id":"00g8qs3uepusR3UIA1d7","created":"2023-06-29T21:55:58.000Z","lastUpdated":"2023-06-29T21:55:58.000Z","lastMembershipUpdated":"2023-06-29T21:55:58.000Z","objectClass":["okta:user_group"],"type":"OKTA_GROUP","profile":{"name":"testAcc_3778815348","description":""},"_links":{"logo":[{"name":"medium","href":"https://op3static.oktacdn.com/assets/img/logos/groups/odyssey/okta-medium.1a5ebe44c4244fb796c235d86b47e3bb.png","type":"image/png"},{"name":"large","href":"https://op3static.oktacdn.com/assets/img/logos/groups/odyssey/okta-large.d9cfbd8a00a4feac1aa5612ba02e99c0.png","type":"image/png"}],"users":{"href":"https://mm-oie-2022-10-07-max.oktapreview.com/api/v1/groups/00g8qs3uepusR3UIA1d7/users"},"apps":{"href":"https://mm-oie-2022-10-07-max.oktapreview.com/api/v1/groups/00g8qs3uepusR3UIA1d7/apps"}}}'
    headers:
      Content-Type:
      - application/json
      Date:
      - Thu, 29 Jun 2023 21:56:03 GMT
    status: 200 OK
    code: 200
    duration: ""
- request:
    body: ""
    form: {}
    headers:
      Accept:
      - application/json
      Authorization:
      - SSWS REDACTED
      User-Agent:
      - okta-sdk-golang/2.17.0 golang/go1.20.4 darwin/amd64 okta-terraform/4.0.3
    url: https://mm-oie-2022-10-07-max.oktapreview.com/api/v1/groups/rules?limit=1&search=testAccTwo_3778815348
    method: GET
  response:
    body: '[{"type":"group_rule","id":"0pr8qsafyrEdD4iJO1d7","status":"ACTIVE","name":"testAccTwo_3778815348","created":"2023-06-29T21:55:58.000Z","lastUpdated":"2023-06-29T21:55:59.000Z","conditions":{"people":{"users":{"exclude":[]},"groups":{"exclude":[]}},"expression":{"value":"String.startsWith(user.firstName,\"andy\")","type":"urn:okta:expression:1.0"}},"actions":{"assignUserToGroups":{"groupIds":["00g8qs3uepusR3UIA1d7"]}},"allGroupsValid":true}]'
    headers:
      Content-Type:
      - application/json
      Date:
      - Thu, 29 Jun 2023 21:56:03 GMT
      Link:
      - <https://mm-oie-2022-10-07-max.oktapreview.com/api/v1/groups/rules?limit=1&search=testAccTwo_3778815348>; rel="self"
    status: 200 OK
    code: 200
    duration: ""
- request:
    body: ""
    form: {}
    headers:
      Accept:
      - application/json
      Authorization:
      - SSWS REDACTED
      User-Agent:
      - okta-sdk-golang/2.17.0 golang/go1.20.4 darwin/amd64 okta-terraform/4.0.3
    url: https://mm-oie-2022-10-07-max.oktapreview.com/api/v1/groups/rules/0pr8qs4g5oRdsGtUT1d7
    method: GET
  response:
    body: '{"type":"group_rule","id":"0pr8qs4g5oRdsGtUT1d7","status":"ACTIVE","name":"testAccOne_3778815348","conditions":{"people":{"users":{"exclude":[]},"groups":{"exclude":[]}},"expression":{"value":"String.startsWith(user.firstName,\"andy\")","type":"urn:okta:expression:1.0"}},"actions":{"assignUserToGroups":{"groupIds":["00g8qs3uepusR3UIA1d7"]}},"allGroupsValid":true}'
    headers:
      Content-Type:
      - application/json
      Date:
      - Thu, 29 Jun 2023 21:56:04 GMT
    status: 200 OK
    code: 200
    duration: ""
- request:
    body: ""
    form: {}
    headers:
      Accept:
      - application/json
      Authorization:
      - SSWS REDACTED
      User-Agent:
      - okta-sdk-golang/2.17.0 golang/go1.20.4 darwin/amd64 okta-terraform/4.0.3
    url: https://mm-oie-2022-10-07-max.oktapreview.com/api/v1/groups/rules/0pr8qs4g5oRdsGtUT1d7
    method: GET
  response:
    body: '{"type":"group_rule","id":"0pr8qs4g5oRdsGtUT1d7","status":"ACTIVE","name":"testAccOne_3778815348","conditions":{"people":{"users":{"exclude":[]},"groups":{"exclude":[]}},"expression":{"value":"String.startsWith(user.firstName,\"andy\")","type":"urn:okta:expression:1.0"}},"actions":{"assignUserToGroups":{"groupIds":["00g8qs3uepusR3UIA1d7"]}},"allGroupsValid":true}'
    headers:
      Content-Type:
      - application/json
      Date:
      - Thu, 29 Jun 2023 21:56:04 GMT
    status: 200 OK
    code: 200
    duration: ""
- request:
    body: ""
    form: {}
    headers:
      Accept:
      - application/json
      Authorization:
      - SSWS REDACTED
      User-Agent:
      - okta-sdk-golang/2.17.0 golang/go1.20.4 darwin/amd64 okta-terraform/4.0.3
    url: https://mm-oie-2022-10-07-max.oktapreview.com/api/v1/groups/rules/0pr8qsafyrEdD4iJO1d7
    method: GET
  response:
    body: '{"type":"group_rule","id":"0pr8qsafyrEdD4iJO1d7","status":"ACTIVE","name":"testAccTwo_3778815348","conditions":{"people":{"users":{"exclude":[]},"groups":{"exclude":[]}},"expression":{"value":"String.startsWith(user.firstName,\"andy\")","type":"urn:okta:expression:1.0"}},"actions":{"assignUserToGroups":{"groupIds":["00g8qs3uepusR3UIA1d7"]}},"allGroupsValid":true}'
    headers:
      Content-Type:
      - application/json
      Date:
      - Thu, 29 Jun 2023 21:56:04 GMT
    status: 200 OK
    code: 200
    duration: ""
- request:
    body: ""
    form: {}
    headers:
      Accept:
      - application/json
      Authorization:
      - SSWS REDACTED
      User-Agent:
      - okta-sdk-golang/2.17.0 golang/go1.20.4 darwin/amd64 okta-terraform/4.0.3
    url: https://mm-oie-2022-10-07-max.oktapreview.com/api/v1/groups/rules/0pr8qsafyrEdD4iJO1d7
    method: GET
  response:
    body: '{"type":"group_rule","id":"0pr8qsafyrEdD4iJO1d7","status":"ACTIVE","name":"testAccTwo_3778815348","conditions":{"people":{"users":{"exclude":[]},"groups":{"exclude":[]}},"expression":{"value":"String.startsWith(user.firstName,\"andy\")","type":"urn:okta:expression:1.0"}},"actions":{"assignUserToGroups":{"groupIds":["00g8qs3uepusR3UIA1d7"]}},"allGroupsValid":true}'
    headers:
      Content-Type:
      - application/json
      Date:
      - Thu, 29 Jun 2023 21:56:04 GMT
    status: 200 OK
    code: 200
    duration: ""
- request:
    body: ""
    form: {}
    headers:
      Accept:
      - application/json
      Authorization:
      - SSWS REDACTED
      User-Agent:
      - okta-sdk-golang/2.17.0 golang/go1.20.4 darwin/amd64 okta-terraform/4.0.3
    url: https://mm-oie-2022-10-07-max.oktapreview.com/api/v1/groups/rules/0pr8qsafyrEdD4iJO1d7
    method: GET
  response:
    body: '{"type":"group_rule","id":"0pr8qsafyrEdD4iJO1d7","status":"ACTIVE","name":"testAccTwo_3778815348","conditions":{"people":{"users":{"exclude":[]},"groups":{"exclude":[]}},"expression":{"value":"String.startsWith(user.firstName,\"andy\")","type":"urn:okta:expression:1.0"}},"actions":{"assignUserToGroups":{"groupIds":["00g8qs3uepusR3UIA1d7"]}},"allGroupsValid":true}'
    headers:
      Content-Type:
      - application/json
      Date:
      - Thu, 29 Jun 2023 21:56:04 GMT
    status: 200 OK
    code: 200
    duration: ""
- request:
    body: ""
    form: {}
    headers:
      Accept:
      - application/json
      Authorization:
      - SSWS REDACTED
      User-Agent:
      - okta-sdk-golang/2.17.0 golang/go1.20.4 darwin/amd64 okta-terraform/4.0.3
    url: https://mm-oie-2022-10-07-max.oktapreview.com/api/v1/groups/rules/0pr8qs4g5oRdsGtUT1d7
    method: GET
  response:
    body: '{"type":"group_rule","id":"0pr8qs4g5oRdsGtUT1d7","status":"ACTIVE","name":"testAccOne_3778815348","conditions":{"people":{"users":{"exclude":[]},"groups":{"exclude":[]}},"expression":{"value":"String.startsWith(user.firstName,\"andy\")","type":"urn:okta:expression:1.0"}},"actions":{"assignUserToGroups":{"groupIds":["00g8qs3uepusR3UIA1d7"]}},"allGroupsValid":true}'
    headers:
      Content-Type:
      - application/json
      Date:
      - Thu, 29 Jun 2023 21:56:04 GMT
    status: 200 OK
    code: 200
    duration: ""
- request:
    body: ""
    form: {}
    headers:
      Accept:
      - application/json
      Authorization:
      - SSWS REDACTED
      User-Agent:
      - okta-sdk-golang/2.17.0 golang/go1.20.4 darwin/amd64 okta-terraform/4.0.3
    url: https://mm-oie-2022-10-07-max.oktapreview.com/api/v1/groups/rules?limit=1&search=testAccTwo_3778815348
    method: GET
  response:
    body: '[{"type":"group_rule","id":"0pr8qsafyrEdD4iJO1d7","status":"ACTIVE","name":"testAccTwo_3778815348","created":"2023-06-29T21:55:58.000Z","lastUpdated":"2023-06-29T21:55:59.000Z","conditions":{"people":{"users":{"exclude":[]},"groups":{"exclude":[]}},"expression":{"value":"String.startsWith(user.firstName,\"andy\")","type":"urn:okta:expression:1.0"}},"actions":{"assignUserToGroups":{"groupIds":["00g8qs3uepusR3UIA1d7"]}},"allGroupsValid":true}]'
    headers:
      Content-Type:
      - application/json
      Date:
      - Thu, 29 Jun 2023 21:56:04 GMT
      Link:
      - <https://mm-oie-2022-10-07-max.oktapreview.com/api/v1/groups/rules?limit=1&search=testAccTwo_3778815348>; rel="self"
    status: 200 OK
    code: 200
    duration: ""
- request:
    body: ""
    form: {}
    headers:
      Accept:
      - application/json
      Authorization:
      - SSWS REDACTED
      User-Agent:
      - okta-sdk-golang/2.17.0 golang/go1.20.4 darwin/amd64 okta-terraform/4.0.3
    url: https://mm-oie-2022-10-07-max.oktapreview.com/api/v1/groups/rules/0pr8qsafyrEdD4iJO1d7
    method: GET
  response:
    body: '{"type":"group_rule","id":"0pr8qsafyrEdD4iJO1d7","status":"ACTIVE","name":"testAccTwo_3778815348","conditions":{"people":{"users":{"exclude":[]},"groups":{"exclude":[]}},"expression":{"value":"String.startsWith(user.firstName,\"andy\")","type":"urn:okta:expression:1.0"}},"actions":{"assignUserToGroups":{"groupIds":["00g8qs3uepusR3UIA1d7"]}},"allGroupsValid":true}'
    headers:
      Content-Type:
      - application/json
      Date:
      - Thu, 29 Jun 2023 21:56:04 GMT
    status: 200 OK
    code: 200
    duration: ""
- request:
    body: ""
    form: {}
    headers:
      Accept:
      - application/json
      Authorization:
      - SSWS REDACTED
      User-Agent:
      - okta-sdk-golang/2.17.0 golang/go1.20.4 darwin/amd64 okta-terraform/4.0.3
    url: https://mm-oie-2022-10-07-max.oktapreview.com/api/v1/groups/rules/0pr8qsafyrEdD4iJO1d7
    method: GET
  response:
    body: '{"type":"group_rule","id":"0pr8qsafyrEdD4iJO1d7","status":"ACTIVE","name":"testAccTwo_3778815348","conditions":{"people":{"users":{"exclude":[]},"groups":{"exclude":[]}},"expression":{"value":"String.startsWith(user.firstName,\"andy\")","type":"urn:okta:expression:1.0"}},"actions":{"assignUserToGroups":{"groupIds":["00g8qs3uepusR3UIA1d7"]}},"allGroupsValid":true}'
    headers:
      Content-Type:
      - application/json
      Date:
      - Thu, 29 Jun 2023 21:56:04 GMT
    status: 200 OK
    code: 200
    duration: ""
- request:
    body: ""
    form: {}
    headers:
      Accept:
      - application/json
      Authorization:
      - SSWS REDACTED
      User-Agent:
      - okta-sdk-golang/2.17.0 golang/go1.20.4 darwin/amd64 okta-terraform/4.0.3
    url: https://mm-oie-2022-10-07-max.oktapreview.com/api/v1/groups/rules/0pr8qsafyrEdD4iJO1d7/lifecycle/deactivate
    method: POST
  response:
    body: ""
    headers:
      Date:
      - Thu, 29 Jun 2023 21:56:04 GMT
    status: 204 No Content
    code: 204
    duration: ""
- request:
    body: ""
    form: {}
    headers:
      Accept:
      - application/json
      Authorization:
      - SSWS REDACTED
      User-Agent:
      - okta-sdk-golang/2.17.0 golang/go1.20.4 darwin/amd64 okta-terraform/4.0.3
    url: https://mm-oie-2022-10-07-max.oktapreview.com/api/v1/groups/rules/0pr8qsafyrEdD4iJO1d7?removeUsers=false
    method: DELETE
  response:
    body: '{}'
    headers:
      Content-Type:
      - application/json
      Date:
      - Thu, 29 Jun 2023 21:56:05 GMT
    status: 202 Accepted
    code: 202
    duration: ""
- request:
    body: ""
    form: {}
    headers:
      Accept:
      - application/json
      Authorization:
      - SSWS REDACTED
      User-Agent:
      - okta-sdk-golang/2.17.0 golang/go1.20.4 darwin/amd64 okta-terraform/4.0.3
    url: https://mm-oie-2022-10-07-max.oktapreview.com/api/v1/groups/rules/0pr8qs4g5oRdsGtUT1d7/lifecycle/deactivate
    method: POST
  response:
    body: ""
    headers:
      Date:
      - Thu, 29 Jun 2023 21:56:05 GMT
    status: 204 No Content
    code: 204
    duration: ""
- request:
    body: ""
    form: {}
    headers:
      Accept:
      - application/json
      Authorization:
      - SSWS REDACTED
      User-Agent:
      - okta-sdk-golang/2.17.0 golang/go1.20.4 darwin/amd64 okta-terraform/4.0.3
    url: https://mm-oie-2022-10-07-max.oktapreview.com/api/v1/groups/rules/0pr8qs4g5oRdsGtUT1d7?removeUsers=false
    method: DELETE
  response:
    body: '{}'
    headers:
      Content-Type:
      - application/json
      Date:
      - Thu, 29 Jun 2023 21:56:05 GMT
    status: 202 Accepted
    code: 202
    duration: ""
- request:
    body: ""
    form: {}
    headers:
      Accept:
      - application/json
      Authorization:
      - SSWS REDACTED
      User-Agent:
      - okta-sdk-golang/2.17.0 golang/go1.20.4 darwin/amd64 okta-terraform/4.0.3
    url: https://mm-oie-2022-10-07-max.oktapreview.com/api/v1/groups/00g8qs3uepusR3UIA1d7
    method: DELETE
  response:
    body: ""
    headers:
      Date:
      - Thu, 29 Jun 2023 21:56:05 GMT
    status: 204 No Content
    code: 204
    duration: ""
