---
version: 1
interactions:
- request:
    body: ""
    form: {}
    headers:
      Accept:
      - application/json
      Authorization:
      - SSWS REDACTED
      User-Agent:
      - okta-sdk-golang/2.17.0 golang/go1.20.2 darwin/arm64 okta-terraform/3.44.0
    url: https://mm-oie-2022-10-07-max.oktapreview.com/api/v1/groups/rules/
    method: GET
  response:
    body: '[]'
    headers:
      Content-Type:
      - application/json
      Date:
      - Thu, 06 Apr 2023 19:40:09 GMT
      Link:
      - <https://mm-oie-2022-10-07-max.oktapreview.com/api/v1/groups/rules?limit=50>; rel="self"
    status: 200 OK
    code: 200
    duration: ""
- request:
    body: ""
    form: {}
    headers:
      Accept:
      - application/json
      Authorization:
      - SSWS REDACTED
      User-Agent:
      - okta-sdk-golang/2.17.0 golang/go1.20.2 darwin/arm64 okta-terraform/3.44.0
    url: https://mm-oie-2022-10-07-max.oktapreview.com/api/v1/groups/rules/
    method: GET
  response:
    body: '[]'
    headers:
      Content-Type:
      - application/json
      Date:
      - Thu, 06 Apr 2023 19:40:09 GMT
      Link:
      - <https://mm-oie-2022-10-07-max.oktapreview.com/api/v1/groups/rules?limit=50>; rel="self"
    status: 200 OK
    code: 200
    duration: ""
- request:
    body: |
      {"profile":{"name":"TestACC Group A","description":"Group A"}}
    form: {}
    headers:
      Accept:
      - application/json
      Authorization:
      - SSWS REDACTED
      Content-Type:
      - application/json
      User-Agent:
      - okta-sdk-golang/2.17.0 golang/go1.20.2 darwin/arm64 okta-terraform/3.44.0
    url: https://mm-oie-2022-10-07-max.oktapreview.com/api/v1/groups
    method: POST
  response:
    body: '{"id":"00g7l8jmv0PARiePn1d7","created":"2023-04-06T19:40:09.000Z","lastUpdated":"2023-04-06T19:40:09.000Z","lastMembershipUpdated":"2023-04-06T19:40:09.000Z","objectClass":["okta:user_group"],"type":"OKTA_GROUP","profile":{"name":"TestACC Group A","description":"Group A"},"_links":{"logo":[{"name":"medium","href":"https://op3static.oktacdn.com/assets/img/logos/groups/odyssey/okta-medium.1a5ebe44c4244fb796c235d86b47e3bb.png","type":"image/png"},{"name":"large","href":"https://op3static.oktacdn.com/assets/img/logos/groups/odyssey/okta-large.d9cfbd8a00a4feac1aa5612ba02e99c0.png","type":"image/png"}],"users":{"href":"https://mm-oie-2022-10-07-max.oktapreview.com/api/v1/groups/00g7l8jmv0PARiePn1d7/users"},"apps":{"href":"https://mm-oie-2022-10-07-max.oktapreview.com/api/v1/groups/00g7l8jmv0PARiePn1d7/apps"}}}'
    headers:
      Content-Type:
      - application/json
      Date:
      - Thu, 06 Apr 2023 19:40:09 GMT
    status: 200 OK
    code: 200
    duration: ""
- request:
    body: |
      {"profile":{"name":"TestACC Group B","description":"Group B"}}
    form: {}
    headers:
      Accept:
      - application/json
      Authorization:
      - SSWS REDACTED
      Content-Type:
      - application/json
      User-Agent:
      - okta-sdk-golang/2.17.0 golang/go1.20.2 darwin/arm64 okta-terraform/3.44.0
    url: https://mm-oie-2022-10-07-max.oktapreview.com/api/v1/groups
    method: POST
  response:
    body: '{"id":"00g7l8j84aFXpYCir1d7","created":"2023-04-06T19:40:09.000Z","lastUpdated":"2023-04-06T19:40:09.000Z","lastMembershipUpdated":"2023-04-06T19:40:09.000Z","objectClass":["okta:user_group"],"type":"OKTA_GROUP","profile":{"name":"TestACC Group B","description":"Group B"},"_links":{"logo":[{"name":"medium","href":"https://op3static.oktacdn.com/assets/img/logos/groups/odyssey/okta-medium.1a5ebe44c4244fb796c235d86b47e3bb.png","type":"image/png"},{"name":"large","href":"https://op3static.oktacdn.com/assets/img/logos/groups/odyssey/okta-large.d9cfbd8a00a4feac1aa5612ba02e99c0.png","type":"image/png"}],"users":{"href":"https://mm-oie-2022-10-07-max.oktapreview.com/api/v1/groups/00g7l8j84aFXpYCir1d7/users"},"apps":{"href":"https://mm-oie-2022-10-07-max.oktapreview.com/api/v1/groups/00g7l8j84aFXpYCir1d7/apps"}}}'
    headers:
      Content-Type:
      - application/json
      Date:
      - Thu, 06 Apr 2023 19:40:09 GMT
    status: 200 OK
    code: 200
    duration: ""
- request:
    body: ""
    form: {}
    headers:
      Accept:
      - application/json
      Authorization:
      - SSWS REDACTED
      User-Agent:
      - okta-sdk-golang/2.17.0 golang/go1.20.2 darwin/arm64 okta-terraform/3.44.0
    url: https://mm-oie-2022-10-07-max.oktapreview.com/api/v1/groups/00g7l8j84aFXpYCir1d7
    method: GET
  response:
    body: '{"id":"00g7l8j84aFXpYCir1d7","created":"2023-04-06T19:40:09.000Z","lastUpdated":"2023-04-06T19:40:09.000Z","lastMembershipUpdated":"2023-04-06T19:40:09.000Z","objectClass":["okta:user_group"],"type":"OKTA_GROUP","profile":{"name":"TestACC Group B","description":"Group B"},"_links":{"logo":[{"name":"medium","href":"https://op3static.oktacdn.com/assets/img/logos/groups/odyssey/okta-medium.1a5ebe44c4244fb796c235d86b47e3bb.png","type":"image/png"},{"name":"large","href":"https://op3static.oktacdn.com/assets/img/logos/groups/odyssey/okta-large.d9cfbd8a00a4feac1aa5612ba02e99c0.png","type":"image/png"}],"users":{"href":"https://mm-oie-2022-10-07-max.oktapreview.com/api/v1/groups/00g7l8j84aFXpYCir1d7/users"},"apps":{"href":"https://mm-oie-2022-10-07-max.oktapreview.com/api/v1/groups/00g7l8j84aFXpYCir1d7/apps"}}}'
    headers:
      Content-Type:
      - application/json
      Date:
      - Thu, 06 Apr 2023 19:40:09 GMT
    status: 200 OK
    code: 200
    duration: ""
- request:
    body: ""
    form: {}
    headers:
      Accept:
      - application/json
      Authorization:
      - SSWS REDACTED
      User-Agent:
      - okta-sdk-golang/2.17.0 golang/go1.20.2 darwin/arm64 okta-terraform/3.44.0
    url: https://mm-oie-2022-10-07-max.oktapreview.com/api/v1/groups/00g7l8jmv0PARiePn1d7
    method: GET
  response:
    body: '{"id":"00g7l8jmv0PARiePn1d7","created":"2023-04-06T19:40:09.000Z","lastUpdated":"2023-04-06T19:40:09.000Z","lastMembershipUpdated":"2023-04-06T19:40:09.000Z","objectClass":["okta:user_group"],"type":"OKTA_GROUP","profile":{"name":"TestACC Group A","description":"Group A"},"_links":{"logo":[{"name":"medium","href":"https://op3static.oktacdn.com/assets/img/logos/groups/odyssey/okta-medium.1a5ebe44c4244fb796c235d86b47e3bb.png","type":"image/png"},{"name":"large","href":"https://op3static.oktacdn.com/assets/img/logos/groups/odyssey/okta-large.d9cfbd8a00a4feac1aa5612ba02e99c0.png","type":"image/png"}],"users":{"href":"https://mm-oie-2022-10-07-max.oktapreview.com/api/v1/groups/00g7l8jmv0PARiePn1d7/users"},"apps":{"href":"https://mm-oie-2022-10-07-max.oktapreview.com/api/v1/groups/00g7l8jmv0PARiePn1d7/apps"}}}'
    headers:
      Content-Type:
      - application/json
      Date:
      - Thu, 06 Apr 2023 19:40:09 GMT
    status: 200 OK
    code: 200
    duration: ""
- request:
    body: |
      {"credentials":{"password":{}},"profile":{"email":"testAcc1-replace_with_uuid@example.com","firstName":"TestAcc","lastName":"Smith1","login":"testAcc1-replace_with_uuid@example.com","postalAddress":null}}
    form: {}
    headers:
      Accept:
      - application/json
      Authorization:
      - SSWS REDACTED
      Content-Type:
      - application/json
      User-Agent:
      - okta-sdk-golang/2.17.0 golang/go1.20.2 darwin/arm64 okta-terraform/3.44.0
    url: https://mm-oie-2022-10-07-max.oktapreview.com/api/v1/users
    method: POST
  response:
    body: '{"id":"00u7l8kfuckmhTbdr1d7","status":"PROVISIONED","created":"2023-04-06T19:40:09.000Z","activated":"2023-04-06T19:40:09.000Z","statusChanged":"2023-04-06T19:40:09.000Z","lastLogin":null,"lastUpdated":"2023-04-06T19:40:09.000Z","passwordChanged":null,"type":{"id":"oty5qwjvh0Vy1j8Kd1d7"},"profile":{"firstName":"TestAcc","lastName":"Smith1","mobilePhone":null,"secondEmail":null,"login":"testAcc1-replace_with_uuid@example.com","email":"testAcc1-replace_with_uuid@example.com"},"credentials":{"provider":{"type":"OKTA","name":"OKTA"}},"_links":{"suspend":{"href":"https://mm-oie-2022-10-07-max.oktapreview.com/api/v1/users/00u7l8kfuckmhTbdr1d7/lifecycle/suspend","method":"POST"},"schema":{"href":"https://mm-oie-2022-10-07-max.oktapreview.com/api/v1/meta/schemas/user/osc5qwjvh0Vy1j8Kd1d7"},"resetPassword":{"href":"https://mm-oie-2022-10-07-max.oktapreview.com/api/v1/users/00u7l8kfuckmhTbdr1d7/lifecycle/reset_password","method":"POST"},"reactivate":{"href":"https://mm-oie-2022-10-07-max.oktapreview.com/api/v1/users/00u7l8kfuckmhTbdr1d7/lifecycle/reactivate","method":"POST"},"self":{"href":"https://mm-oie-2022-10-07-max.oktapreview.com/api/v1/users/00u7l8kfuckmhTbdr1d7"},"resetFactors":{"href":"https://mm-oie-2022-10-07-max.oktapreview.com/api/v1/users/00u7l8kfuckmhTbdr1d7/lifecycle/reset_factors","method":"POST"},"type":{"href":"https://mm-oie-2022-10-07-max.oktapreview.com/api/v1/meta/types/user/oty5qwjvh0Vy1j8Kd1d7"},"deactivate":{"href":"https://mm-oie-2022-10-07-max.oktapreview.com/api/v1/users/00u7l8kfuckmhTbdr1d7/lifecycle/deactivate","method":"POST"}}}'
    headers:
      Content-Type:
      - application/json
      Date:
      - Thu, 06 Apr 2023 19:40:09 GMT
    status: 200 OK
    code: 200
    duration: ""
- request:
    body: ""
    form: {}
    headers:
      Accept:
      - application/json
      Authorization:
      - SSWS REDACTED
      User-Agent:
      - okta-sdk-golang/2.17.0 golang/go1.20.2 darwin/arm64 okta-terraform/3.44.0
    url: https://mm-oie-2022-10-07-max.oktapreview.com/api/v1/groups/00g7l8jmv0PARiePn1d7
    method: GET
  response:
    body: '{"id":"00g7l8jmv0PARiePn1d7","created":"2023-04-06T19:40:09.000Z","lastUpdated":"2023-04-06T19:40:09.000Z","lastMembershipUpdated":"2023-04-06T19:40:09.000Z","objectClass":["okta:user_group"],"type":"OKTA_GROUP","profile":{"name":"TestACC Group A","description":"Group A"},"_links":{"logo":[{"name":"medium","href":"https://op3static.oktacdn.com/assets/img/logos/groups/odyssey/okta-medium.1a5ebe44c4244fb796c235d86b47e3bb.png","type":"image/png"},{"name":"large","href":"https://op3static.oktacdn.com/assets/img/logos/groups/odyssey/okta-large.d9cfbd8a00a4feac1aa5612ba02e99c0.png","type":"image/png"}],"users":{"href":"https://mm-oie-2022-10-07-max.oktapreview.com/api/v1/groups/00g7l8jmv0PARiePn1d7/users"},"apps":{"href":"https://mm-oie-2022-10-07-max.oktapreview.com/api/v1/groups/00g7l8jmv0PARiePn1d7/apps"}}}'
    headers:
      Content-Type:
      - application/json
      Date:
      - Thu, 06 Apr 2023 19:40:09 GMT
    status: 200 OK
    code: 200
    duration: ""
- request:
    body: ""
    form: {}
    headers:
      Accept:
      - application/json
      Authorization:
      - SSWS REDACTED
      User-Agent:
      - okta-sdk-golang/2.17.0 golang/go1.20.2 darwin/arm64 okta-terraform/3.44.0
    url: https://mm-oie-2022-10-07-max.oktapreview.com/api/v1/groups/00g7l8j84aFXpYCir1d7
    method: GET
  response:
    body: '{"id":"00g7l8j84aFXpYCir1d7","created":"2023-04-06T19:40:09.000Z","lastUpdated":"2023-04-06T19:40:09.000Z","lastMembershipUpdated":"2023-04-06T19:40:09.000Z","objectClass":["okta:user_group"],"type":"OKTA_GROUP","profile":{"name":"TestACC Group B","description":"Group B"},"_links":{"logo":[{"name":"medium","href":"https://op3static.oktacdn.com/assets/img/logos/groups/odyssey/okta-medium.1a5ebe44c4244fb796c235d86b47e3bb.png","type":"image/png"},{"name":"large","href":"https://op3static.oktacdn.com/assets/img/logos/groups/odyssey/okta-large.d9cfbd8a00a4feac1aa5612ba02e99c0.png","type":"image/png"}],"users":{"href":"https://mm-oie-2022-10-07-max.oktapreview.com/api/v1/groups/00g7l8j84aFXpYCir1d7/users"},"apps":{"href":"https://mm-oie-2022-10-07-max.oktapreview.com/api/v1/groups/00g7l8j84aFXpYCir1d7/apps"}}}'
    headers:
      Content-Type:
      - application/json
      Date:
      - Thu, 06 Apr 2023 19:40:09 GMT
    status: 200 OK
    code: 200
    duration: ""
- request:
    body: |
      {"credentials":{"password":{}},"profile":{"email":"testAcc2-replace_with_uuid@example.com","firstName":"TestAcc","lastName":"Smith2","login":"testAcc2-replace_with_uuid@example.com","postalAddress":null}}
    form: {}
    headers:
      Accept:
      - application/json
      Authorization:
      - SSWS REDACTED
      Content-Type:
      - application/json
      User-Agent:
      - okta-sdk-golang/2.17.0 golang/go1.20.2 darwin/arm64 okta-terraform/3.44.0
    url: https://mm-oie-2022-10-07-max.oktapreview.com/api/v1/users
    method: POST
  response:
    body: '{"id":"00u7l8jjnjK9yTm0J1d7","status":"PROVISIONED","created":"2023-04-06T19:40:09.000Z","activated":"2023-04-06T19:40:10.000Z","statusChanged":"2023-04-06T19:40:10.000Z","lastLogin":null,"lastUpdated":"2023-04-06T19:40:10.000Z","passwordChanged":null,"type":{"id":"oty5qwjvh0Vy1j8Kd1d7"},"profile":{"firstName":"TestAcc","lastName":"Smith2","mobilePhone":null,"secondEmail":null,"login":"testAcc2-replace_with_uuid@example.com","email":"testAcc2-replace_with_uuid@example.com"},"credentials":{"provider":{"type":"OKTA","name":"OKTA"}},"_links":{"suspend":{"href":"https://mm-oie-2022-10-07-max.oktapreview.com/api/v1/users/00u7l8jjnjK9yTm0J1d7/lifecycle/suspend","method":"POST"},"schema":{"href":"https://mm-oie-2022-10-07-max.oktapreview.com/api/v1/meta/schemas/user/osc5qwjvh0Vy1j8Kd1d7"},"resetPassword":{"href":"https://mm-oie-2022-10-07-max.oktapreview.com/api/v1/users/00u7l8jjnjK9yTm0J1d7/lifecycle/reset_password","method":"POST"},"reactivate":{"href":"https://mm-oie-2022-10-07-max.oktapreview.com/api/v1/users/00u7l8jjnjK9yTm0J1d7/lifecycle/reactivate","method":"POST"},"self":{"href":"https://mm-oie-2022-10-07-max.oktapreview.com/api/v1/users/00u7l8jjnjK9yTm0J1d7"},"resetFactors":{"href":"https://mm-oie-2022-10-07-max.oktapreview.com/api/v1/users/00u7l8jjnjK9yTm0J1d7/lifecycle/reset_factors","method":"POST"},"type":{"href":"https://mm-oie-2022-10-07-max.oktapreview.com/api/v1/meta/types/user/oty5qwjvh0Vy1j8Kd1d7"},"deactivate":{"href":"https://mm-oie-2022-10-07-max.oktapreview.com/api/v1/users/00u7l8jjnjK9yTm0J1d7/lifecycle/deactivate","method":"POST"}}}'
    headers:
      Content-Type:
      - application/json
      Date:
      - Thu, 06 Apr 2023 19:40:10 GMT
    status: 200 OK
    code: 200
    duration: ""
- request:
    body: ""
    form: {}
    headers:
      Accept:
      - application/json
      Authorization:
      - SSWS REDACTED
      User-Agent:
      - okta-sdk-golang/2.17.0 golang/go1.20.2 darwin/arm64 okta-terraform/3.44.0
    url: https://mm-oie-2022-10-07-max.oktapreview.com/api/v1/users/00u7l8kfuckmhTbdr1d7
    method: GET
  response:
    body: '{"id":"00u7l8kfuckmhTbdr1d7","status":"PROVISIONED","created":"2023-04-06T19:40:09.000Z","activated":"2023-04-06T19:40:09.000Z","statusChanged":"2023-04-06T19:40:09.000Z","lastLogin":null,"lastUpdated":"2023-04-06T19:40:09.000Z","passwordChanged":null,"type":{"id":"oty5qwjvh0Vy1j8Kd1d7"},"profile":{"firstName":"TestAcc","lastName":"Smith1","mobilePhone":null,"secondEmail":null,"login":"testAcc1-replace_with_uuid@example.com","email":"testAcc1-replace_with_uuid@example.com"},"credentials":{"provider":{"type":"OKTA","name":"OKTA"}},"_links":{"suspend":{"href":"https://mm-oie-2022-10-07-max.oktapreview.com/api/v1/users/00u7l8kfuckmhTbdr1d7/lifecycle/suspend","method":"POST"},"schema":{"href":"https://mm-oie-2022-10-07-max.oktapreview.com/api/v1/meta/schemas/user/osc5qwjvh0Vy1j8Kd1d7"},"resetPassword":{"href":"https://mm-oie-2022-10-07-max.oktapreview.com/api/v1/users/00u7l8kfuckmhTbdr1d7/lifecycle/reset_password","method":"POST"},"reactivate":{"href":"https://mm-oie-2022-10-07-max.oktapreview.com/api/v1/users/00u7l8kfuckmhTbdr1d7/lifecycle/reactivate","method":"POST"},"self":{"href":"https://mm-oie-2022-10-07-max.oktapreview.com/api/v1/users/00u7l8kfuckmhTbdr1d7"},"resetFactors":{"href":"https://mm-oie-2022-10-07-max.oktapreview.com/api/v1/users/00u7l8kfuckmhTbdr1d7/lifecycle/reset_factors","method":"POST"},"type":{"href":"https://mm-oie-2022-10-07-max.oktapreview.com/api/v1/meta/types/user/oty5qwjvh0Vy1j8Kd1d7"},"deactivate":{"href":"https://mm-oie-2022-10-07-max.oktapreview.com/api/v1/users/00u7l8kfuckmhTbdr1d7/lifecycle/deactivate","method":"POST"}}}'
    headers:
      Content-Type:
      - application/json
      Date:
      - Thu, 06 Apr 2023 19:40:10 GMT
      Report-To:
      - '{"group":"csp","max_age":31536000,"endpoints":[{"url":"https://oktacsp.report-uri.com/a/t/g"}],"include_subdomains":true}'
    status: 200 OK
    code: 200
    duration: ""
- request:
    body: ""
    form: {}
    headers:
      Accept:
      - application/json
      Authorization:
      - SSWS REDACTED
      User-Agent:
      - okta-sdk-golang/2.17.0 golang/go1.20.2 darwin/arm64 okta-terraform/3.44.0
    url: https://mm-oie-2022-10-07-max.oktapreview.com/api/v1/users/00u7l8jjnjK9yTm0J1d7
    method: GET
  response:
    body: '{"id":"00u7l8jjnjK9yTm0J1d7","status":"PROVISIONED","created":"2023-04-06T19:40:09.000Z","activated":"2023-04-06T19:40:10.000Z","statusChanged":"2023-04-06T19:40:10.000Z","lastLogin":null,"lastUpdated":"2023-04-06T19:40:10.000Z","passwordChanged":null,"type":{"id":"oty5qwjvh0Vy1j8Kd1d7"},"profile":{"firstName":"TestAcc","lastName":"Smith2","mobilePhone":null,"secondEmail":null,"login":"testAcc2-replace_with_uuid@example.com","email":"testAcc2-replace_with_uuid@example.com"},"credentials":{"provider":{"type":"OKTA","name":"OKTA"}},"_links":{"suspend":{"href":"https://mm-oie-2022-10-07-max.oktapreview.com/api/v1/users/00u7l8jjnjK9yTm0J1d7/lifecycle/suspend","method":"POST"},"schema":{"href":"https://mm-oie-2022-10-07-max.oktapreview.com/api/v1/meta/schemas/user/osc5qwjvh0Vy1j8Kd1d7"},"resetPassword":{"href":"https://mm-oie-2022-10-07-max.oktapreview.com/api/v1/users/00u7l8jjnjK9yTm0J1d7/lifecycle/reset_password","method":"POST"},"reactivate":{"href":"https://mm-oie-2022-10-07-max.oktapreview.com/api/v1/users/00u7l8jjnjK9yTm0J1d7/lifecycle/reactivate","method":"POST"},"self":{"href":"https://mm-oie-2022-10-07-max.oktapreview.com/api/v1/users/00u7l8jjnjK9yTm0J1d7"},"resetFactors":{"href":"https://mm-oie-2022-10-07-max.oktapreview.com/api/v1/users/00u7l8jjnjK9yTm0J1d7/lifecycle/reset_factors","method":"POST"},"type":{"href":"https://mm-oie-2022-10-07-max.oktapreview.com/api/v1/meta/types/user/oty5qwjvh0Vy1j8Kd1d7"},"deactivate":{"href":"https://mm-oie-2022-10-07-max.oktapreview.com/api/v1/users/00u7l8jjnjK9yTm0J1d7/lifecycle/deactivate","method":"POST"}}}'
    headers:
      Content-Type:
      - application/json
      Date:
      - Thu, 06 Apr 2023 19:40:10 GMT
      Report-To:
      - '{"group":"csp","max_age":31536000,"endpoints":[{"url":"https://oktacsp.report-uri.com/a/t/g"}],"include_subdomains":true}'
    status: 200 OK
    code: 200
    duration: ""
- request:
    body: ""
    form: {}
    headers:
      Accept:
      - application/json
      Authorization:
      - SSWS REDACTED
      User-Agent:
      - okta-sdk-golang/2.17.0 golang/go1.20.2 darwin/arm64 okta-terraform/3.44.0
    url: https://mm-oie-2022-10-07-max.oktapreview.com/api/v1/users/00u7l8kfuckmhTbdr1d7/roles
    method: GET
  response:
    body: '[]'
    headers:
      Content-Type:
      - application/json
      Date:
      - Thu, 06 Apr 2023 19:40:10 GMT
    status: 200 OK
    code: 200
    duration: ""
- request:
    body: ""
    form: {}
    headers:
      Accept:
      - application/json
      Authorization:
      - SSWS REDACTED
      User-Agent:
      - okta-sdk-golang/2.17.0 golang/go1.20.2 darwin/arm64 okta-terraform/3.44.0
    url: https://mm-oie-2022-10-07-max.oktapreview.com/api/v1/users/00u7l8jjnjK9yTm0J1d7/roles
    method: GET
  response:
    body: '[]'
    headers:
      Content-Type:
      - application/json
      Date:
      - Thu, 06 Apr 2023 19:40:10 GMT
    status: 200 OK
    code: 200
    duration: ""
- request:
    body: |
      {"credentials":{"password":{}},"profile":{"email":"testAcc3-replace_with_uuid@example.com","firstName":"TestAcc","lastName":"Smith3","login":"testAcc3-replace_with_uuid@example.com","postalAddress":null}}
    form: {}
    headers:
      Accept:
      - application/json
      Authorization:
      - SSWS REDACTED
      Content-Type:
      - application/json
      User-Agent:
      - okta-sdk-golang/2.17.0 golang/go1.20.2 darwin/arm64 okta-terraform/3.44.0
    url: https://mm-oie-2022-10-07-max.oktapreview.com/api/v1/users
    method: POST
  response:
    body: '{"id":"00u7l8jf6tVkG86TP1d7","status":"PROVISIONED","created":"2023-04-06T19:40:10.000Z","activated":"2023-04-06T19:40:10.000Z","statusChanged":"2023-04-06T19:40:10.000Z","lastLogin":null,"lastUpdated":"2023-04-06T19:40:10.000Z","passwordChanged":null,"type":{"id":"oty5qwjvh0Vy1j8Kd1d7"},"profile":{"firstName":"TestAcc","lastName":"Smith3","mobilePhone":null,"secondEmail":null,"login":"testAcc3-replace_with_uuid@example.com","email":"testAcc3-replace_with_uuid@example.com"},"credentials":{"provider":{"type":"OKTA","name":"OKTA"}},"_links":{"suspend":{"href":"https://mm-oie-2022-10-07-max.oktapreview.com/api/v1/users/00u7l8jf6tVkG86TP1d7/lifecycle/suspend","method":"POST"},"schema":{"href":"https://mm-oie-2022-10-07-max.oktapreview.com/api/v1/meta/schemas/user/osc5qwjvh0Vy1j8Kd1d7"},"resetPassword":{"href":"https://mm-oie-2022-10-07-max.oktapreview.com/api/v1/users/00u7l8jf6tVkG86TP1d7/lifecycle/reset_password","method":"POST"},"reactivate":{"href":"https://mm-oie-2022-10-07-max.oktapreview.com/api/v1/users/00u7l8jf6tVkG86TP1d7/lifecycle/reactivate","method":"POST"},"self":{"href":"https://mm-oie-2022-10-07-max.oktapreview.com/api/v1/users/00u7l8jf6tVkG86TP1d7"},"resetFactors":{"href":"https://mm-oie-2022-10-07-max.oktapreview.com/api/v1/users/00u7l8jf6tVkG86TP1d7/lifecycle/reset_factors","method":"POST"},"type":{"href":"https://mm-oie-2022-10-07-max.oktapreview.com/api/v1/meta/types/user/oty5qwjvh0Vy1j8Kd1d7"},"deactivate":{"href":"https://mm-oie-2022-10-07-max.oktapreview.com/api/v1/users/00u7l8jf6tVkG86TP1d7/lifecycle/deactivate","method":"POST"}}}'
    headers:
      Content-Type:
      - application/json
      Date:
      - Thu, 06 Apr 2023 19:40:10 GMT
    status: 200 OK
    code: 200
    duration: ""
- request:
    body: |
      {"credentials":{"password":{}},"profile":{"email":"testAcc5-replace_with_uuid@example.com","firstName":"TestAcc","lastName":"Smith5","login":"testAcc5-replace_with_uuid@example.com","postalAddress":null}}
    form: {}
    headers:
      Accept:
      - application/json
      Authorization:
      - SSWS REDACTED
      Content-Type:
      - application/json
      User-Agent:
      - okta-sdk-golang/2.17.0 golang/go1.20.2 darwin/arm64 okta-terraform/3.44.0
    url: https://mm-oie-2022-10-07-max.oktapreview.com/api/v1/users
    method: POST
  response:
    body: '{"id":"00u7l8ky9xm5t8D1N1d7","status":"PROVISIONED","created":"2023-04-06T19:40:10.000Z","activated":"2023-04-06T19:40:10.000Z","statusChanged":"2023-04-06T19:40:10.000Z","lastLogin":null,"lastUpdated":"2023-04-06T19:40:10.000Z","passwordChanged":null,"type":{"id":"oty5qwjvh0Vy1j8Kd1d7"},"profile":{"firstName":"TestAcc","lastName":"Smith5","mobilePhone":null,"secondEmail":null,"login":"testAcc5-replace_with_uuid@example.com","email":"testAcc5-replace_with_uuid@example.com"},"credentials":{"provider":{"type":"OKTA","name":"OKTA"}},"_links":{"suspend":{"href":"https://mm-oie-2022-10-07-max.oktapreview.com/api/v1/users/00u7l8ky9xm5t8D1N1d7/lifecycle/suspend","method":"POST"},"schema":{"href":"https://mm-oie-2022-10-07-max.oktapreview.com/api/v1/meta/schemas/user/osc5qwjvh0Vy1j8Kd1d7"},"resetPassword":{"href":"https://mm-oie-2022-10-07-max.oktapreview.com/api/v1/users/00u7l8ky9xm5t8D1N1d7/lifecycle/reset_password","method":"POST"},"reactivate":{"href":"https://mm-oie-2022-10-07-max.oktapreview.com/api/v1/users/00u7l8ky9xm5t8D1N1d7/lifecycle/reactivate","method":"POST"},"self":{"href":"https://mm-oie-2022-10-07-max.oktapreview.com/api/v1/users/00u7l8ky9xm5t8D1N1d7"},"resetFactors":{"href":"https://mm-oie-2022-10-07-max.oktapreview.com/api/v1/users/00u7l8ky9xm5t8D1N1d7/lifecycle/reset_factors","method":"POST"},"type":{"href":"https://mm-oie-2022-10-07-max.oktapreview.com/api/v1/meta/types/user/oty5qwjvh0Vy1j8Kd1d7"},"deactivate":{"href":"https://mm-oie-2022-10-07-max.oktapreview.com/api/v1/users/00u7l8ky9xm5t8D1N1d7/lifecycle/deactivate","method":"POST"}}}'
    headers:
      Content-Type:
      - application/json
      Date:
      - Thu, 06 Apr 2023 19:40:10 GMT
    status: 200 OK
    code: 200
    duration: ""
- request:
    body: |
      {"credentials":{"password":{}},"profile":{"email":"testAcc4-replace_with_uuid@example.com","firstName":"TestAcc","lastName":"Smith4","login":"testAcc4-replace_with_uuid@example.com","postalAddress":null}}
    form: {}
    headers:
      Accept:
      - application/json
      Authorization:
      - SSWS REDACTED
      Content-Type:
      - application/json
      User-Agent:
      - okta-sdk-golang/2.17.0 golang/go1.20.2 darwin/arm64 okta-terraform/3.44.0
    url: https://mm-oie-2022-10-07-max.oktapreview.com/api/v1/users
    method: POST
  response:
    body: '{"id":"00u7l8jako3QsnM3M1d7","status":"PROVISIONED","created":"2023-04-06T19:40:10.000Z","activated":"2023-04-06T19:40:10.000Z","statusChanged":"2023-04-06T19:40:10.000Z","lastLogin":null,"lastUpdated":"2023-04-06T19:40:10.000Z","passwordChanged":null,"type":{"id":"oty5qwjvh0Vy1j8Kd1d7"},"profile":{"firstName":"TestAcc","lastName":"Smith4","mobilePhone":null,"secondEmail":null,"login":"testAcc4-replace_with_uuid@example.com","email":"testAcc4-replace_with_uuid@example.com"},"credentials":{"provider":{"type":"OKTA","name":"OKTA"}},"_links":{"suspend":{"href":"https://mm-oie-2022-10-07-max.oktapreview.com/api/v1/users/00u7l8jako3QsnM3M1d7/lifecycle/suspend","method":"POST"},"schema":{"href":"https://mm-oie-2022-10-07-max.oktapreview.com/api/v1/meta/schemas/user/osc5qwjvh0Vy1j8Kd1d7"},"resetPassword":{"href":"https://mm-oie-2022-10-07-max.oktapreview.com/api/v1/users/00u7l8jako3QsnM3M1d7/lifecycle/reset_password","method":"POST"},"reactivate":{"href":"https://mm-oie-2022-10-07-max.oktapreview.com/api/v1/users/00u7l8jako3QsnM3M1d7/lifecycle/reactivate","method":"POST"},"self":{"href":"https://mm-oie-2022-10-07-max.oktapreview.com/api/v1/users/00u7l8jako3QsnM3M1d7"},"resetFactors":{"href":"https://mm-oie-2022-10-07-max.oktapreview.com/api/v1/users/00u7l8jako3QsnM3M1d7/lifecycle/reset_factors","method":"POST"},"type":{"href":"https://mm-oie-2022-10-07-max.oktapreview.com/api/v1/meta/types/user/oty5qwjvh0Vy1j8Kd1d7"},"deactivate":{"href":"https://mm-oie-2022-10-07-max.oktapreview.com/api/v1/users/00u7l8jako3QsnM3M1d7/lifecycle/deactivate","method":"POST"}}}'
    headers:
      Content-Type:
      - application/json
      Date:
      - Thu, 06 Apr 2023 19:40:10 GMT
    status: 200 OK
    code: 200
    duration: ""
- request:
    body: ""
    form: {}
    headers:
      Accept:
      - application/json
      Authorization:
      - SSWS REDACTED
      User-Agent:
      - okta-sdk-golang/2.17.0 golang/go1.20.2 darwin/arm64 okta-terraform/3.44.0
    url: https://mm-oie-2022-10-07-max.oktapreview.com/api/v1/groups/00g7l8jmv0PARiePn1d7/users/00u7l8kfuckmhTbdr1d7
    method: PUT
  response:
    body: ""
    headers:
      Date:
      - Thu, 06 Apr 2023 19:40:10 GMT
    status: 204 No Content
    code: 204
    duration: ""
- request:
    body: ""
    form: {}
    headers:
      Accept:
      - application/json
      Authorization:
      - SSWS REDACTED
      User-Agent:
      - okta-sdk-golang/2.17.0 golang/go1.20.2 darwin/arm64 okta-terraform/3.44.0
    url: https://mm-oie-2022-10-07-max.oktapreview.com/api/v1/groups/00g7l8j84aFXpYCir1d7/users/00u7l8jf6tVkG86TP1d7
    method: PUT
  response:
    body: ""
    headers:
      Date:
      - Thu, 06 Apr 2023 19:40:10 GMT
    status: 204 No Content
    code: 204
    duration: ""
- request:
    body: ""
    form: {}
    headers:
      Accept:
      - application/json
      Authorization:
      - SSWS REDACTED
      User-Agent:
      - okta-sdk-golang/2.17.0 golang/go1.20.2 darwin/arm64 okta-terraform/3.44.0
    url: https://mm-oie-2022-10-07-max.oktapreview.com/api/v1/groups/00g7l8j84aFXpYCir1d7/users/00u7l8ky9xm5t8D1N1d7
    method: PUT
  response:
    body: ""
    headers:
      Date:
      - Thu, 06 Apr 2023 19:40:10 GMT
    status: 204 No Content
    code: 204
    duration: ""
- request:
    body: ""
    form: {}
    headers:
      Accept:
      - application/json
      Authorization:
      - SSWS REDACTED
      User-Agent:
      - okta-sdk-golang/2.17.0 golang/go1.20.2 darwin/arm64 okta-terraform/3.44.0
    url: https://mm-oie-2022-10-07-max.oktapreview.com/api/v1/groups/00g7l8j84aFXpYCir1d7/users/00u7l8jako3QsnM3M1d7
    method: PUT
  response:
    body: ""
    headers:
      Date:
      - Thu, 06 Apr 2023 19:40:10 GMT
    status: 204 No Content
    code: 204
    duration: ""
- request:
    body: ""
    form: {}
    headers:
      Accept:
      - application/json
      Authorization:
      - SSWS REDACTED
      User-Agent:
      - okta-sdk-golang/2.17.0 golang/go1.20.2 darwin/arm64 okta-terraform/3.44.0
    url: https://mm-oie-2022-10-07-max.oktapreview.com/api/v1/users/00u7l8jf6tVkG86TP1d7
    method: GET
  response:
    body: '{"id":"00u7l8jf6tVkG86TP1d7","status":"PROVISIONED","created":"2023-04-06T19:40:10.000Z","activated":"2023-04-06T19:40:10.000Z","statusChanged":"2023-04-06T19:40:10.000Z","lastLogin":null,"lastUpdated":"2023-04-06T19:40:10.000Z","passwordChanged":null,"type":{"id":"oty5qwjvh0Vy1j8Kd1d7"},"profile":{"firstName":"TestAcc","lastName":"Smith3","mobilePhone":null,"secondEmail":null,"login":"testAcc3-replace_with_uuid@example.com","email":"testAcc3-replace_with_uuid@example.com"},"credentials":{"provider":{"type":"OKTA","name":"OKTA"}},"_links":{"suspend":{"href":"https://mm-oie-2022-10-07-max.oktapreview.com/api/v1/users/00u7l8jf6tVkG86TP1d7/lifecycle/suspend","method":"POST"},"schema":{"href":"https://mm-oie-2022-10-07-max.oktapreview.com/api/v1/meta/schemas/user/osc5qwjvh0Vy1j8Kd1d7"},"resetPassword":{"href":"https://mm-oie-2022-10-07-max.oktapreview.com/api/v1/users/00u7l8jf6tVkG86TP1d7/lifecycle/reset_password","method":"POST"},"reactivate":{"href":"https://mm-oie-2022-10-07-max.oktapreview.com/api/v1/users/00u7l8jf6tVkG86TP1d7/lifecycle/reactivate","method":"POST"},"self":{"href":"https://mm-oie-2022-10-07-max.oktapreview.com/api/v1/users/00u7l8jf6tVkG86TP1d7"},"resetFactors":{"href":"https://mm-oie-2022-10-07-max.oktapreview.com/api/v1/users/00u7l8jf6tVkG86TP1d7/lifecycle/reset_factors","method":"POST"},"type":{"href":"https://mm-oie-2022-10-07-max.oktapreview.com/api/v1/meta/types/user/oty5qwjvh0Vy1j8Kd1d7"},"deactivate":{"href":"https://mm-oie-2022-10-07-max.oktapreview.com/api/v1/users/00u7l8jf6tVkG86TP1d7/lifecycle/deactivate","method":"POST"}}}'
    headers:
      Content-Type:
      - application/json
      Date:
      - Thu, 06 Apr 2023 19:40:10 GMT
    status: 200 OK
    code: 200
    duration: ""
- request:
    body: ""
    form: {}
    headers:
      Accept:
      - application/json
      Authorization:
      - SSWS REDACTED
      User-Agent:
      - okta-sdk-golang/2.17.0 golang/go1.20.2 darwin/arm64 okta-terraform/3.44.0
    url: https://mm-oie-2022-10-07-max.oktapreview.com/api/v1/groups/00g7l8jmv0PARiePn1d7/users/00u7l8jjnjK9yTm0J1d7
    method: PUT
  response:
    body: ""
    headers:
      Date:
      - Thu, 06 Apr 2023 19:40:10 GMT
    status: 204 No Content
    code: 204
    duration: ""
- request:
    body: ""
    form: {}
    headers:
      Accept:
      - application/json
      Authorization:
      - SSWS REDACTED
      User-Agent:
      - okta-sdk-golang/2.17.0 golang/go1.20.2 darwin/arm64 okta-terraform/3.44.0
    url: https://mm-oie-2022-10-07-max.oktapreview.com/api/v1/users/00u7l8ky9xm5t8D1N1d7
    method: GET
  response:
    body: '{"id":"00u7l8ky9xm5t8D1N1d7","status":"PROVISIONED","created":"2023-04-06T19:40:10.000Z","activated":"2023-04-06T19:40:10.000Z","statusChanged":"2023-04-06T19:40:10.000Z","lastLogin":null,"lastUpdated":"2023-04-06T19:40:10.000Z","passwordChanged":null,"type":{"id":"oty5qwjvh0Vy1j8Kd1d7"},"profile":{"firstName":"TestAcc","lastName":"Smith5","mobilePhone":null,"secondEmail":null,"login":"testAcc5-replace_with_uuid@example.com","email":"testAcc5-replace_with_uuid@example.com"},"credentials":{"provider":{"type":"OKTA","name":"OKTA"}},"_links":{"suspend":{"href":"https://mm-oie-2022-10-07-max.oktapreview.com/api/v1/users/00u7l8ky9xm5t8D1N1d7/lifecycle/suspend","method":"POST"},"schema":{"href":"https://mm-oie-2022-10-07-max.oktapreview.com/api/v1/meta/schemas/user/osc5qwjvh0Vy1j8Kd1d7"},"resetPassword":{"href":"https://mm-oie-2022-10-07-max.oktapreview.com/api/v1/users/00u7l8ky9xm5t8D1N1d7/lifecycle/reset_password","method":"POST"},"reactivate":{"href":"https://mm-oie-2022-10-07-max.oktapreview.com/api/v1/users/00u7l8ky9xm5t8D1N1d7/lifecycle/reactivate","method":"POST"},"self":{"href":"https://mm-oie-2022-10-07-max.oktapreview.com/api/v1/users/00u7l8ky9xm5t8D1N1d7"},"resetFactors":{"href":"https://mm-oie-2022-10-07-max.oktapreview.com/api/v1/users/00u7l8ky9xm5t8D1N1d7/lifecycle/reset_factors","method":"POST"},"type":{"href":"https://mm-oie-2022-10-07-max.oktapreview.com/api/v1/meta/types/user/oty5qwjvh0Vy1j8Kd1d7"},"deactivate":{"href":"https://mm-oie-2022-10-07-max.oktapreview.com/api/v1/users/00u7l8ky9xm5t8D1N1d7/lifecycle/deactivate","method":"POST"}}}'
    headers:
      Content-Type:
      - application/json
      Date:
      - Thu, 06 Apr 2023 19:40:10 GMT
    status: 200 OK
    code: 200
    duration: ""
- request:
    body: ""
    form: {}
    headers:
      Accept:
      - application/json
      Authorization:
      - SSWS REDACTED
      User-Agent:
      - okta-sdk-golang/2.17.0 golang/go1.20.2 darwin/arm64 okta-terraform/3.44.0
    url: https://mm-oie-2022-10-07-max.oktapreview.com/api/v1/users/00u7l8jako3QsnM3M1d7
    method: GET
  response:
    body: '{"id":"00u7l8jako3QsnM3M1d7","status":"PROVISIONED","created":"2023-04-06T19:40:10.000Z","activated":"2023-04-06T19:40:10.000Z","statusChanged":"2023-04-06T19:40:10.000Z","lastLogin":null,"lastUpdated":"2023-04-06T19:40:10.000Z","passwordChanged":null,"type":{"id":"oty5qwjvh0Vy1j8Kd1d7"},"profile":{"firstName":"TestAcc","lastName":"Smith4","mobilePhone":null,"secondEmail":null,"login":"testAcc4-replace_with_uuid@example.com","email":"testAcc4-replace_with_uuid@example.com"},"credentials":{"provider":{"type":"OKTA","name":"OKTA"}},"_links":{"suspend":{"href":"https://mm-oie-2022-10-07-max.oktapreview.com/api/v1/users/00u7l8jako3QsnM3M1d7/lifecycle/suspend","method":"POST"},"schema":{"href":"https://mm-oie-2022-10-07-max.oktapreview.com/api/v1/meta/schemas/user/osc5qwjvh0Vy1j8Kd1d7"},"resetPassword":{"href":"https://mm-oie-2022-10-07-max.oktapreview.com/api/v1/users/00u7l8jako3QsnM3M1d7/lifecycle/reset_password","method":"POST"},"reactivate":{"href":"https://mm-oie-2022-10-07-max.oktapreview.com/api/v1/users/00u7l8jako3QsnM3M1d7/lifecycle/reactivate","method":"POST"},"self":{"href":"https://mm-oie-2022-10-07-max.oktapreview.com/api/v1/users/00u7l8jako3QsnM3M1d7"},"resetFactors":{"href":"https://mm-oie-2022-10-07-max.oktapreview.com/api/v1/users/00u7l8jako3QsnM3M1d7/lifecycle/reset_factors","method":"POST"},"type":{"href":"https://mm-oie-2022-10-07-max.oktapreview.com/api/v1/meta/types/user/oty5qwjvh0Vy1j8Kd1d7"},"deactivate":{"href":"https://mm-oie-2022-10-07-max.oktapreview.com/api/v1/users/00u7l8jako3QsnM3M1d7/lifecycle/deactivate","method":"POST"}}}'
    headers:
      Content-Type:
      - application/json
      Date:
      - Thu, 06 Apr 2023 19:40:10 GMT
    status: 200 OK
    code: 200
    duration: ""
- request:
    body: ""
    form: {}
    headers:
      Accept:
      - application/json
      Authorization:
      - SSWS REDACTED
      User-Agent:
      - okta-sdk-golang/2.17.0 golang/go1.20.2 darwin/arm64 okta-terraform/3.44.0
    url: https://mm-oie-2022-10-07-max.oktapreview.com/api/v1/users/00u7l8jf6tVkG86TP1d7/roles
    method: GET
  response:
    body: '[]'
    headers:
      Content-Type:
      - application/json
      Date:
      - Thu, 06 Apr 2023 19:40:10 GMT
    status: 200 OK
    code: 200
    duration: ""
- request:
    body: ""
    form: {}
    headers:
      Accept:
      - application/json
      Authorization:
      - SSWS REDACTED
      User-Agent:
      - okta-sdk-golang/2.17.0 golang/go1.20.2 darwin/arm64 okta-terraform/3.44.0
    url: https://mm-oie-2022-10-07-max.oktapreview.com/api/v1/groups/00g7l8jmv0PARiePn1d7/users?limit=200
    method: GET
  response:
    body: '[{"id":"00u7l8jjnjK9yTm0J1d7","status":"PROVISIONED","created":"2023-04-06T19:40:09.000Z","activated":"2023-04-06T19:40:10.000Z","statusChanged":"2023-04-06T19:40:10.000Z","lastLogin":null,"lastUpdated":"2023-04-06T19:40:10.000Z","passwordChanged":null,"type":{"id":"oty5qwjvh0Vy1j8Kd1d7"},"profile":{"firstName":"TestAcc","lastName":"Smith2","mobilePhone":null,"secondEmail":null,"login":"testAcc2-replace_with_uuid@example.com","email":"testAcc2-replace_with_uuid@example.com"},"credentials":{"provider":{"type":"OKTA","name":"OKTA"}},"_links":{"self":{"href":"https://mm-oie-2022-10-07-max.oktapreview.com/api/v1/users/00u7l8jjnjK9yTm0J1d7"}}},{"id":"00u7l8kfuckmhTbdr1d7","status":"PROVISIONED","created":"2023-04-06T19:40:09.000Z","activated":"2023-04-06T19:40:09.000Z","statusChanged":"2023-04-06T19:40:09.000Z","lastLogin":null,"lastUpdated":"2023-04-06T19:40:09.000Z","passwordChanged":null,"type":{"id":"oty5qwjvh0Vy1j8Kd1d7"},"profile":{"firstName":"TestAcc","lastName":"Smith1","mobilePhone":null,"secondEmail":null,"login":"testAcc1-replace_with_uuid@example.com","email":"testAcc1-replace_with_uuid@example.com"},"credentials":{"provider":{"type":"OKTA","name":"OKTA"}},"_links":{"self":{"href":"https://mm-oie-2022-10-07-max.oktapreview.com/api/v1/users/00u7l8kfuckmhTbdr1d7"}}}]'
    headers:
      Content-Type:
      - application/json
      Date:
      - Thu, 06 Apr 2023 19:40:10 GMT
      Link:
      - <https://mm-oie-2022-10-07-max.oktapreview.com/api/v1/groups/00g7l8jmv0PARiePn1d7/users?limit=200>; rel="self"
    status: 200 OK
    code: 200
    duration: ""
- request:
    body: ""
    form: {}
    headers:
      Accept:
      - application/json
      Authorization:
      - SSWS REDACTED
      User-Agent:
      - okta-sdk-golang/2.17.0 golang/go1.20.2 darwin/arm64 okta-terraform/3.44.0
    url: https://mm-oie-2022-10-07-max.oktapreview.com/api/v1/users/00u7l8ky9xm5t8D1N1d7/roles
    method: GET
  response:
    body: '[]'
    headers:
      Content-Type:
      - application/json
      Date:
      - Thu, 06 Apr 2023 19:40:10 GMT
    status: 200 OK
    code: 200
    duration: ""
- request:
    body: ""
    form: {}
    headers:
      Accept:
      - application/json
      Authorization:
      - SSWS REDACTED
      User-Agent:
      - okta-sdk-golang/2.17.0 golang/go1.20.2 darwin/arm64 okta-terraform/3.44.0
    url: https://mm-oie-2022-10-07-max.oktapreview.com/api/v1/users/00u7l8jako3QsnM3M1d7/roles
    method: GET
  response:
    body: '[]'
    headers:
      Content-Type:
      - application/json
      Date:
      - Thu, 06 Apr 2023 19:40:10 GMT
    status: 200 OK
    code: 200
    duration: ""
- request:
    body: ""
    form: {}
    headers:
      Accept:
      - application/json
      Authorization:
      - SSWS REDACTED
      User-Agent:
      - okta-sdk-golang/2.17.0 golang/go1.20.2 darwin/arm64 okta-terraform/3.44.0
    url: https://mm-oie-2022-10-07-max.oktapreview.com/api/v1/users/00u7l8jf6tVkG86TP1d7/groups
    method: GET
  response:
    body: '[{"id":"00g5qwjvgrD3WR89l1d7","created":"2022-10-07T23:16:57.000Z","lastUpdated":"2022-10-07T23:16:57.000Z","lastMembershipUpdated":"2023-04-06T19:39:38.000Z","objectClass":["okta:user_group"],"type":"BUILT_IN","profile":{"name":"Everyone","description":"All users in your organization"},"_links":{"logo":[{"name":"medium","href":"https://op3static.oktacdn.com/assets/img/logos/groups/odyssey/okta-medium.1a5ebe44c4244fb796c235d86b47e3bb.png","type":"image/png"},{"name":"large","href":"https://op3static.oktacdn.com/assets/img/logos/groups/odyssey/okta-large.d9cfbd8a00a4feac1aa5612ba02e99c0.png","type":"image/png"}],"users":{"href":"https://mm-oie-2022-10-07-max.oktapreview.com/api/v1/groups/00g5qwjvgrD3WR89l1d7/users"},"apps":{"href":"https://mm-oie-2022-10-07-max.oktapreview.com/api/v1/groups/00g5qwjvgrD3WR89l1d7/apps"}}},{"id":"00g7l8j84aFXpYCir1d7","created":"2023-04-06T19:40:09.000Z","lastUpdated":"2023-04-06T19:40:09.000Z","lastMembershipUpdated":"2023-04-06T19:40:09.000Z","objectClass":["okta:user_group"],"type":"OKTA_GROUP","profile":{"name":"TestACC Group B","description":"Group B"},"_links":{"logo":[{"name":"medium","href":"https://op3static.oktacdn.com/assets/img/logos/groups/odyssey/okta-medium.1a5ebe44c4244fb796c235d86b47e3bb.png","type":"image/png"},{"name":"large","href":"https://op3static.oktacdn.com/assets/img/logos/groups/odyssey/okta-large.d9cfbd8a00a4feac1aa5612ba02e99c0.png","type":"image/png"}],"users":{"href":"https://mm-oie-2022-10-07-max.oktapreview.com/api/v1/groups/00g7l8j84aFXpYCir1d7/users"},"apps":{"href":"https://mm-oie-2022-10-07-max.oktapreview.com/api/v1/groups/00g7l8j84aFXpYCir1d7/apps"}}}]'
    headers:
      Content-Type:
      - application/json
      Date:
      - Thu, 06 Apr 2023 19:40:10 GMT
      Link:
      - <https://mm-oie-2022-10-07-max.oktapreview.com/api/v1/users/00u7l8jf6tVkG86TP1d7/groups?limit=200>; rel="self"
    status: 200 OK
    code: 200
    duration: ""
- request:
    body: ""
    form: {}
    headers:
      Accept:
      - application/json
      Authorization:
      - SSWS REDACTED
      User-Agent:
      - okta-sdk-golang/2.17.0 golang/go1.20.2 darwin/arm64 okta-terraform/3.44.0
    url: https://mm-oie-2022-10-07-max.oktapreview.com/api/v1/users/00u7l8ky9xm5t8D1N1d7/groups
    method: GET
  response:
    body: '[{"id":"00g5qwjvgrD3WR89l1d7","created":"2022-10-07T23:16:57.000Z","lastUpdated":"2022-10-07T23:16:57.000Z","lastMembershipUpdated":"2023-04-06T19:39:38.000Z","objectClass":["okta:user_group"],"type":"BUILT_IN","profile":{"name":"Everyone","description":"All users in your organization"},"_links":{"logo":[{"name":"medium","href":"https://op3static.oktacdn.com/assets/img/logos/groups/odyssey/okta-medium.1a5ebe44c4244fb796c235d86b47e3bb.png","type":"image/png"},{"name":"large","href":"https://op3static.oktacdn.com/assets/img/logos/groups/odyssey/okta-large.d9cfbd8a00a4feac1aa5612ba02e99c0.png","type":"image/png"}],"users":{"href":"https://mm-oie-2022-10-07-max.oktapreview.com/api/v1/groups/00g5qwjvgrD3WR89l1d7/users"},"apps":{"href":"https://mm-oie-2022-10-07-max.oktapreview.com/api/v1/groups/00g5qwjvgrD3WR89l1d7/apps"}}},{"id":"00g7l8j84aFXpYCir1d7","created":"2023-04-06T19:40:09.000Z","lastUpdated":"2023-04-06T19:40:09.000Z","lastMembershipUpdated":"2023-04-06T19:40:09.000Z","objectClass":["okta:user_group"],"type":"OKTA_GROUP","profile":{"name":"TestACC Group B","description":"Group B"},"_links":{"logo":[{"name":"medium","href":"https://op3static.oktacdn.com/assets/img/logos/groups/odyssey/okta-medium.1a5ebe44c4244fb796c235d86b47e3bb.png","type":"image/png"},{"name":"large","href":"https://op3static.oktacdn.com/assets/img/logos/groups/odyssey/okta-large.d9cfbd8a00a4feac1aa5612ba02e99c0.png","type":"image/png"}],"users":{"href":"https://mm-oie-2022-10-07-max.oktapreview.com/api/v1/groups/00g7l8j84aFXpYCir1d7/users"},"apps":{"href":"https://mm-oie-2022-10-07-max.oktapreview.com/api/v1/groups/00g7l8j84aFXpYCir1d7/apps"}}}]'
    headers:
      Content-Type:
      - application/json
      Date:
      - Thu, 06 Apr 2023 19:40:10 GMT
      Link:
      - <https://mm-oie-2022-10-07-max.oktapreview.com/api/v1/users/00u7l8ky9xm5t8D1N1d7/groups?limit=200>; rel="self"
    status: 200 OK
    code: 200
    duration: ""
- request:
    body: ""
    form: {}
    headers:
      Accept:
      - application/json
      Authorization:
      - SSWS REDACTED
      User-Agent:
      - okta-sdk-golang/2.17.0 golang/go1.20.2 darwin/arm64 okta-terraform/3.44.0
    url: https://mm-oie-2022-10-07-max.oktapreview.com/api/v1/users/00u7l8jako3QsnM3M1d7/groups
    method: GET
  response:
    body: '[{"id":"00g5qwjvgrD3WR89l1d7","created":"2022-10-07T23:16:57.000Z","lastUpdated":"2022-10-07T23:16:57.000Z","lastMembershipUpdated":"2023-04-06T19:39:38.000Z","objectClass":["okta:user_group"],"type":"BUILT_IN","profile":{"name":"Everyone","description":"All users in your organization"},"_links":{"logo":[{"name":"medium","href":"https://op3static.oktacdn.com/assets/img/logos/groups/odyssey/okta-medium.1a5ebe44c4244fb796c235d86b47e3bb.png","type":"image/png"},{"name":"large","href":"https://op3static.oktacdn.com/assets/img/logos/groups/odyssey/okta-large.d9cfbd8a00a4feac1aa5612ba02e99c0.png","type":"image/png"}],"users":{"href":"https://mm-oie-2022-10-07-max.oktapreview.com/api/v1/groups/00g5qwjvgrD3WR89l1d7/users"},"apps":{"href":"https://mm-oie-2022-10-07-max.oktapreview.com/api/v1/groups/00g5qwjvgrD3WR89l1d7/apps"}}},{"id":"00g7l8j84aFXpYCir1d7","created":"2023-04-06T19:40:09.000Z","lastUpdated":"2023-04-06T19:40:09.000Z","lastMembershipUpdated":"2023-04-06T19:40:09.000Z","objectClass":["okta:user_group"],"type":"OKTA_GROUP","profile":{"name":"TestACC Group B","description":"Group B"},"_links":{"logo":[{"name":"medium","href":"https://op3static.oktacdn.com/assets/img/logos/groups/odyssey/okta-medium.1a5ebe44c4244fb796c235d86b47e3bb.png","type":"image/png"},{"name":"large","href":"https://op3static.oktacdn.com/assets/img/logos/groups/odyssey/okta-large.d9cfbd8a00a4feac1aa5612ba02e99c0.png","type":"image/png"}],"users":{"href":"https://mm-oie-2022-10-07-max.oktapreview.com/api/v1/groups/00g7l8j84aFXpYCir1d7/users"},"apps":{"href":"https://mm-oie-2022-10-07-max.oktapreview.com/api/v1/groups/00g7l8j84aFXpYCir1d7/apps"}}}]'
    headers:
      Content-Type:
      - application/json
      Date:
      - Thu, 06 Apr 2023 19:40:10 GMT
      Link:
      - <https://mm-oie-2022-10-07-max.oktapreview.com/api/v1/users/00u7l8jako3QsnM3M1d7/groups?limit=200>; rel="self"
    status: 200 OK
    code: 200
    duration: ""
- request:
    body: ""
    form: {}
    headers:
      Accept:
      - application/json
      Authorization:
      - SSWS REDACTED
      User-Agent:
      - okta-sdk-golang/2.17.0 golang/go1.20.2 darwin/arm64 okta-terraform/3.44.0
    url: https://mm-oie-2022-10-07-max.oktapreview.com/api/v1/groups/rules/
    method: GET
  response:
    body: '[]'
    headers:
      Content-Type:
      - application/json
      Date:
      - Thu, 06 Apr 2023 19:40:10 GMT
      Link:
      - <https://mm-oie-2022-10-07-max.oktapreview.com/api/v1/groups/rules?limit=50>; rel="self"
    status: 200 OK
    code: 200
    duration: ""
- request:
    body: |
      {"actions":{"assignUserToGroups":{"groupIds":["00g7l8jmv0PARiePn1d7"]}},"conditions":{"expression":{"type":"urn:okta:expression:1.0","value":"isMemberOfAnyGroup(\"00g7l8j84aFXpYCir1d7\")"},"people":{"users":{}}},"name":"Group B -> A rule","type":"group_rule"}
    form: {}
    headers:
      Accept:
      - application/json
      Authorization:
      - SSWS REDACTED
      Content-Type:
      - application/json
      User-Agent:
      - okta-sdk-golang/2.17.0 golang/go1.20.2 darwin/arm64 okta-terraform/3.44.0
    url: https://mm-oie-2022-10-07-max.oktapreview.com/api/v1/groups/rules
    method: POST
  response:
    body: '{"type":"group_rule","id":"0pr7l8kfuqKguPrvC1d7","status":"INACTIVE","name":"Group B -> A rule","conditions":{"people":{"users":{"exclude":[]},"groups":{"exclude":[]}},"expression":{"value":"isMemberOfAnyGroup(\"00g7l8j84aFXpYCir1d7\")","type":"urn:okta:expression:1.0"}},"actions":{"assignUserToGroups":{"groupIds":["00g7l8jmv0PARiePn1d7"]}},"allGroupsValid":true}'
    headers:
      Content-Type:
      - application/json
      Date:
      - Thu, 06 Apr 2023 19:40:11 GMT
    status: 200 OK
    code: 200
    duration: ""
- request:
    body: ""
    form: {}
    headers:
      Accept:
      - application/json
      Authorization:
      - SSWS REDACTED
      User-Agent:
      - okta-sdk-golang/2.17.0 golang/go1.20.2 darwin/arm64 okta-terraform/3.44.0
    url: https://mm-oie-2022-10-07-max.oktapreview.com/api/v1/groups/rules/0pr7l8kfuqKguPrvC1d7/lifecycle/activate
    method: POST
  response:
    body: ""
    headers:
      Date:
      - Thu, 06 Apr 2023 19:40:11 GMT
    status: 204 No Content
    code: 204
    duration: ""
- request:
    body: ""
    form: {}
    headers:
      Accept:
      - application/json
      Authorization:
      - SSWS REDACTED
      User-Agent:
      - okta-sdk-golang/2.17.0 golang/go1.20.2 darwin/arm64 okta-terraform/3.44.0
    url: https://mm-oie-2022-10-07-max.oktapreview.com/api/v1/groups/rules/0pr7l8kfuqKguPrvC1d7
    method: GET
  response:
    body: '{"type":"group_rule","id":"0pr7l8kfuqKguPrvC1d7","status":"ACTIVE","name":"Group B -> A rule","conditions":{"people":{"users":{"exclude":[]},"groups":{"exclude":[]}},"expression":{"value":"isMemberOfAnyGroup(\"00g7l8j84aFXpYCir1d7\")","type":"urn:okta:expression:1.0"}},"actions":{"assignUserToGroups":{"groupIds":["00g7l8jmv0PARiePn1d7"]}},"allGroupsValid":true}'
    headers:
      Content-Type:
      - application/json
      Date:
      - Thu, 06 Apr 2023 19:40:11 GMT
    status: 200 OK
    code: 200
    duration: ""
- request:
    body: ""
    form: {}
    headers:
      Accept:
      - application/json
      Authorization:
      - SSWS REDACTED
      User-Agent:
      - okta-sdk-golang/2.17.0 golang/go1.20.2 darwin/arm64 okta-terraform/3.44.0
    url: https://mm-oie-2022-10-07-max.oktapreview.com/api/v1/groups/00g7l8j84aFXpYCir1d7
    method: GET
  response:
    body: '{"id":"00g7l8j84aFXpYCir1d7","created":"2023-04-06T19:40:09.000Z","lastUpdated":"2023-04-06T19:40:09.000Z","lastMembershipUpdated":"2023-04-06T19:40:09.000Z","objectClass":["okta:user_group"],"type":"OKTA_GROUP","profile":{"name":"TestACC Group B","description":"Group B"},"_links":{"logo":[{"name":"medium","href":"https://op3static.oktacdn.com/assets/img/logos/groups/odyssey/okta-medium.1a5ebe44c4244fb796c235d86b47e3bb.png","type":"image/png"},{"name":"large","href":"https://op3static.oktacdn.com/assets/img/logos/groups/odyssey/okta-large.d9cfbd8a00a4feac1aa5612ba02e99c0.png","type":"image/png"}],"users":{"href":"https://mm-oie-2022-10-07-max.oktapreview.com/api/v1/groups/00g7l8j84aFXpYCir1d7/users"},"apps":{"href":"https://mm-oie-2022-10-07-max.oktapreview.com/api/v1/groups/00g7l8j84aFXpYCir1d7/apps"}}}'
    headers:
      Content-Type:
      - application/json
      Date:
      - Thu, 06 Apr 2023 19:40:11 GMT
    status: 200 OK
    code: 200
    duration: ""
- request:
    body: ""
    form: {}
    headers:
      Accept:
      - application/json
      Authorization:
      - SSWS REDACTED
      User-Agent:
      - okta-sdk-golang/2.17.0 golang/go1.20.2 darwin/arm64 okta-terraform/3.44.0
    url: https://mm-oie-2022-10-07-max.oktapreview.com/api/v1/groups/00g7l8j84aFXpYCir1d7/users?limit=200
    method: GET
  response:
    body: '[{"id":"00u7l8jako3QsnM3M1d7","status":"PROVISIONED","created":"2023-04-06T19:40:10.000Z","activated":"2023-04-06T19:40:10.000Z","statusChanged":"2023-04-06T19:40:10.000Z","lastLogin":null,"lastUpdated":"2023-04-06T19:40:10.000Z","passwordChanged":null,"type":{"id":"oty5qwjvh0Vy1j8Kd1d7"},"profile":{"firstName":"TestAcc","lastName":"Smith4","mobilePhone":null,"secondEmail":null,"login":"testAcc4-replace_with_uuid@example.com","email":"testAcc4-replace_with_uuid@example.com"},"credentials":{"provider":{"type":"OKTA","name":"OKTA"}},"_links":{"self":{"href":"https://mm-oie-2022-10-07-max.oktapreview.com/api/v1/users/00u7l8jako3QsnM3M1d7"}}},{"id":"00u7l8jf6tVkG86TP1d7","status":"PROVISIONED","created":"2023-04-06T19:40:10.000Z","activated":"2023-04-06T19:40:10.000Z","statusChanged":"2023-04-06T19:40:10.000Z","lastLogin":null,"lastUpdated":"2023-04-06T19:40:10.000Z","passwordChanged":null,"type":{"id":"oty5qwjvh0Vy1j8Kd1d7"},"profile":{"firstName":"TestAcc","lastName":"Smith3","mobilePhone":null,"secondEmail":null,"login":"testAcc3-replace_with_uuid@example.com","email":"testAcc3-replace_with_uuid@example.com"},"credentials":{"provider":{"type":"OKTA","name":"OKTA"}},"_links":{"self":{"href":"https://mm-oie-2022-10-07-max.oktapreview.com/api/v1/users/00u7l8jf6tVkG86TP1d7"}}},{"id":"00u7l8ky9xm5t8D1N1d7","status":"PROVISIONED","created":"2023-04-06T19:40:10.000Z","activated":"2023-04-06T19:40:10.000Z","statusChanged":"2023-04-06T19:40:10.000Z","lastLogin":null,"lastUpdated":"2023-04-06T19:40:10.000Z","passwordChanged":null,"type":{"id":"oty5qwjvh0Vy1j8Kd1d7"},"profile":{"firstName":"TestAcc","lastName":"Smith5","mobilePhone":null,"secondEmail":null,"login":"testAcc5-replace_with_uuid@example.com","email":"testAcc5-replace_with_uuid@example.com"},"credentials":{"provider":{"type":"OKTA","name":"OKTA"}},"_links":{"self":{"href":"https://mm-oie-2022-10-07-max.oktapreview.com/api/v1/users/00u7l8ky9xm5t8D1N1d7"}}}]'
    headers:
      Content-Type:
      - application/json
      Date:
      - Thu, 06 Apr 2023 19:40:11 GMT
      Link:
      - <https://mm-oie-2022-10-07-max.oktapreview.com/api/v1/groups/00g7l8j84aFXpYCir1d7/users?limit=200>; rel="self"
    status: 200 OK
    code: 200
    duration: ""
- request:
    body: ""
    form: {}
    headers:
      Accept:
      - application/json
      Authorization:
      - SSWS REDACTED
      User-Agent:
      - okta-sdk-golang/2.17.0 golang/go1.20.2 darwin/arm64 okta-terraform/3.44.0
    url: https://mm-oie-2022-10-07-max.oktapreview.com/api/v1/groups/00g7l8jmv0PARiePn1d7
    method: GET
  response:
    body: '{"id":"00g7l8jmv0PARiePn1d7","created":"2023-04-06T19:40:09.000Z","lastUpdated":"2023-04-06T19:40:09.000Z","lastMembershipUpdated":"2023-04-06T19:40:11.000Z","objectClass":["okta:user_group"],"type":"OKTA_GROUP","profile":{"name":"TestACC Group A","description":"Group A"},"_links":{"logo":[{"name":"medium","href":"https://op3static.oktacdn.com/assets/img/logos/groups/odyssey/okta-medium.1a5ebe44c4244fb796c235d86b47e3bb.png","type":"image/png"},{"name":"large","href":"https://op3static.oktacdn.com/assets/img/logos/groups/odyssey/okta-large.d9cfbd8a00a4feac1aa5612ba02e99c0.png","type":"image/png"}],"users":{"href":"https://mm-oie-2022-10-07-max.oktapreview.com/api/v1/groups/00g7l8jmv0PARiePn1d7/users"},"apps":{"href":"https://mm-oie-2022-10-07-max.oktapreview.com/api/v1/groups/00g7l8jmv0PARiePn1d7/apps"}}}'
    headers:
      Content-Type:
      - application/json
      Date:
      - Thu, 06 Apr 2023 19:40:16 GMT
    status: 200 OK
    code: 200
    duration: ""
- request:
    body: ""
    form: {}
    headers:
      Accept:
      - application/json
      Authorization:
      - SSWS REDACTED
      User-Agent:
      - okta-sdk-golang/2.17.0 golang/go1.20.2 darwin/arm64 okta-terraform/3.44.0
    url: https://mm-oie-2022-10-07-max.oktapreview.com/api/v1/groups/00g7l8jmv0PARiePn1d7/users?limit=200
    method: GET
  response:
    body: '[{"id":"00u7l8jako3QsnM3M1d7","status":"PROVISIONED","created":"2023-04-06T19:40:10.000Z","activated":"2023-04-06T19:40:10.000Z","statusChanged":"2023-04-06T19:40:10.000Z","lastLogin":null,"lastUpdated":"2023-04-06T19:40:10.000Z","passwordChanged":null,"type":{"id":"oty5qwjvh0Vy1j8Kd1d7"},"profile":{"firstName":"TestAcc","lastName":"Smith4","mobilePhone":null,"secondEmail":null,"login":"testAcc4-replace_with_uuid@example.com","email":"testAcc4-replace_with_uuid@example.com"},"credentials":{"provider":{"type":"OKTA","name":"OKTA"}},"_links":{"self":{"href":"https://mm-oie-2022-10-07-max.oktapreview.com/api/v1/users/00u7l8jako3QsnM3M1d7"}}},{"id":"00u7l8jf6tVkG86TP1d7","status":"PROVISIONED","created":"2023-04-06T19:40:10.000Z","activated":"2023-04-06T19:40:10.000Z","statusChanged":"2023-04-06T19:40:10.000Z","lastLogin":null,"lastUpdated":"2023-04-06T19:40:10.000Z","passwordChanged":null,"type":{"id":"oty5qwjvh0Vy1j8Kd1d7"},"profile":{"firstName":"TestAcc","lastName":"Smith3","mobilePhone":null,"secondEmail":null,"login":"testAcc3-replace_with_uuid@example.com","email":"testAcc3-replace_with_uuid@example.com"},"credentials":{"provider":{"type":"OKTA","name":"OKTA"}},"_links":{"self":{"href":"https://mm-oie-2022-10-07-max.oktapreview.com/api/v1/users/00u7l8jf6tVkG86TP1d7"}}},{"id":"00u7l8jjnjK9yTm0J1d7","status":"PROVISIONED","created":"2023-04-06T19:40:09.000Z","activated":"2023-04-06T19:40:10.000Z","statusChanged":"2023-04-06T19:40:10.000Z","lastLogin":null,"lastUpdated":"2023-04-06T19:40:10.000Z","passwordChanged":null,"type":{"id":"oty5qwjvh0Vy1j8Kd1d7"},"profile":{"firstName":"TestAcc","lastName":"Smith2","mobilePhone":null,"secondEmail":null,"login":"testAcc2-replace_with_uuid@example.com","email":"testAcc2-replace_with_uuid@example.com"},"credentials":{"provider":{"type":"OKTA","name":"OKTA"}},"_links":{"self":{"href":"https://mm-oie-2022-10-07-max.oktapreview.com/api/v1/users/00u7l8jjnjK9yTm0J1d7"}}},{"id":"00u7l8kfuckmhTbdr1d7","status":"PROVISIONED","created":"2023-04-06T19:40:09.000Z","activated":"2023-04-06T19:40:09.000Z","statusChanged":"2023-04-06T19:40:09.000Z","lastLogin":null,"lastUpdated":"2023-04-06T19:40:09.000Z","passwordChanged":null,"type":{"id":"oty5qwjvh0Vy1j8Kd1d7"},"profile":{"firstName":"TestAcc","lastName":"Smith1","mobilePhone":null,"secondEmail":null,"login":"testAcc1-replace_with_uuid@example.com","email":"testAcc1-replace_with_uuid@example.com"},"credentials":{"provider":{"type":"OKTA","name":"OKTA"}},"_links":{"self":{"href":"https://mm-oie-2022-10-07-max.oktapreview.com/api/v1/users/00u7l8kfuckmhTbdr1d7"}}},{"id":"00u7l8ky9xm5t8D1N1d7","status":"PROVISIONED","created":"2023-04-06T19:40:10.000Z","activated":"2023-04-06T19:40:10.000Z","statusChanged":"2023-04-06T19:40:10.000Z","lastLogin":null,"lastUpdated":"2023-04-06T19:40:10.000Z","passwordChanged":null,"type":{"id":"oty5qwjvh0Vy1j8Kd1d7"},"profile":{"firstName":"TestAcc","lastName":"Smith5","mobilePhone":null,"secondEmail":null,"login":"testAcc5-replace_with_uuid@example.com","email":"testAcc5-replace_with_uuid@example.com"},"credentials":{"provider":{"type":"OKTA","name":"OKTA"}},"_links":{"self":{"href":"https://mm-oie-2022-10-07-max.oktapreview.com/api/v1/users/00u7l8ky9xm5t8D1N1d7"}}}]'
    headers:
      Content-Type:
      - application/json
      Date:
      - Thu, 06 Apr 2023 19:40:16 GMT
      Link:
      - <https://mm-oie-2022-10-07-max.oktapreview.com/api/v1/groups/00g7l8jmv0PARiePn1d7/users?limit=200>; rel="self"
    status: 200 OK
    code: 200
    duration: ""
- request:
    body: ""
    form: {}
    headers:
      Accept:
      - application/json
      Authorization:
      - SSWS REDACTED
      User-Agent:
      - okta-sdk-golang/2.17.0 golang/go1.20.2 darwin/arm64 okta-terraform/3.44.0
    url: https://mm-oie-2022-10-07-max.oktapreview.com/api/v1/groups/rules/0pr7l8kfuqKguPrvC1d7
    method: GET
  response:
    body: '{"type":"group_rule","id":"0pr7l8kfuqKguPrvC1d7","status":"ACTIVE","name":"Group B -> A rule","conditions":{"people":{"users":{"exclude":[]},"groups":{"exclude":[]}},"expression":{"value":"isMemberOfAnyGroup(\"00g7l8j84aFXpYCir1d7\")","type":"urn:okta:expression:1.0"}},"actions":{"assignUserToGroups":{"groupIds":["00g7l8jmv0PARiePn1d7"]}},"allGroupsValid":true}'
    headers:
      Content-Type:
      - application/json
      Date:
      - Thu, 06 Apr 2023 19:40:16 GMT
    status: 200 OK
    code: 200
    duration: ""
- request:
    body: ""
    form: {}
    headers:
      Accept:
      - application/json
      Authorization:
      - SSWS REDACTED
      User-Agent:
      - okta-sdk-golang/2.17.0 golang/go1.20.2 darwin/arm64 okta-terraform/3.44.0
    url: https://mm-oie-2022-10-07-max.oktapreview.com/api/v1/groups/00g7l8j84aFXpYCir1d7
    method: GET
  response:
    body: '{"id":"00g7l8j84aFXpYCir1d7","created":"2023-04-06T19:40:09.000Z","lastUpdated":"2023-04-06T19:40:09.000Z","lastMembershipUpdated":"2023-04-06T19:40:10.000Z","objectClass":["okta:user_group"],"type":"OKTA_GROUP","profile":{"name":"TestACC Group B","description":"Group B"},"_links":{"logo":[{"name":"medium","href":"https://op3static.oktacdn.com/assets/img/logos/groups/odyssey/okta-medium.1a5ebe44c4244fb796c235d86b47e3bb.png","type":"image/png"},{"name":"large","href":"https://op3static.oktacdn.com/assets/img/logos/groups/odyssey/okta-large.d9cfbd8a00a4feac1aa5612ba02e99c0.png","type":"image/png"}],"users":{"href":"https://mm-oie-2022-10-07-max.oktapreview.com/api/v1/groups/00g7l8j84aFXpYCir1d7/users"},"apps":{"href":"https://mm-oie-2022-10-07-max.oktapreview.com/api/v1/groups/00g7l8j84aFXpYCir1d7/apps"}}}'
    headers:
      Content-Type:
      - application/json
      Date:
      - Thu, 06 Apr 2023 19:40:16 GMT
    status: 200 OK
    code: 200
    duration: ""
- request:
    body: ""
    form: {}
    headers:
      Accept:
      - application/json
      Authorization:
      - SSWS REDACTED
      User-Agent:
      - okta-sdk-golang/2.17.0 golang/go1.20.2 darwin/arm64 okta-terraform/3.44.0
    url: https://mm-oie-2022-10-07-max.oktapreview.com/api/v1/groups/00g7l8j84aFXpYCir1d7/users?limit=200
    method: GET
  response:
    body: '[{"id":"00u7l8jako3QsnM3M1d7","status":"PROVISIONED","created":"2023-04-06T19:40:10.000Z","activated":"2023-04-06T19:40:10.000Z","statusChanged":"2023-04-06T19:40:10.000Z","lastLogin":null,"lastUpdated":"2023-04-06T19:40:10.000Z","passwordChanged":null,"type":{"id":"oty5qwjvh0Vy1j8Kd1d7"},"profile":{"firstName":"TestAcc","lastName":"Smith4","mobilePhone":null,"secondEmail":null,"login":"testAcc4-replace_with_uuid@example.com","email":"testAcc4-replace_with_uuid@example.com"},"credentials":{"provider":{"type":"OKTA","name":"OKTA"}},"_links":{"self":{"href":"https://mm-oie-2022-10-07-max.oktapreview.com/api/v1/users/00u7l8jako3QsnM3M1d7"}}},{"id":"00u7l8jf6tVkG86TP1d7","status":"PROVISIONED","created":"2023-04-06T19:40:10.000Z","activated":"2023-04-06T19:40:10.000Z","statusChanged":"2023-04-06T19:40:10.000Z","lastLogin":null,"lastUpdated":"2023-04-06T19:40:10.000Z","passwordChanged":null,"type":{"id":"oty5qwjvh0Vy1j8Kd1d7"},"profile":{"firstName":"TestAcc","lastName":"Smith3","mobilePhone":null,"secondEmail":null,"login":"testAcc3-replace_with_uuid@example.com","email":"testAcc3-replace_with_uuid@example.com"},"credentials":{"provider":{"type":"OKTA","name":"OKTA"}},"_links":{"self":{"href":"https://mm-oie-2022-10-07-max.oktapreview.com/api/v1/users/00u7l8jf6tVkG86TP1d7"}}},{"id":"00u7l8ky9xm5t8D1N1d7","status":"PROVISIONED","created":"2023-04-06T19:40:10.000Z","activated":"2023-04-06T19:40:10.000Z","statusChanged":"2023-04-06T19:40:10.000Z","lastLogin":null,"lastUpdated":"2023-04-06T19:40:10.000Z","passwordChanged":null,"type":{"id":"oty5qwjvh0Vy1j8Kd1d7"},"profile":{"firstName":"TestAcc","lastName":"Smith5","mobilePhone":null,"secondEmail":null,"login":"testAcc5-replace_with_uuid@example.com","email":"testAcc5-replace_with_uuid@example.com"},"credentials":{"provider":{"type":"OKTA","name":"OKTA"}},"_links":{"self":{"href":"https://mm-oie-2022-10-07-max.oktapreview.com/api/v1/users/00u7l8ky9xm5t8D1N1d7"}}}]'
    headers:
      Content-Type:
      - application/json
      Date:
      - Thu, 06 Apr 2023 19:40:17 GMT
      Link:
      - <https://mm-oie-2022-10-07-max.oktapreview.com/api/v1/groups/00g7l8j84aFXpYCir1d7/users?limit=200>; rel="self"
    status: 200 OK
    code: 200
    duration: ""
- request:
    body: ""
    form: {}
    headers:
      Accept:
      - application/json
      Authorization:
      - SSWS REDACTED
      User-Agent:
      - okta-sdk-golang/2.17.0 golang/go1.20.2 darwin/arm64 okta-terraform/3.44.0
    url: https://mm-oie-2022-10-07-max.oktapreview.com/api/v1/groups/00g7l8jmv0PARiePn1d7
    method: GET
  response:
    body: '{"id":"00g7l8jmv0PARiePn1d7","created":"2023-04-06T19:40:09.000Z","lastUpdated":"2023-04-06T19:40:09.000Z","lastMembershipUpdated":"2023-04-06T19:40:11.000Z","objectClass":["okta:user_group"],"type":"OKTA_GROUP","profile":{"name":"TestACC Group A","description":"Group A"},"_links":{"logo":[{"name":"medium","href":"https://op3static.oktacdn.com/assets/img/logos/groups/odyssey/okta-medium.1a5ebe44c4244fb796c235d86b47e3bb.png","type":"image/png"},{"name":"large","href":"https://op3static.oktacdn.com/assets/img/logos/groups/odyssey/okta-large.d9cfbd8a00a4feac1aa5612ba02e99c0.png","type":"image/png"}],"users":{"href":"https://mm-oie-2022-10-07-max.oktapreview.com/api/v1/groups/00g7l8jmv0PARiePn1d7/users"},"apps":{"href":"https://mm-oie-2022-10-07-max.oktapreview.com/api/v1/groups/00g7l8jmv0PARiePn1d7/apps"}}}'
    headers:
      Content-Type:
      - application/json
      Date:
      - Thu, 06 Apr 2023 19:40:21 GMT
    status: 200 OK
    code: 200
    duration: ""
- request:
    body: ""
    form: {}
    headers:
      Accept:
      - application/json
      Authorization:
      - SSWS REDACTED
      User-Agent:
      - okta-sdk-golang/2.17.0 golang/go1.20.2 darwin/arm64 okta-terraform/3.44.0
    url: https://mm-oie-2022-10-07-max.oktapreview.com/api/v1/groups/00g7l8jmv0PARiePn1d7/users?limit=200
    method: GET
  response:
    body: '[{"id":"00u7l8jako3QsnM3M1d7","status":"PROVISIONED","created":"2023-04-06T19:40:10.000Z","activated":"2023-04-06T19:40:10.000Z","statusChanged":"2023-04-06T19:40:10.000Z","lastLogin":null,"lastUpdated":"2023-04-06T19:40:10.000Z","passwordChanged":null,"type":{"id":"oty5qwjvh0Vy1j8Kd1d7"},"profile":{"firstName":"TestAcc","lastName":"Smith4","mobilePhone":null,"secondEmail":null,"login":"testAcc4-replace_with_uuid@example.com","email":"testAcc4-replace_with_uuid@example.com"},"credentials":{"provider":{"type":"OKTA","name":"OKTA"}},"_links":{"self":{"href":"https://mm-oie-2022-10-07-max.oktapreview.com/api/v1/users/00u7l8jako3QsnM3M1d7"}}},{"id":"00u7l8jf6tVkG86TP1d7","status":"PROVISIONED","created":"2023-04-06T19:40:10.000Z","activated":"2023-04-06T19:40:10.000Z","statusChanged":"2023-04-06T19:40:10.000Z","lastLogin":null,"lastUpdated":"2023-04-06T19:40:10.000Z","passwordChanged":null,"type":{"id":"oty5qwjvh0Vy1j8Kd1d7"},"profile":{"firstName":"TestAcc","lastName":"Smith3","mobilePhone":null,"secondEmail":null,"login":"testAcc3-replace_with_uuid@example.com","email":"testAcc3-replace_with_uuid@example.com"},"credentials":{"provider":{"type":"OKTA","name":"OKTA"}},"_links":{"self":{"href":"https://mm-oie-2022-10-07-max.oktapreview.com/api/v1/users/00u7l8jf6tVkG86TP1d7"}}},{"id":"00u7l8jjnjK9yTm0J1d7","status":"PROVISIONED","created":"2023-04-06T19:40:09.000Z","activated":"2023-04-06T19:40:10.000Z","statusChanged":"2023-04-06T19:40:10.000Z","lastLogin":null,"lastUpdated":"2023-04-06T19:40:10.000Z","passwordChanged":null,"type":{"id":"oty5qwjvh0Vy1j8Kd1d7"},"profile":{"firstName":"TestAcc","lastName":"Smith2","mobilePhone":null,"secondEmail":null,"login":"testAcc2-replace_with_uuid@example.com","email":"testAcc2-replace_with_uuid@example.com"},"credentials":{"provider":{"type":"OKTA","name":"OKTA"}},"_links":{"self":{"href":"https://mm-oie-2022-10-07-max.oktapreview.com/api/v1/users/00u7l8jjnjK9yTm0J1d7"}}},{"id":"00u7l8kfuckmhTbdr1d7","status":"PROVISIONED","created":"2023-04-06T19:40:09.000Z","activated":"2023-04-06T19:40:09.000Z","statusChanged":"2023-04-06T19:40:09.000Z","lastLogin":null,"lastUpdated":"2023-04-06T19:40:09.000Z","passwordChanged":null,"type":{"id":"oty5qwjvh0Vy1j8Kd1d7"},"profile":{"firstName":"TestAcc","lastName":"Smith1","mobilePhone":null,"secondEmail":null,"login":"testAcc1-replace_with_uuid@example.com","email":"testAcc1-replace_with_uuid@example.com"},"credentials":{"provider":{"type":"OKTA","name":"OKTA"}},"_links":{"self":{"href":"https://mm-oie-2022-10-07-max.oktapreview.com/api/v1/users/00u7l8kfuckmhTbdr1d7"}}},{"id":"00u7l8ky9xm5t8D1N1d7","status":"PROVISIONED","created":"2023-04-06T19:40:10.000Z","activated":"2023-04-06T19:40:10.000Z","statusChanged":"2023-04-06T19:40:10.000Z","lastLogin":null,"lastUpdated":"2023-04-06T19:40:10.000Z","passwordChanged":null,"type":{"id":"oty5qwjvh0Vy1j8Kd1d7"},"profile":{"firstName":"TestAcc","lastName":"Smith5","mobilePhone":null,"secondEmail":null,"login":"testAcc5-replace_with_uuid@example.com","email":"testAcc5-replace_with_uuid@example.com"},"credentials":{"provider":{"type":"OKTA","name":"OKTA"}},"_links":{"self":{"href":"https://mm-oie-2022-10-07-max.oktapreview.com/api/v1/users/00u7l8ky9xm5t8D1N1d7"}}}]'
    headers:
      Content-Type:
      - application/json
      Date:
      - Thu, 06 Apr 2023 19:40:22 GMT
      Link:
      - <https://mm-oie-2022-10-07-max.oktapreview.com/api/v1/groups/00g7l8jmv0PARiePn1d7/users?limit=200>; rel="self"
    status: 200 OK
    code: 200
    duration: ""
- request:
    body: ""
    form: {}
    headers:
      Accept:
      - application/json
      Authorization:
      - SSWS REDACTED
      User-Agent:
      - okta-sdk-golang/2.17.0 golang/go1.20.2 darwin/arm64 okta-terraform/3.44.0
    url: https://mm-oie-2022-10-07-max.oktapreview.com/api/v1/groups/00g7l8j84aFXpYCir1d7
    method: GET
  response:
    body: '{"id":"00g7l8j84aFXpYCir1d7","created":"2023-04-06T19:40:09.000Z","lastUpdated":"2023-04-06T19:40:09.000Z","lastMembershipUpdated":"2023-04-06T19:40:10.000Z","objectClass":["okta:user_group"],"type":"OKTA_GROUP","profile":{"name":"TestACC Group B","description":"Group B"},"_links":{"logo":[{"name":"medium","href":"https://op3static.oktacdn.com/assets/img/logos/groups/odyssey/okta-medium.1a5ebe44c4244fb796c235d86b47e3bb.png","type":"image/png"},{"name":"large","href":"https://op3static.oktacdn.com/assets/img/logos/groups/odyssey/okta-large.d9cfbd8a00a4feac1aa5612ba02e99c0.png","type":"image/png"}],"users":{"href":"https://mm-oie-2022-10-07-max.oktapreview.com/api/v1/groups/00g7l8j84aFXpYCir1d7/users"},"apps":{"href":"https://mm-oie-2022-10-07-max.oktapreview.com/api/v1/groups/00g7l8j84aFXpYCir1d7/apps"}}}'
    headers:
      Content-Type:
      - application/json
      Date:
      - Thu, 06 Apr 2023 19:40:22 GMT
    status: 200 OK
    code: 200
    duration: ""
- request:
    body: ""
    form: {}
    headers:
      Accept:
      - application/json
      Authorization:
      - SSWS REDACTED
      User-Agent:
      - okta-sdk-golang/2.17.0 golang/go1.20.2 darwin/arm64 okta-terraform/3.44.0
    url: https://mm-oie-2022-10-07-max.oktapreview.com/api/v1/groups/00g7l8jmv0PARiePn1d7
    method: GET
  response:
    body: '{"id":"00g7l8jmv0PARiePn1d7","created":"2023-04-06T19:40:09.000Z","lastUpdated":"2023-04-06T19:40:09.000Z","lastMembershipUpdated":"2023-04-06T19:40:11.000Z","objectClass":["okta:user_group"],"type":"OKTA_GROUP","profile":{"name":"TestACC Group A","description":"Group A"},"_links":{"logo":[{"name":"medium","href":"https://op3static.oktacdn.com/assets/img/logos/groups/odyssey/okta-medium.1a5ebe44c4244fb796c235d86b47e3bb.png","type":"image/png"},{"name":"large","href":"https://op3static.oktacdn.com/assets/img/logos/groups/odyssey/okta-large.d9cfbd8a00a4feac1aa5612ba02e99c0.png","type":"image/png"}],"users":{"href":"https://mm-oie-2022-10-07-max.oktapreview.com/api/v1/groups/00g7l8jmv0PARiePn1d7/users"},"apps":{"href":"https://mm-oie-2022-10-07-max.oktapreview.com/api/v1/groups/00g7l8jmv0PARiePn1d7/apps"}}}'
    headers:
      Content-Type:
      - application/json
      Date:
      - Thu, 06 Apr 2023 19:40:22 GMT
    status: 200 OK
    code: 200
    duration: ""
- request:
    body: ""
    form: {}
    headers:
      Accept:
      - application/json
      Authorization:
      - SSWS REDACTED
      User-Agent:
      - okta-sdk-golang/2.17.0 golang/go1.20.2 darwin/arm64 okta-terraform/3.44.0
    url: https://mm-oie-2022-10-07-max.oktapreview.com/api/v1/users/00u7l8jjnjK9yTm0J1d7
    method: GET
  response:
    body: '{"id":"00u7l8jjnjK9yTm0J1d7","status":"PROVISIONED","created":"2023-04-06T19:40:09.000Z","activated":"2023-04-06T19:40:10.000Z","statusChanged":"2023-04-06T19:40:10.000Z","lastLogin":null,"lastUpdated":"2023-04-06T19:40:10.000Z","passwordChanged":null,"type":{"id":"oty5qwjvh0Vy1j8Kd1d7"},"profile":{"firstName":"TestAcc","lastName":"Smith2","mobilePhone":null,"secondEmail":null,"login":"testAcc2-replace_with_uuid@example.com","email":"testAcc2-replace_with_uuid@example.com"},"credentials":{"provider":{"type":"OKTA","name":"OKTA"}},"_links":{"suspend":{"href":"https://mm-oie-2022-10-07-max.oktapreview.com/api/v1/users/00u7l8jjnjK9yTm0J1d7/lifecycle/suspend","method":"POST"},"schema":{"href":"https://mm-oie-2022-10-07-max.oktapreview.com/api/v1/meta/schemas/user/osc5qwjvh0Vy1j8Kd1d7"},"resetPassword":{"href":"https://mm-oie-2022-10-07-max.oktapreview.com/api/v1/users/00u7l8jjnjK9yTm0J1d7/lifecycle/reset_password","method":"POST"},"reactivate":{"href":"https://mm-oie-2022-10-07-max.oktapreview.com/api/v1/users/00u7l8jjnjK9yTm0J1d7/lifecycle/reactivate","method":"POST"},"self":{"href":"https://mm-oie-2022-10-07-max.oktapreview.com/api/v1/users/00u7l8jjnjK9yTm0J1d7"},"resetFactors":{"href":"https://mm-oie-2022-10-07-max.oktapreview.com/api/v1/users/00u7l8jjnjK9yTm0J1d7/lifecycle/reset_factors","method":"POST"},"type":{"href":"https://mm-oie-2022-10-07-max.oktapreview.com/api/v1/meta/types/user/oty5qwjvh0Vy1j8Kd1d7"},"deactivate":{"href":"https://mm-oie-2022-10-07-max.oktapreview.com/api/v1/users/00u7l8jjnjK9yTm0J1d7/lifecycle/deactivate","method":"POST"}}}'
    headers:
      Content-Type:
      - application/json
      Date:
      - Thu, 06 Apr 2023 19:40:22 GMT
    status: 200 OK
    code: 200
    duration: ""
- request:
    body: ""
    form: {}
    headers:
      Accept:
      - application/json
      Authorization:
      - SSWS REDACTED
      User-Agent:
      - okta-sdk-golang/2.17.0 golang/go1.20.2 darwin/arm64 okta-terraform/3.44.0
    url: https://mm-oie-2022-10-07-max.oktapreview.com/api/v1/users/00u7l8kfuckmhTbdr1d7
    method: GET
  response:
    body: '{"id":"00u7l8kfuckmhTbdr1d7","status":"PROVISIONED","created":"2023-04-06T19:40:09.000Z","activated":"2023-04-06T19:40:09.000Z","statusChanged":"2023-04-06T19:40:09.000Z","lastLogin":null,"lastUpdated":"2023-04-06T19:40:09.000Z","passwordChanged":null,"type":{"id":"oty5qwjvh0Vy1j8Kd1d7"},"profile":{"firstName":"TestAcc","lastName":"Smith1","mobilePhone":null,"secondEmail":null,"login":"testAcc1-replace_with_uuid@example.com","email":"testAcc1-replace_with_uuid@example.com"},"credentials":{"provider":{"type":"OKTA","name":"OKTA"}},"_links":{"suspend":{"href":"https://mm-oie-2022-10-07-max.oktapreview.com/api/v1/users/00u7l8kfuckmhTbdr1d7/lifecycle/suspend","method":"POST"},"schema":{"href":"https://mm-oie-2022-10-07-max.oktapreview.com/api/v1/meta/schemas/user/osc5qwjvh0Vy1j8Kd1d7"},"resetPassword":{"href":"https://mm-oie-2022-10-07-max.oktapreview.com/api/v1/users/00u7l8kfuckmhTbdr1d7/lifecycle/reset_password","method":"POST"},"reactivate":{"href":"https://mm-oie-2022-10-07-max.oktapreview.com/api/v1/users/00u7l8kfuckmhTbdr1d7/lifecycle/reactivate","method":"POST"},"self":{"href":"https://mm-oie-2022-10-07-max.oktapreview.com/api/v1/users/00u7l8kfuckmhTbdr1d7"},"resetFactors":{"href":"https://mm-oie-2022-10-07-max.oktapreview.com/api/v1/users/00u7l8kfuckmhTbdr1d7/lifecycle/reset_factors","method":"POST"},"type":{"href":"https://mm-oie-2022-10-07-max.oktapreview.com/api/v1/meta/types/user/oty5qwjvh0Vy1j8Kd1d7"},"deactivate":{"href":"https://mm-oie-2022-10-07-max.oktapreview.com/api/v1/users/00u7l8kfuckmhTbdr1d7/lifecycle/deactivate","method":"POST"}}}'
    headers:
      Content-Type:
      - application/json
      Date:
      - Thu, 06 Apr 2023 19:40:22 GMT
    status: 200 OK
    code: 200
    duration: ""
- request:
    body: ""
    form: {}
    headers:
      Accept:
      - application/json
      Authorization:
      - SSWS REDACTED
      User-Agent:
      - okta-sdk-golang/2.17.0 golang/go1.20.2 darwin/arm64 okta-terraform/3.44.0
    url: https://mm-oie-2022-10-07-max.oktapreview.com/api/v1/users/00u7l8jako3QsnM3M1d7
    method: GET
  response:
    body: '{"id":"00u7l8jako3QsnM3M1d7","status":"PROVISIONED","created":"2023-04-06T19:40:10.000Z","activated":"2023-04-06T19:40:10.000Z","statusChanged":"2023-04-06T19:40:10.000Z","lastLogin":null,"lastUpdated":"2023-04-06T19:40:10.000Z","passwordChanged":null,"type":{"id":"oty5qwjvh0Vy1j8Kd1d7"},"profile":{"firstName":"TestAcc","lastName":"Smith4","mobilePhone":null,"secondEmail":null,"login":"testAcc4-replace_with_uuid@example.com","email":"testAcc4-replace_with_uuid@example.com"},"credentials":{"provider":{"type":"OKTA","name":"OKTA"}},"_links":{"suspend":{"href":"https://mm-oie-2022-10-07-max.oktapreview.com/api/v1/users/00u7l8jako3QsnM3M1d7/lifecycle/suspend","method":"POST"},"schema":{"href":"https://mm-oie-2022-10-07-max.oktapreview.com/api/v1/meta/schemas/user/osc5qwjvh0Vy1j8Kd1d7"},"resetPassword":{"href":"https://mm-oie-2022-10-07-max.oktapreview.com/api/v1/users/00u7l8jako3QsnM3M1d7/lifecycle/reset_password","method":"POST"},"reactivate":{"href":"https://mm-oie-2022-10-07-max.oktapreview.com/api/v1/users/00u7l8jako3QsnM3M1d7/lifecycle/reactivate","method":"POST"},"self":{"href":"https://mm-oie-2022-10-07-max.oktapreview.com/api/v1/users/00u7l8jako3QsnM3M1d7"},"resetFactors":{"href":"https://mm-oie-2022-10-07-max.oktapreview.com/api/v1/users/00u7l8jako3QsnM3M1d7/lifecycle/reset_factors","method":"POST"},"type":{"href":"https://mm-oie-2022-10-07-max.oktapreview.com/api/v1/meta/types/user/oty5qwjvh0Vy1j8Kd1d7"},"deactivate":{"href":"https://mm-oie-2022-10-07-max.oktapreview.com/api/v1/users/00u7l8jako3QsnM3M1d7/lifecycle/deactivate","method":"POST"}}}'
    headers:
      Content-Type:
      - application/json
      Date:
      - Thu, 06 Apr 2023 19:40:22 GMT
    status: 200 OK
    code: 200
    duration: ""
- request:
    body: ""
    form: {}
    headers:
      Accept:
      - application/json
      Authorization:
      - SSWS REDACTED
      User-Agent:
      - okta-sdk-golang/2.17.0 golang/go1.20.2 darwin/arm64 okta-terraform/3.44.0
    url: https://mm-oie-2022-10-07-max.oktapreview.com/api/v1/users/00u7l8jf6tVkG86TP1d7
    method: GET
  response:
    body: '{"id":"00u7l8jf6tVkG86TP1d7","status":"PROVISIONED","created":"2023-04-06T19:40:10.000Z","activated":"2023-04-06T19:40:10.000Z","statusChanged":"2023-04-06T19:40:10.000Z","lastLogin":null,"lastUpdated":"2023-04-06T19:40:10.000Z","passwordChanged":null,"type":{"id":"oty5qwjvh0Vy1j8Kd1d7"},"profile":{"firstName":"TestAcc","lastName":"Smith3","mobilePhone":null,"secondEmail":null,"login":"testAcc3-replace_with_uuid@example.com","email":"testAcc3-replace_with_uuid@example.com"},"credentials":{"provider":{"type":"OKTA","name":"OKTA"}},"_links":{"suspend":{"href":"https://mm-oie-2022-10-07-max.oktapreview.com/api/v1/users/00u7l8jf6tVkG86TP1d7/lifecycle/suspend","method":"POST"},"schema":{"href":"https://mm-oie-2022-10-07-max.oktapreview.com/api/v1/meta/schemas/user/osc5qwjvh0Vy1j8Kd1d7"},"resetPassword":{"href":"https://mm-oie-2022-10-07-max.oktapreview.com/api/v1/users/00u7l8jf6tVkG86TP1d7/lifecycle/reset_password","method":"POST"},"reactivate":{"href":"https://mm-oie-2022-10-07-max.oktapreview.com/api/v1/users/00u7l8jf6tVkG86TP1d7/lifecycle/reactivate","method":"POST"},"self":{"href":"https://mm-oie-2022-10-07-max.oktapreview.com/api/v1/users/00u7l8jf6tVkG86TP1d7"},"resetFactors":{"href":"https://mm-oie-2022-10-07-max.oktapreview.com/api/v1/users/00u7l8jf6tVkG86TP1d7/lifecycle/reset_factors","method":"POST"},"type":{"href":"https://mm-oie-2022-10-07-max.oktapreview.com/api/v1/meta/types/user/oty5qwjvh0Vy1j8Kd1d7"},"deactivate":{"href":"https://mm-oie-2022-10-07-max.oktapreview.com/api/v1/users/00u7l8jf6tVkG86TP1d7/lifecycle/deactivate","method":"POST"}}}'
    headers:
      Content-Type:
      - application/json
      Date:
      - Thu, 06 Apr 2023 19:40:22 GMT
    status: 200 OK
    code: 200
    duration: ""
- request:
    body: ""
    form: {}
    headers:
      Accept:
      - application/json
      Authorization:
      - SSWS REDACTED
      User-Agent:
      - okta-sdk-golang/2.17.0 golang/go1.20.2 darwin/arm64 okta-terraform/3.44.0
    url: https://mm-oie-2022-10-07-max.oktapreview.com/api/v1/users/00u7l8ky9xm5t8D1N1d7
    method: GET
  response:
    body: '{"id":"00u7l8ky9xm5t8D1N1d7","status":"PROVISIONED","created":"2023-04-06T19:40:10.000Z","activated":"2023-04-06T19:40:10.000Z","statusChanged":"2023-04-06T19:40:10.000Z","lastLogin":null,"lastUpdated":"2023-04-06T19:40:10.000Z","passwordChanged":null,"type":{"id":"oty5qwjvh0Vy1j8Kd1d7"},"profile":{"firstName":"TestAcc","lastName":"Smith5","mobilePhone":null,"secondEmail":null,"login":"testAcc5-replace_with_uuid@example.com","email":"testAcc5-replace_with_uuid@example.com"},"credentials":{"provider":{"type":"OKTA","name":"OKTA"}},"_links":{"suspend":{"href":"https://mm-oie-2022-10-07-max.oktapreview.com/api/v1/users/00u7l8ky9xm5t8D1N1d7/lifecycle/suspend","method":"POST"},"schema":{"href":"https://mm-oie-2022-10-07-max.oktapreview.com/api/v1/meta/schemas/user/osc5qwjvh0Vy1j8Kd1d7"},"resetPassword":{"href":"https://mm-oie-2022-10-07-max.oktapreview.com/api/v1/users/00u7l8ky9xm5t8D1N1d7/lifecycle/reset_password","method":"POST"},"reactivate":{"href":"https://mm-oie-2022-10-07-max.oktapreview.com/api/v1/users/00u7l8ky9xm5t8D1N1d7/lifecycle/reactivate","method":"POST"},"self":{"href":"https://mm-oie-2022-10-07-max.oktapreview.com/api/v1/users/00u7l8ky9xm5t8D1N1d7"},"resetFactors":{"href":"https://mm-oie-2022-10-07-max.oktapreview.com/api/v1/users/00u7l8ky9xm5t8D1N1d7/lifecycle/reset_factors","method":"POST"},"type":{"href":"https://mm-oie-2022-10-07-max.oktapreview.com/api/v1/meta/types/user/oty5qwjvh0Vy1j8Kd1d7"},"deactivate":{"href":"https://mm-oie-2022-10-07-max.oktapreview.com/api/v1/users/00u7l8ky9xm5t8D1N1d7/lifecycle/deactivate","method":"POST"}}}'
    headers:
      Content-Type:
      - application/json
      Date:
      - Thu, 06 Apr 2023 19:40:22 GMT
    status: 200 OK
    code: 200
    duration: ""
- request:
    body: ""
    form: {}
    headers:
      Accept:
      - application/json
      Authorization:
      - SSWS REDACTED
      User-Agent:
      - okta-sdk-golang/2.17.0 golang/go1.20.2 darwin/arm64 okta-terraform/3.44.0
    url: https://mm-oie-2022-10-07-max.oktapreview.com/api/v1/users/00u7l8jjnjK9yTm0J1d7/roles
    method: GET
  response:
    body: '[]'
    headers:
      Content-Type:
      - application/json
      Date:
      - Thu, 06 Apr 2023 19:40:22 GMT
    status: 200 OK
    code: 200
    duration: ""
- request:
    body: ""
    form: {}
    headers:
      Accept:
      - application/json
      Authorization:
      - SSWS REDACTED
      User-Agent:
      - okta-sdk-golang/2.17.0 golang/go1.20.2 darwin/arm64 okta-terraform/3.44.0
    url: https://mm-oie-2022-10-07-max.oktapreview.com/api/v1/users/00u7l8kfuckmhTbdr1d7/roles
    method: GET
  response:
    body: '[]'
    headers:
      Content-Type:
      - application/json
      Date:
      - Thu, 06 Apr 2023 19:40:22 GMT
    status: 200 OK
    code: 200
    duration: ""
- request:
    body: ""
    form: {}
    headers:
      Accept:
      - application/json
      Authorization:
      - SSWS REDACTED
      User-Agent:
      - okta-sdk-golang/2.17.0 golang/go1.20.2 darwin/arm64 okta-terraform/3.44.0
    url: https://mm-oie-2022-10-07-max.oktapreview.com/api/v1/users/00u7l8jf6tVkG86TP1d7/roles
    method: GET
  response:
    body: '[]'
    headers:
      Content-Type:
      - application/json
      Date:
      - Thu, 06 Apr 2023 19:40:22 GMT
    status: 200 OK
    code: 200
    duration: ""
- request:
    body: ""
    form: {}
    headers:
      Accept:
      - application/json
      Authorization:
      - SSWS REDACTED
      User-Agent:
      - okta-sdk-golang/2.17.0 golang/go1.20.2 darwin/arm64 okta-terraform/3.44.0
    url: https://mm-oie-2022-10-07-max.oktapreview.com/api/v1/users/00u7l8jako3QsnM3M1d7/roles
    method: GET
  response:
    body: '[]'
    headers:
      Content-Type:
      - application/json
      Date:
      - Thu, 06 Apr 2023 19:40:22 GMT
    status: 200 OK
    code: 200
    duration: ""
- request:
    body: ""
    form: {}
    headers:
      Accept:
      - application/json
      Authorization:
      - SSWS REDACTED
      User-Agent:
      - okta-sdk-golang/2.17.0 golang/go1.20.2 darwin/arm64 okta-terraform/3.44.0
    url: https://mm-oie-2022-10-07-max.oktapreview.com/api/v1/users/00u7l8ky9xm5t8D1N1d7/roles
    method: GET
  response:
    body: '[]'
    headers:
      Content-Type:
      - application/json
      Date:
      - Thu, 06 Apr 2023 19:40:22 GMT
    status: 200 OK
    code: 200
    duration: ""
- request:
    body: ""
    form: {}
    headers:
      Accept:
      - application/json
      Authorization:
      - SSWS REDACTED
      User-Agent:
      - okta-sdk-golang/2.17.0 golang/go1.20.2 darwin/arm64 okta-terraform/3.44.0
    url: https://mm-oie-2022-10-07-max.oktapreview.com/api/v1/groups/00g7l8jmv0PARiePn1d7/users?limit=200
    method: GET
  response:
    body: '[{"id":"00u7l8jako3QsnM3M1d7","status":"PROVISIONED","created":"2023-04-06T19:40:10.000Z","activated":"2023-04-06T19:40:10.000Z","statusChanged":"2023-04-06T19:40:10.000Z","lastLogin":null,"lastUpdated":"2023-04-06T19:40:10.000Z","passwordChanged":null,"type":{"id":"oty5qwjvh0Vy1j8Kd1d7"},"profile":{"firstName":"TestAcc","lastName":"Smith4","mobilePhone":null,"secondEmail":null,"login":"testAcc4-replace_with_uuid@example.com","email":"testAcc4-replace_with_uuid@example.com"},"credentials":{"provider":{"type":"OKTA","name":"OKTA"}},"_links":{"self":{"href":"https://mm-oie-2022-10-07-max.oktapreview.com/api/v1/users/00u7l8jako3QsnM3M1d7"}}},{"id":"00u7l8jf6tVkG86TP1d7","status":"PROVISIONED","created":"2023-04-06T19:40:10.000Z","activated":"2023-04-06T19:40:10.000Z","statusChanged":"2023-04-06T19:40:10.000Z","lastLogin":null,"lastUpdated":"2023-04-06T19:40:10.000Z","passwordChanged":null,"type":{"id":"oty5qwjvh0Vy1j8Kd1d7"},"profile":{"firstName":"TestAcc","lastName":"Smith3","mobilePhone":null,"secondEmail":null,"login":"testAcc3-replace_with_uuid@example.com","email":"testAcc3-replace_with_uuid@example.com"},"credentials":{"provider":{"type":"OKTA","name":"OKTA"}},"_links":{"self":{"href":"https://mm-oie-2022-10-07-max.oktapreview.com/api/v1/users/00u7l8jf6tVkG86TP1d7"}}},{"id":"00u7l8jjnjK9yTm0J1d7","status":"PROVISIONED","created":"2023-04-06T19:40:09.000Z","activated":"2023-04-06T19:40:10.000Z","statusChanged":"2023-04-06T19:40:10.000Z","lastLogin":null,"lastUpdated":"2023-04-06T19:40:10.000Z","passwordChanged":null,"type":{"id":"oty5qwjvh0Vy1j8Kd1d7"},"profile":{"firstName":"TestAcc","lastName":"Smith2","mobilePhone":null,"secondEmail":null,"login":"testAcc2-replace_with_uuid@example.com","email":"testAcc2-replace_with_uuid@example.com"},"credentials":{"provider":{"type":"OKTA","name":"OKTA"}},"_links":{"self":{"href":"https://mm-oie-2022-10-07-max.oktapreview.com/api/v1/users/00u7l8jjnjK9yTm0J1d7"}}},{"id":"00u7l8kfuckmhTbdr1d7","status":"PROVISIONED","created":"2023-04-06T19:40:09.000Z","activated":"2023-04-06T19:40:09.000Z","statusChanged":"2023-04-06T19:40:09.000Z","lastLogin":null,"lastUpdated":"2023-04-06T19:40:09.000Z","passwordChanged":null,"type":{"id":"oty5qwjvh0Vy1j8Kd1d7"},"profile":{"firstName":"TestAcc","lastName":"Smith1","mobilePhone":null,"secondEmail":null,"login":"testAcc1-replace_with_uuid@example.com","email":"testAcc1-replace_with_uuid@example.com"},"credentials":{"provider":{"type":"OKTA","name":"OKTA"}},"_links":{"self":{"href":"https://mm-oie-2022-10-07-max.oktapreview.com/api/v1/users/00u7l8kfuckmhTbdr1d7"}}},{"id":"00u7l8ky9xm5t8D1N1d7","status":"PROVISIONED","created":"2023-04-06T19:40:10.000Z","activated":"2023-04-06T19:40:10.000Z","statusChanged":"2023-04-06T19:40:10.000Z","lastLogin":null,"lastUpdated":"2023-04-06T19:40:10.000Z","passwordChanged":null,"type":{"id":"oty5qwjvh0Vy1j8Kd1d7"},"profile":{"firstName":"TestAcc","lastName":"Smith5","mobilePhone":null,"secondEmail":null,"login":"testAcc5-replace_with_uuid@example.com","email":"testAcc5-replace_with_uuid@example.com"},"credentials":{"provider":{"type":"OKTA","name":"OKTA"}},"_links":{"self":{"href":"https://mm-oie-2022-10-07-max.oktapreview.com/api/v1/users/00u7l8ky9xm5t8D1N1d7"}}}]'
    headers:
      Content-Type:
      - application/json
      Date:
      - Thu, 06 Apr 2023 19:40:22 GMT
      Link:
      - <https://mm-oie-2022-10-07-max.oktapreview.com/api/v1/groups/00g7l8jmv0PARiePn1d7/users?limit=200>; rel="self"
    status: 200 OK
    code: 200
    duration: ""
- request:
    body: ""
    form: {}
    headers:
      Accept:
      - application/json
      Authorization:
      - SSWS REDACTED
      User-Agent:
      - okta-sdk-golang/2.17.0 golang/go1.20.2 darwin/arm64 okta-terraform/3.44.0
    url: https://mm-oie-2022-10-07-max.oktapreview.com/api/v1/users/00u7l8jf6tVkG86TP1d7/groups
    method: GET
  response:
    body: '[{"id":"00g5qwjvgrD3WR89l1d7","created":"2022-10-07T23:16:57.000Z","lastUpdated":"2022-10-07T23:16:57.000Z","lastMembershipUpdated":"2023-04-06T19:40:10.000Z","objectClass":["okta:user_group"],"type":"BUILT_IN","profile":{"name":"Everyone","description":"All users in your organization"},"_links":{"logo":[{"name":"medium","href":"https://op3static.oktacdn.com/assets/img/logos/groups/odyssey/okta-medium.1a5ebe44c4244fb796c235d86b47e3bb.png","type":"image/png"},{"name":"large","href":"https://op3static.oktacdn.com/assets/img/logos/groups/odyssey/okta-large.d9cfbd8a00a4feac1aa5612ba02e99c0.png","type":"image/png"}],"users":{"href":"https://mm-oie-2022-10-07-max.oktapreview.com/api/v1/groups/00g5qwjvgrD3WR89l1d7/users"},"apps":{"href":"https://mm-oie-2022-10-07-max.oktapreview.com/api/v1/groups/00g5qwjvgrD3WR89l1d7/apps"}}},{"id":"00g7l8j84aFXpYCir1d7","created":"2023-04-06T19:40:09.000Z","lastUpdated":"2023-04-06T19:40:09.000Z","lastMembershipUpdated":"2023-04-06T19:40:10.000Z","objectClass":["okta:user_group"],"type":"OKTA_GROUP","profile":{"name":"TestACC Group B","description":"Group B"},"_links":{"logo":[{"name":"medium","href":"https://op3static.oktacdn.com/assets/img/logos/groups/odyssey/okta-medium.1a5ebe44c4244fb796c235d86b47e3bb.png","type":"image/png"},{"name":"large","href":"https://op3static.oktacdn.com/assets/img/logos/groups/odyssey/okta-large.d9cfbd8a00a4feac1aa5612ba02e99c0.png","type":"image/png"}],"users":{"href":"https://mm-oie-2022-10-07-max.oktapreview.com/api/v1/groups/00g7l8j84aFXpYCir1d7/users"},"apps":{"href":"https://mm-oie-2022-10-07-max.oktapreview.com/api/v1/groups/00g7l8j84aFXpYCir1d7/apps"}}},{"id":"00g7l8jmv0PARiePn1d7","created":"2023-04-06T19:40:09.000Z","lastUpdated":"2023-04-06T19:40:09.000Z","lastMembershipUpdated":"2023-04-06T19:40:11.000Z","objectClass":["okta:user_group"],"type":"OKTA_GROUP","profile":{"name":"TestACC Group A","description":"Group A"},"_links":{"logo":[{"name":"medium","href":"https://op3static.oktacdn.com/assets/img/logos/groups/odyssey/okta-medium.1a5ebe44c4244fb796c235d86b47e3bb.png","type":"image/png"},{"name":"large","href":"https://op3static.oktacdn.com/assets/img/logos/groups/odyssey/okta-large.d9cfbd8a00a4feac1aa5612ba02e99c0.png","type":"image/png"}],"users":{"href":"https://mm-oie-2022-10-07-max.oktapreview.com/api/v1/groups/00g7l8jmv0PARiePn1d7/users"},"apps":{"href":"https://mm-oie-2022-10-07-max.oktapreview.com/api/v1/groups/00g7l8jmv0PARiePn1d7/apps"}}}]'
    headers:
      Content-Type:
      - application/json
      Date:
      - Thu, 06 Apr 2023 19:40:22 GMT
      Link:
      - <https://mm-oie-2022-10-07-max.oktapreview.com/api/v1/users/00u7l8jf6tVkG86TP1d7/groups?limit=200>; rel="self"
    status: 200 OK
    code: 200
    duration: ""
- request:
    body: ""
    form: {}
    headers:
      Accept:
      - application/json
      Authorization:
      - SSWS REDACTED
      User-Agent:
      - okta-sdk-golang/2.17.0 golang/go1.20.2 darwin/arm64 okta-terraform/3.44.0
    url: https://mm-oie-2022-10-07-max.oktapreview.com/api/v1/users/00u7l8jako3QsnM3M1d7/groups
    method: GET
  response:
    body: '[{"id":"00g5qwjvgrD3WR89l1d7","created":"2022-10-07T23:16:57.000Z","lastUpdated":"2022-10-07T23:16:57.000Z","lastMembershipUpdated":"2023-04-06T19:40:10.000Z","objectClass":["okta:user_group"],"type":"BUILT_IN","profile":{"name":"Everyone","description":"All users in your organization"},"_links":{"logo":[{"name":"medium","href":"https://op3static.oktacdn.com/assets/img/logos/groups/odyssey/okta-medium.1a5ebe44c4244fb796c235d86b47e3bb.png","type":"image/png"},{"name":"large","href":"https://op3static.oktacdn.com/assets/img/logos/groups/odyssey/okta-large.d9cfbd8a00a4feac1aa5612ba02e99c0.png","type":"image/png"}],"users":{"href":"https://mm-oie-2022-10-07-max.oktapreview.com/api/v1/groups/00g5qwjvgrD3WR89l1d7/users"},"apps":{"href":"https://mm-oie-2022-10-07-max.oktapreview.com/api/v1/groups/00g5qwjvgrD3WR89l1d7/apps"}}},{"id":"00g7l8j84aFXpYCir1d7","created":"2023-04-06T19:40:09.000Z","lastUpdated":"2023-04-06T19:40:09.000Z","lastMembershipUpdated":"2023-04-06T19:40:10.000Z","objectClass":["okta:user_group"],"type":"OKTA_GROUP","profile":{"name":"TestACC Group B","description":"Group B"},"_links":{"logo":[{"name":"medium","href":"https://op3static.oktacdn.com/assets/img/logos/groups/odyssey/okta-medium.1a5ebe44c4244fb796c235d86b47e3bb.png","type":"image/png"},{"name":"large","href":"https://op3static.oktacdn.com/assets/img/logos/groups/odyssey/okta-large.d9cfbd8a00a4feac1aa5612ba02e99c0.png","type":"image/png"}],"users":{"href":"https://mm-oie-2022-10-07-max.oktapreview.com/api/v1/groups/00g7l8j84aFXpYCir1d7/users"},"apps":{"href":"https://mm-oie-2022-10-07-max.oktapreview.com/api/v1/groups/00g7l8j84aFXpYCir1d7/apps"}}},{"id":"00g7l8jmv0PARiePn1d7","created":"2023-04-06T19:40:09.000Z","lastUpdated":"2023-04-06T19:40:09.000Z","lastMembershipUpdated":"2023-04-06T19:40:11.000Z","objectClass":["okta:user_group"],"type":"OKTA_GROUP","profile":{"name":"TestACC Group A","description":"Group A"},"_links":{"logo":[{"name":"medium","href":"https://op3static.oktacdn.com/assets/img/logos/groups/odyssey/okta-medium.1a5ebe44c4244fb796c235d86b47e3bb.png","type":"image/png"},{"name":"large","href":"https://op3static.oktacdn.com/assets/img/logos/groups/odyssey/okta-large.d9cfbd8a00a4feac1aa5612ba02e99c0.png","type":"image/png"}],"users":{"href":"https://mm-oie-2022-10-07-max.oktapreview.com/api/v1/groups/00g7l8jmv0PARiePn1d7/users"},"apps":{"href":"https://mm-oie-2022-10-07-max.oktapreview.com/api/v1/groups/00g7l8jmv0PARiePn1d7/apps"}}}]'
    headers:
      Content-Type:
      - application/json
      Date:
      - Thu, 06 Apr 2023 19:40:22 GMT
      Link:
      - <https://mm-oie-2022-10-07-max.oktapreview.com/api/v1/users/00u7l8jako3QsnM3M1d7/groups?limit=200>; rel="self"
    status: 200 OK
    code: 200
    duration: ""
- request:
    body: ""
    form: {}
    headers:
      Accept:
      - application/json
      Authorization:
      - SSWS REDACTED
      User-Agent:
      - okta-sdk-golang/2.17.0 golang/go1.20.2 darwin/arm64 okta-terraform/3.44.0
    url: https://mm-oie-2022-10-07-max.oktapreview.com/api/v1/users/00u7l8ky9xm5t8D1N1d7/groups
    method: GET
  response:
    body: '[{"id":"00g5qwjvgrD3WR89l1d7","created":"2022-10-07T23:16:57.000Z","lastUpdated":"2022-10-07T23:16:57.000Z","lastMembershipUpdated":"2023-04-06T19:40:10.000Z","objectClass":["okta:user_group"],"type":"BUILT_IN","profile":{"name":"Everyone","description":"All users in your organization"},"_links":{"logo":[{"name":"medium","href":"https://op3static.oktacdn.com/assets/img/logos/groups/odyssey/okta-medium.1a5ebe44c4244fb796c235d86b47e3bb.png","type":"image/png"},{"name":"large","href":"https://op3static.oktacdn.com/assets/img/logos/groups/odyssey/okta-large.d9cfbd8a00a4feac1aa5612ba02e99c0.png","type":"image/png"}],"users":{"href":"https://mm-oie-2022-10-07-max.oktapreview.com/api/v1/groups/00g5qwjvgrD3WR89l1d7/users"},"apps":{"href":"https://mm-oie-2022-10-07-max.oktapreview.com/api/v1/groups/00g5qwjvgrD3WR89l1d7/apps"}}},{"id":"00g7l8j84aFXpYCir1d7","created":"2023-04-06T19:40:09.000Z","lastUpdated":"2023-04-06T19:40:09.000Z","lastMembershipUpdated":"2023-04-06T19:40:10.000Z","objectClass":["okta:user_group"],"type":"OKTA_GROUP","profile":{"name":"TestACC Group B","description":"Group B"},"_links":{"logo":[{"name":"medium","href":"https://op3static.oktacdn.com/assets/img/logos/groups/odyssey/okta-medium.1a5ebe44c4244fb796c235d86b47e3bb.png","type":"image/png"},{"name":"large","href":"https://op3static.oktacdn.com/assets/img/logos/groups/odyssey/okta-large.d9cfbd8a00a4feac1aa5612ba02e99c0.png","type":"image/png"}],"users":{"href":"https://mm-oie-2022-10-07-max.oktapreview.com/api/v1/groups/00g7l8j84aFXpYCir1d7/users"},"apps":{"href":"https://mm-oie-2022-10-07-max.oktapreview.com/api/v1/groups/00g7l8j84aFXpYCir1d7/apps"}}},{"id":"00g7l8jmv0PARiePn1d7","created":"2023-04-06T19:40:09.000Z","lastUpdated":"2023-04-06T19:40:09.000Z","lastMembershipUpdated":"2023-04-06T19:40:11.000Z","objectClass":["okta:user_group"],"type":"OKTA_GROUP","profile":{"name":"TestACC Group A","description":"Group A"},"_links":{"logo":[{"name":"medium","href":"https://op3static.oktacdn.com/assets/img/logos/groups/odyssey/okta-medium.1a5ebe44c4244fb796c235d86b47e3bb.png","type":"image/png"},{"name":"large","href":"https://op3static.oktacdn.com/assets/img/logos/groups/odyssey/okta-large.d9cfbd8a00a4feac1aa5612ba02e99c0.png","type":"image/png"}],"users":{"href":"https://mm-oie-2022-10-07-max.oktapreview.com/api/v1/groups/00g7l8jmv0PARiePn1d7/users"},"apps":{"href":"https://mm-oie-2022-10-07-max.oktapreview.com/api/v1/groups/00g7l8jmv0PARiePn1d7/apps"}}}]'
    headers:
      Content-Type:
      - application/json
      Date:
      - Thu, 06 Apr 2023 19:40:22 GMT
      Link:
      - <https://mm-oie-2022-10-07-max.oktapreview.com/api/v1/users/00u7l8ky9xm5t8D1N1d7/groups?limit=200>; rel="self"
    status: 200 OK
    code: 200
    duration: ""
- request:
    body: ""
    form: {}
    headers:
      Accept:
      - application/json
      Authorization:
      - SSWS REDACTED
      User-Agent:
      - okta-sdk-golang/2.17.0 golang/go1.20.2 darwin/arm64 okta-terraform/3.44.0
    url: https://mm-oie-2022-10-07-max.oktapreview.com/api/v1/groups/rules/0pr7l8kfuqKguPrvC1d7
    method: GET
  response:
    body: '{"type":"group_rule","id":"0pr7l8kfuqKguPrvC1d7","status":"ACTIVE","name":"Group B -> A rule","conditions":{"people":{"users":{"exclude":[]},"groups":{"exclude":[]}},"expression":{"value":"isMemberOfAnyGroup(\"00g7l8j84aFXpYCir1d7\")","type":"urn:okta:expression:1.0"}},"actions":{"assignUserToGroups":{"groupIds":["00g7l8jmv0PARiePn1d7"]}},"allGroupsValid":true}'
    headers:
      Content-Type:
      - application/json
      Date:
      - Thu, 06 Apr 2023 19:40:22 GMT
    status: 200 OK
    code: 200
    duration: ""
- request:
    body: ""
    form: {}
    headers:
      Accept:
      - application/json
      Authorization:
      - SSWS REDACTED
      User-Agent:
      - okta-sdk-golang/2.17.0 golang/go1.20.2 darwin/arm64 okta-terraform/3.44.0
    url: https://mm-oie-2022-10-07-max.oktapreview.com/api/v1/groups/rules/0pr7l8kfuqKguPrvC1d7
    method: GET
  response:
    body: '{"type":"group_rule","id":"0pr7l8kfuqKguPrvC1d7","status":"ACTIVE","name":"Group B -> A rule","conditions":{"people":{"users":{"exclude":[]},"groups":{"exclude":[]}},"expression":{"value":"isMemberOfAnyGroup(\"00g7l8j84aFXpYCir1d7\")","type":"urn:okta:expression:1.0"}},"actions":{"assignUserToGroups":{"groupIds":["00g7l8jmv0PARiePn1d7"]}},"allGroupsValid":true}'
    headers:
      Content-Type:
      - application/json
      Date:
      - Thu, 06 Apr 2023 19:40:22 GMT
    status: 200 OK
    code: 200
    duration: ""
- request:
    body: ""
    form: {}
    headers:
      Accept:
      - application/json
      Authorization:
      - SSWS REDACTED
      User-Agent:
      - okta-sdk-golang/2.17.0 golang/go1.20.2 darwin/arm64 okta-terraform/3.44.0
    url: https://mm-oie-2022-10-07-max.oktapreview.com/api/v1/groups/rules/0pr7l8kfuqKguPrvC1d7
    method: GET
  response:
    body: '{"type":"group_rule","id":"0pr7l8kfuqKguPrvC1d7","status":"ACTIVE","name":"Group B -> A rule","conditions":{"people":{"users":{"exclude":[]},"groups":{"exclude":[]}},"expression":{"value":"isMemberOfAnyGroup(\"00g7l8j84aFXpYCir1d7\")","type":"urn:okta:expression:1.0"}},"actions":{"assignUserToGroups":{"groupIds":["00g7l8jmv0PARiePn1d7"]}},"allGroupsValid":true}'
    headers:
      Content-Type:
      - application/json
      Date:
      - Thu, 06 Apr 2023 19:40:23 GMT
    status: 200 OK
    code: 200
    duration: ""
- request:
    body: ""
    form: {}
    headers:
      Accept:
      - application/json
      Authorization:
      - SSWS REDACTED
      User-Agent:
      - okta-sdk-golang/2.17.0 golang/go1.20.2 darwin/arm64 okta-terraform/3.44.0
    url: https://mm-oie-2022-10-07-max.oktapreview.com/api/v1/groups/rules/0pr7l8kfuqKguPrvC1d7/lifecycle/deactivate
    method: POST
  response:
    body: ""
    headers:
      Date:
      - Thu, 06 Apr 2023 19:40:23 GMT
    status: 204 No Content
    code: 204
    duration: ""
- request:
    body: ""
    form: {}
    headers:
      Accept:
      - application/json
      Authorization:
      - SSWS REDACTED
      User-Agent:
      - okta-sdk-golang/2.17.0 golang/go1.20.2 darwin/arm64 okta-terraform/3.44.0
    url: https://mm-oie-2022-10-07-max.oktapreview.com/api/v1/groups/rules/0pr7l8kfuqKguPrvC1d7?removeUsers=false
    method: DELETE
  response:
    body: '{}'
    headers:
      Content-Type:
      - application/json
      Date:
      - Thu, 06 Apr 2023 19:40:23 GMT
    status: 202 Accepted
    code: 202
    duration: ""
- request:
    body: ""
    form: {}
    headers:
      Accept:
      - application/json
      Authorization:
      - SSWS REDACTED
      User-Agent:
      - okta-sdk-golang/2.17.0 golang/go1.20.2 darwin/arm64 okta-terraform/3.44.0
    url: https://mm-oie-2022-10-07-max.oktapreview.com/api/v1/groups/00g7l8jmv0PARiePn1d7/users/00u7l8kfuckmhTbdr1d7
    method: DELETE
  response:
    body: ""
    headers:
      Date:
      - Thu, 06 Apr 2023 19:40:23 GMT
    status: 204 No Content
    code: 204
    duration: ""
- request:
    body: ""
    form: {}
    headers:
      Accept:
      - application/json
      Authorization:
      - SSWS REDACTED
      User-Agent:
      - okta-sdk-golang/2.17.0 golang/go1.20.2 darwin/arm64 okta-terraform/3.44.0
    url: https://mm-oie-2022-10-07-max.oktapreview.com/api/v1/users/00u7l8ky9xm5t8D1N1d7
    method: DELETE
  response:
    body: ""
    headers:
      Date:
      - Thu, 06 Apr 2023 19:40:23 GMT
    status: 204 No Content
    code: 204
    duration: ""
- request:
    body: ""
    form: {}
    headers:
      Accept:
      - application/json
      Authorization:
      - SSWS REDACTED
      User-Agent:
      - okta-sdk-golang/2.17.0 golang/go1.20.2 darwin/arm64 okta-terraform/3.44.0
    url: https://mm-oie-2022-10-07-max.oktapreview.com/api/v1/users/00u7l8jf6tVkG86TP1d7
    method: DELETE
  response:
    body: ""
    headers:
      Date:
      - Thu, 06 Apr 2023 19:40:23 GMT
    status: 204 No Content
    code: 204
    duration: ""
- request:
    body: ""
    form: {}
    headers:
      Accept:
      - application/json
      Authorization:
      - SSWS REDACTED
      User-Agent:
      - okta-sdk-golang/2.17.0 golang/go1.20.2 darwin/arm64 okta-terraform/3.44.0
    url: https://mm-oie-2022-10-07-max.oktapreview.com/api/v1/users/00u7l8jako3QsnM3M1d7
    method: DELETE
  response:
    body: ""
    headers:
      Date:
      - Thu, 06 Apr 2023 19:40:23 GMT
    status: 204 No Content
    code: 204
    duration: ""
- request:
    body: ""
    form: {}
    headers:
      Accept:
      - application/json
      Authorization:
      - SSWS REDACTED
      User-Agent:
      - okta-sdk-golang/2.17.0 golang/go1.20.2 darwin/arm64 okta-terraform/3.44.0
    url: https://mm-oie-2022-10-07-max.oktapreview.com/api/v1/groups/00g7l8jmv0PARiePn1d7/users/00u7l8jako3QsnM3M1d7
    method: DELETE
  response:
    body: ""
    headers:
      Date:
      - Thu, 06 Apr 2023 19:40:23 GMT
    status: 204 No Content
    code: 204
    duration: ""
- request:
    body: ""
    form: {}
    headers:
      Accept:
      - application/json
      Authorization:
      - SSWS REDACTED
      User-Agent:
      - okta-sdk-golang/2.17.0 golang/go1.20.2 darwin/arm64 okta-terraform/3.44.0
    url: https://mm-oie-2022-10-07-max.oktapreview.com/api/v1/groups/00g7l8jmv0PARiePn1d7/users/00u7l8jjnjK9yTm0J1d7
    method: DELETE
  response:
    body: ""
    headers:
      Date:
      - Thu, 06 Apr 2023 19:40:23 GMT
    status: 204 No Content
    code: 204
    duration: ""
- request:
    body: ""
    form: {}
    headers:
      Accept:
      - application/json
      Authorization:
      - SSWS REDACTED
      User-Agent:
      - okta-sdk-golang/2.17.0 golang/go1.20.2 darwin/arm64 okta-terraform/3.44.0
    url: https://mm-oie-2022-10-07-max.oktapreview.com/api/v1/users/00u7l8ky9xm5t8D1N1d7
    method: DELETE
  response:
    body: ""
    headers:
      Date:
      - Thu, 06 Apr 2023 19:40:24 GMT
    status: 204 No Content
    code: 204
    duration: ""
- request:
    body: ""
    form: {}
    headers:
      Accept:
      - application/json
      Authorization:
      - SSWS REDACTED
      User-Agent:
      - okta-sdk-golang/2.17.0 golang/go1.20.2 darwin/arm64 okta-terraform/3.44.0
    url: https://mm-oie-2022-10-07-max.oktapreview.com/api/v1/groups/00g7l8jmv0PARiePn1d7/users/00u7l8jf6tVkG86TP1d7
    method: DELETE
  response:
    body: '{"errorCode":"E0000007","errorSummary":"Not found: Resource not found: 00u7l8jf6tVkG86TP1d7 (User)","errorLink":"E0000007","errorId":"oaeRIL8XsoORPONCMW_-sCS4w","errorCauses":[]}'
    headers:
      Content-Type:
      - application/json
      Date:
      - Thu, 06 Apr 2023 19:40:24 GMT
    status: 404 Not Found
    code: 404
    duration: ""
- request:
    body: ""
    form: {}
    headers:
      Accept:
      - application/json
      Authorization:
      - SSWS REDACTED
      User-Agent:
      - okta-sdk-golang/2.17.0 golang/go1.20.2 darwin/arm64 okta-terraform/3.44.0
    url: https://mm-oie-2022-10-07-max.oktapreview.com/api/v1/users/00u7l8jf6tVkG86TP1d7
    method: DELETE
  response:
    body: ""
    headers:
      Date:
      - Thu, 06 Apr 2023 19:40:24 GMT
    status: 204 No Content
    code: 204
    duration: ""
- request:
    body: ""
    form: {}
    headers:
      Accept:
      - application/json
      Authorization:
      - SSWS REDACTED
      User-Agent:
      - okta-sdk-golang/2.17.0 golang/go1.20.2 darwin/arm64 okta-terraform/3.44.0
    url: https://mm-oie-2022-10-07-max.oktapreview.com/api/v1/users/00u7l8jako3QsnM3M1d7
    method: DELETE
  response:
    body: ""
    headers:
      Date:
      - Thu, 06 Apr 2023 19:40:24 GMT
    status: 204 No Content
    code: 204
    duration: ""
- request:
    body: ""
    form: {}
    headers:
      Accept:
      - application/json
      Authorization:
      - SSWS REDACTED
      User-Agent:
      - okta-sdk-golang/2.17.0 golang/go1.20.2 darwin/arm64 okta-terraform/3.44.0
    url: https://mm-oie-2022-10-07-max.oktapreview.com/api/v1/groups/00g7l8jmv0PARiePn1d7/users/00u7l8ky9xm5t8D1N1d7
    method: DELETE
  response:
    body: '{"errorCode":"E0000007","errorSummary":"Not found: Resource not found: 00u7l8ky9xm5t8D1N1d7 (User)","errorLink":"E0000007","errorId":"oaer21u4RoTQJKYxMVMqpbgOQ","errorCauses":[]}'
    headers:
      Content-Type:
      - application/json
      Date:
      - Thu, 06 Apr 2023 19:40:24 GMT
      Report-To:
      - '{"group":"csp","max_age":31536000,"endpoints":[{"url":"https://oktacsp.report-uri.com/a/t/g"}],"include_subdomains":true}'
    status: 404 Not Found
    code: 404
    duration: ""
- request:
    body: ""
    form: {}
    headers:
      Accept:
      - application/json
      Authorization:
      - SSWS REDACTED
      User-Agent:
      - okta-sdk-golang/2.17.0 golang/go1.20.2 darwin/arm64 okta-terraform/3.44.0
    url: https://mm-oie-2022-10-07-max.oktapreview.com/api/v1/groups/00g7l8j84aFXpYCir1d7
    method: DELETE
  response:
    body: ""
    headers:
      Date:
      - Thu, 06 Apr 2023 19:40:24 GMT
    status: 204 No Content
    code: 204
    duration: ""
- request:
    body: ""
    form: {}
    headers:
      Accept:
      - application/json
      Authorization:
      - SSWS REDACTED
      User-Agent:
      - okta-sdk-golang/2.17.0 golang/go1.20.2 darwin/arm64 okta-terraform/3.44.0
    url: https://mm-oie-2022-10-07-max.oktapreview.com/api/v1/groups/00g7l8jmv0PARiePn1d7
    method: DELETE
  response:
    body: ""
    headers:
      Date:
      - Thu, 06 Apr 2023 19:40:24 GMT
    status: 204 No Content
    code: 204
    duration: ""
- request:
    body: ""
    form: {}
    headers:
      Accept:
      - application/json
      Authorization:
      - SSWS REDACTED
      User-Agent:
      - okta-sdk-golang/2.17.0 golang/go1.20.2 darwin/arm64 okta-terraform/3.44.0
    url: https://mm-oie-2022-10-07-max.oktapreview.com/api/v1/users/00u7l8jjnjK9yTm0J1d7
    method: DELETE
  response:
    body: ""
    headers:
      Date:
      - Thu, 06 Apr 2023 19:40:24 GMT
    status: 204 No Content
    code: 204
    duration: ""
- request:
    body: ""
    form: {}
    headers:
      Accept:
      - application/json
      Authorization:
      - SSWS REDACTED
      User-Agent:
      - okta-sdk-golang/2.17.0 golang/go1.20.2 darwin/arm64 okta-terraform/3.44.0
    url: https://mm-oie-2022-10-07-max.oktapreview.com/api/v1/users/00u7l8kfuckmhTbdr1d7
    method: DELETE
  response:
    body: ""
    headers:
      Date:
      - Thu, 06 Apr 2023 19:40:24 GMT
    status: 204 No Content
    code: 204
    duration: ""
- request:
    body: ""
    form: {}
    headers:
      Accept:
      - application/json
      Authorization:
      - SSWS REDACTED
      User-Agent:
      - okta-sdk-golang/2.17.0 golang/go1.20.2 darwin/arm64 okta-terraform/3.44.0
    url: https://mm-oie-2022-10-07-max.oktapreview.com/api/v1/users/00u7l8jjnjK9yTm0J1d7
    method: DELETE
  response:
    body: ""
    headers:
      Date:
      - Thu, 06 Apr 2023 19:40:24 GMT
    status: 204 No Content
    code: 204
    duration: ""
- request:
    body: ""
    form: {}
    headers:
      Accept:
      - application/json
      Authorization:
      - SSWS REDACTED
      User-Agent:
      - okta-sdk-golang/2.17.0 golang/go1.20.2 darwin/arm64 okta-terraform/3.44.0
    url: https://mm-oie-2022-10-07-max.oktapreview.com/api/v1/users/00u7l8kfuckmhTbdr1d7
    method: DELETE
  response:
    body: ""
    headers:
      Date:
      - Thu, 06 Apr 2023 19:40:24 GMT
    status: 204 No Content
    code: 204
    duration: ""
