---
version: 1
interactions:
- request:
    body: ""
    form: {}
    headers:
      Accept:
      - application/json
      Authorization:
      - SSWS REDACTED
      User-Agent:
      - okta-sdk-golang/2.17.0 golang/go1.20.2 darwin/arm64 okta-terraform/3.44.0
    url: https://mm-oie-2022-10-07-max.oktapreview.com/api/v1/policies?type=IDP_DISCOVERY
    method: GET
  response:
    body: '[{"id":"00p5qwjvjjpuZBaOR1d7","status":"ACTIVE","name":"Idp Discovery Policy","description":"The default IdP Discovery Policy","priority":1,"system":true,"conditions":null,"created":"2022-10-07T23:16:59.000Z","lastUpdated":"2022-10-07T23:16:59.000Z","_links":{"self":{"href":"https://mm-oie-2022-10-07-max.oktapreview.com/api/v1/policies/00p5qwjvjjpuZBaOR1d7","hints":{"allow":["GET","PUT"]}},"rules":{"href":"https://mm-oie-2022-10-07-max.oktapreview.com/api/v1/policies/00p5qwjvjjpuZBaOR1d7/rules","hints":{"allow":["GET","POST"]}}},"type":"IDP_DISCOVERY"}]'
    headers:
      Content-Security-Policy-Report-Only:
      - 'default-src ''self'' mm-oie-2022-10-07-max.oktapreview.com *.oktacdn.com; connect-src ''self'' mm-oie-2022-10-07-max.oktapreview.com mm-oie-2022-10-07-max-admin.oktapreview.com *.oktacdn.com *.mixpanel.com *.mapbox.com app.pendo.io data.pendo.io pendo-static-5634101834153984.storage.googleapis.com pendo-static-5391521872216064.storage.googleapis.com *.mtls.oktapreview.com mm-oie-2022-10-07-max.kerberos.oktapreview.com *.authenticatorlocalprod.com:8769 http://localhost:8769 http://127.0.0.1:8769 *.authenticatorlocalprod.com:65111 http://localhost:65111 http://127.0.0.1:65111 *.authenticatorlocalprod.com:65121 http://localhost:65121 http://127.0.0.1:65121 *.authenticatorlocalprod.com:65131 http://localhost:65131 http://127.0.0.1:65131 *.authenticatorlocalprod.com:65141 http://localhost:65141 http://127.0.0.1:65141 *.authenticatorlocalprod.com:65151 http://localhost:65151 http://127.0.0.1:65151 https://oinmanager.okta.com data:; script-src ''unsafe-inline'' ''unsafe-eval'' ''self'' mm-oie-2022-10-07-max.oktapreview.com *.oktacdn.com; style-src ''unsafe-inline'' ''nonce-mBQqQzwsyyAUUV_futij0lUKtsMYlmrzvlSZrKv9wNY'' ''self'' mm-oie-2022-10-07-max.oktapreview.com *.oktacdn.com app.pendo.io cdn.pendo.io pendo-static-5634101834153984.storage.googleapis.com pendo-static-5391521872216064.storage.googleapis.com; frame-src ''self'' mm-oie-2022-10-07-max.oktapreview.com mm-oie-2022-10-07-max-admin.oktapreview.com login.okta.com com-okta-authenticator:; img-src ''self'' mm-oie-2022-10-07-max.oktapreview.com *.oktacdn.com *.tiles.mapbox.com *.mapbox.com app.pendo.io data.pendo.io cdn.pendo.io pendo-static-5634101834153984.storage.googleapis.com pendo-static-5391521872216064.storage.googleapis.com data: blob:; font-src ''self'' mm-oie-2022-10-07-max.oktapreview.com data: *.oktacdn.com fonts.gstatic.com; frame-ancestors ''self'''
      Content-Type:
      - application/json
      Date:
      - Thu, 06 Apr 2023 18:40:52 GMT
      Link:
      - <https://mm-oie-2022-10-07-max.oktapreview.com/api/v1/policies?type=IDP_DISCOVERY>; rel="self"
    status: 200 OK
    code: 200
    duration: ""
- request:
    body: ""
    form: {}
    headers:
      Accept:
      - application/json
      Authorization:
      - SSWS REDACTED
      User-Agent:
      - okta-sdk-golang/2.17.0 golang/go1.20.2 darwin/arm64 okta-terraform/3.44.0
    url: https://mm-oie-2022-10-07-max.oktapreview.com/api/v1/policies?type=IDP_DISCOVERY
    method: GET
  response:
    body: '[{"id":"00p5qwjvjjpuZBaOR1d7","status":"ACTIVE","name":"Idp Discovery Policy","description":"The default IdP Discovery Policy","priority":1,"system":true,"conditions":null,"created":"2022-10-07T23:16:59.000Z","lastUpdated":"2022-10-07T23:16:59.000Z","_links":{"self":{"href":"https://mm-oie-2022-10-07-max.oktapreview.com/api/v1/policies/00p5qwjvjjpuZBaOR1d7","hints":{"allow":["GET","PUT"]}},"rules":{"href":"https://mm-oie-2022-10-07-max.oktapreview.com/api/v1/policies/00p5qwjvjjpuZBaOR1d7/rules","hints":{"allow":["GET","POST"]}}},"type":"IDP_DISCOVERY"}]'
    headers:
      Content-Security-Policy-Report-Only:
      - 'default-src ''self'' mm-oie-2022-10-07-max.oktapreview.com *.oktacdn.com; connect-src ''self'' mm-oie-2022-10-07-max.oktapreview.com mm-oie-2022-10-07-max-admin.oktapreview.com *.oktacdn.com *.mixpanel.com *.mapbox.com app.pendo.io data.pendo.io pendo-static-5634101834153984.storage.googleapis.com pendo-static-5391521872216064.storage.googleapis.com *.mtls.oktapreview.com mm-oie-2022-10-07-max.kerberos.oktapreview.com *.authenticatorlocalprod.com:8769 http://localhost:8769 http://127.0.0.1:8769 *.authenticatorlocalprod.com:65111 http://localhost:65111 http://127.0.0.1:65111 *.authenticatorlocalprod.com:65121 http://localhost:65121 http://127.0.0.1:65121 *.authenticatorlocalprod.com:65131 http://localhost:65131 http://127.0.0.1:65131 *.authenticatorlocalprod.com:65141 http://localhost:65141 http://127.0.0.1:65141 *.authenticatorlocalprod.com:65151 http://localhost:65151 http://127.0.0.1:65151 https://oinmanager.okta.com data:; script-src ''unsafe-inline'' ''unsafe-eval'' ''self'' mm-oie-2022-10-07-max.oktapreview.com *.oktacdn.com; style-src ''unsafe-inline'' ''nonce-6qIj_ZpEEnoNIJKA8oIm5KX7DF1VGYUoClkzPFk7f-Q'' ''self'' mm-oie-2022-10-07-max.oktapreview.com *.oktacdn.com app.pendo.io cdn.pendo.io pendo-static-5634101834153984.storage.googleapis.com pendo-static-5391521872216064.storage.googleapis.com; frame-src ''self'' mm-oie-2022-10-07-max.oktapreview.com mm-oie-2022-10-07-max-admin.oktapreview.com login.okta.com com-okta-authenticator:; img-src ''self'' mm-oie-2022-10-07-max.oktapreview.com *.oktacdn.com *.tiles.mapbox.com *.mapbox.com app.pendo.io data.pendo.io cdn.pendo.io pendo-static-5634101834153984.storage.googleapis.com pendo-static-5391521872216064.storage.googleapis.com data: blob:; font-src ''self'' mm-oie-2022-10-07-max.oktapreview.com data: *.oktacdn.com fonts.gstatic.com; frame-ancestors ''self'''
      Content-Type:
      - application/json
      Date:
      - Thu, 06 Apr 2023 18:40:52 GMT
      Link:
      - <https://mm-oie-2022-10-07-max.oktapreview.com/api/v1/policies?type=IDP_DISCOVERY>; rel="self"
    status: 200 OK
    code: 200
    duration: ""
- request:
    body: ""
    form: {}
    headers:
      Accept:
      - application/json
      Authorization:
      - SSWS REDACTED
      User-Agent:
      - okta-sdk-golang/2.17.0 golang/go1.20.2 darwin/arm64 okta-terraform/3.44.0
    url: https://mm-oie-2022-10-07-max.oktapreview.com/api/v1/policies?type=IDP_DISCOVERY
    method: GET
  response:
    body: '[{"id":"00p5qwjvjjpuZBaOR1d7","status":"ACTIVE","name":"Idp Discovery Policy","description":"The default IdP Discovery Policy","priority":1,"system":true,"conditions":null,"created":"2022-10-07T23:16:59.000Z","lastUpdated":"2022-10-07T23:16:59.000Z","_links":{"self":{"href":"https://mm-oie-2022-10-07-max.oktapreview.com/api/v1/policies/00p5qwjvjjpuZBaOR1d7","hints":{"allow":["GET","PUT"]}},"rules":{"href":"https://mm-oie-2022-10-07-max.oktapreview.com/api/v1/policies/00p5qwjvjjpuZBaOR1d7/rules","hints":{"allow":["GET","POST"]}}},"type":"IDP_DISCOVERY"}]'
    headers:
      Content-Security-Policy-Report-Only:
      - 'default-src ''self'' mm-oie-2022-10-07-max.oktapreview.com *.oktacdn.com; connect-src ''self'' mm-oie-2022-10-07-max.oktapreview.com mm-oie-2022-10-07-max-admin.oktapreview.com *.oktacdn.com *.mixpanel.com *.mapbox.com app.pendo.io data.pendo.io pendo-static-5634101834153984.storage.googleapis.com pendo-static-5391521872216064.storage.googleapis.com *.mtls.oktapreview.com mm-oie-2022-10-07-max.kerberos.oktapreview.com *.authenticatorlocalprod.com:8769 http://localhost:8769 http://127.0.0.1:8769 *.authenticatorlocalprod.com:65111 http://localhost:65111 http://127.0.0.1:65111 *.authenticatorlocalprod.com:65121 http://localhost:65121 http://127.0.0.1:65121 *.authenticatorlocalprod.com:65131 http://localhost:65131 http://127.0.0.1:65131 *.authenticatorlocalprod.com:65141 http://localhost:65141 http://127.0.0.1:65141 *.authenticatorlocalprod.com:65151 http://localhost:65151 http://127.0.0.1:65151 https://oinmanager.okta.com data:; script-src ''unsafe-inline'' ''unsafe-eval'' ''self'' mm-oie-2022-10-07-max.oktapreview.com *.oktacdn.com; style-src ''unsafe-inline'' ''nonce-N_E2aLMBWQinxW3C4sMP9fnOQ-PmEdQOkPO3x9FA2O4'' ''self'' mm-oie-2022-10-07-max.oktapreview.com *.oktacdn.com app.pendo.io cdn.pendo.io pendo-static-5634101834153984.storage.googleapis.com pendo-static-5391521872216064.storage.googleapis.com; frame-src ''self'' mm-oie-2022-10-07-max.oktapreview.com mm-oie-2022-10-07-max-admin.oktapreview.com login.okta.com com-okta-authenticator:; img-src ''self'' mm-oie-2022-10-07-max.oktapreview.com *.oktacdn.com *.tiles.mapbox.com *.mapbox.com app.pendo.io data.pendo.io cdn.pendo.io pendo-static-5634101834153984.storage.googleapis.com pendo-static-5391521872216064.storage.googleapis.com data: blob:; font-src ''self'' mm-oie-2022-10-07-max.oktapreview.com data: *.oktacdn.com fonts.gstatic.com; frame-ancestors ''self'''
      Content-Type:
      - application/json
      Date:
      - Thu, 06 Apr 2023 18:40:52 GMT
      Link:
      - <https://mm-oie-2022-10-07-max.oktapreview.com/api/v1/policies?type=IDP_DISCOVERY>; rel="self"
    status: 200 OK
    code: 200
    duration: ""
- request:
    body: ""
    form: {}
    headers:
      Accept:
      - application/json
      Authorization:
      - SSWS REDACTED
      User-Agent:
      - okta-sdk-golang/2.17.0 golang/go1.20.2 darwin/arm64 okta-terraform/3.44.0
    url: https://mm-oie-2022-10-07-max.oktapreview.com/api/v1/policies?type=IDP_DISCOVERY
    method: GET
  response:
    body: '[{"id":"00p5qwjvjjpuZBaOR1d7","status":"ACTIVE","name":"Idp Discovery Policy","description":"The default IdP Discovery Policy","priority":1,"system":true,"conditions":null,"created":"2022-10-07T23:16:59.000Z","lastUpdated":"2022-10-07T23:16:59.000Z","_links":{"self":{"href":"https://mm-oie-2022-10-07-max.oktapreview.com/api/v1/policies/00p5qwjvjjpuZBaOR1d7","hints":{"allow":["GET","PUT"]}},"rules":{"href":"https://mm-oie-2022-10-07-max.oktapreview.com/api/v1/policies/00p5qwjvjjpuZBaOR1d7/rules","hints":{"allow":["GET","POST"]}}},"type":"IDP_DISCOVERY"}]'
    headers:
      Content-Security-Policy-Report-Only:
      - 'default-src ''self'' mm-oie-2022-10-07-max.oktapreview.com *.oktacdn.com; connect-src ''self'' mm-oie-2022-10-07-max.oktapreview.com mm-oie-2022-10-07-max-admin.oktapreview.com *.oktacdn.com *.mixpanel.com *.mapbox.com app.pendo.io data.pendo.io pendo-static-5634101834153984.storage.googleapis.com pendo-static-5391521872216064.storage.googleapis.com *.mtls.oktapreview.com mm-oie-2022-10-07-max.kerberos.oktapreview.com *.authenticatorlocalprod.com:8769 http://localhost:8769 http://127.0.0.1:8769 *.authenticatorlocalprod.com:65111 http://localhost:65111 http://127.0.0.1:65111 *.authenticatorlocalprod.com:65121 http://localhost:65121 http://127.0.0.1:65121 *.authenticatorlocalprod.com:65131 http://localhost:65131 http://127.0.0.1:65131 *.authenticatorlocalprod.com:65141 http://localhost:65141 http://127.0.0.1:65141 *.authenticatorlocalprod.com:65151 http://localhost:65151 http://127.0.0.1:65151 https://oinmanager.okta.com data:; script-src ''unsafe-inline'' ''unsafe-eval'' ''self'' mm-oie-2022-10-07-max.oktapreview.com *.oktacdn.com; style-src ''unsafe-inline'' ''nonce-YFu9cY-kM_M4ULDcIhhptG_l7Pdjj2P7bo6KWEwcJHM'' ''self'' mm-oie-2022-10-07-max.oktapreview.com *.oktacdn.com app.pendo.io cdn.pendo.io pendo-static-5634101834153984.storage.googleapis.com pendo-static-5391521872216064.storage.googleapis.com; frame-src ''self'' mm-oie-2022-10-07-max.oktapreview.com mm-oie-2022-10-07-max-admin.oktapreview.com login.okta.com com-okta-authenticator:; img-src ''self'' mm-oie-2022-10-07-max.oktapreview.com *.oktacdn.com *.tiles.mapbox.com *.mapbox.com app.pendo.io data.pendo.io cdn.pendo.io pendo-static-5634101834153984.storage.googleapis.com pendo-static-5391521872216064.storage.googleapis.com data: blob:; font-src ''self'' mm-oie-2022-10-07-max.oktapreview.com data: *.oktacdn.com fonts.gstatic.com; frame-ancestors ''self'''
      Content-Type:
      - application/json
      Date:
      - Thu, 06 Apr 2023 18:40:52 GMT
      Link:
      - <https://mm-oie-2022-10-07-max.oktapreview.com/api/v1/policies?type=IDP_DISCOVERY>; rel="self"
    status: 200 OK
    code: 200
    duration: ""
- request:
    body: ""
    form: {}
    headers:
      Accept:
      - application/json
      Authorization:
      - SSWS REDACTED
      User-Agent:
      - okta-sdk-golang/2.17.0 golang/go1.20.2 darwin/arm64 okta-terraform/3.44.0
    url: https://mm-oie-2022-10-07-max.oktapreview.com/api/v1/policies?type=IDP_DISCOVERY
    method: GET
  response:
    body: '[{"id":"00p5qwjvjjpuZBaOR1d7","status":"ACTIVE","name":"Idp Discovery Policy","description":"The default IdP Discovery Policy","priority":1,"system":true,"conditions":null,"created":"2022-10-07T23:16:59.000Z","lastUpdated":"2022-10-07T23:16:59.000Z","_links":{"self":{"href":"https://mm-oie-2022-10-07-max.oktapreview.com/api/v1/policies/00p5qwjvjjpuZBaOR1d7","hints":{"allow":["GET","PUT"]}},"rules":{"href":"https://mm-oie-2022-10-07-max.oktapreview.com/api/v1/policies/00p5qwjvjjpuZBaOR1d7/rules","hints":{"allow":["GET","POST"]}}},"type":"IDP_DISCOVERY"}]'
    headers:
      Content-Security-Policy-Report-Only:
      - 'default-src ''self'' mm-oie-2022-10-07-max.oktapreview.com *.oktacdn.com; connect-src ''self'' mm-oie-2022-10-07-max.oktapreview.com mm-oie-2022-10-07-max-admin.oktapreview.com *.oktacdn.com *.mixpanel.com *.mapbox.com app.pendo.io data.pendo.io pendo-static-5634101834153984.storage.googleapis.com pendo-static-5391521872216064.storage.googleapis.com *.mtls.oktapreview.com mm-oie-2022-10-07-max.kerberos.oktapreview.com *.authenticatorlocalprod.com:8769 http://localhost:8769 http://127.0.0.1:8769 *.authenticatorlocalprod.com:65111 http://localhost:65111 http://127.0.0.1:65111 *.authenticatorlocalprod.com:65121 http://localhost:65121 http://127.0.0.1:65121 *.authenticatorlocalprod.com:65131 http://localhost:65131 http://127.0.0.1:65131 *.authenticatorlocalprod.com:65141 http://localhost:65141 http://127.0.0.1:65141 *.authenticatorlocalprod.com:65151 http://localhost:65151 http://127.0.0.1:65151 https://oinmanager.okta.com data:; script-src ''unsafe-inline'' ''unsafe-eval'' ''self'' mm-oie-2022-10-07-max.oktapreview.com *.oktacdn.com; style-src ''unsafe-inline'' ''nonce-Xf1zt4BNGaHE9kbsOvBlLQ3_dzs_pmSBVip0OD6hoFg'' ''self'' mm-oie-2022-10-07-max.oktapreview.com *.oktacdn.com app.pendo.io cdn.pendo.io pendo-static-5634101834153984.storage.googleapis.com pendo-static-5391521872216064.storage.googleapis.com; frame-src ''self'' mm-oie-2022-10-07-max.oktapreview.com mm-oie-2022-10-07-max-admin.oktapreview.com login.okta.com com-okta-authenticator:; img-src ''self'' mm-oie-2022-10-07-max.oktapreview.com *.oktacdn.com *.tiles.mapbox.com *.mapbox.com app.pendo.io data.pendo.io cdn.pendo.io pendo-static-5634101834153984.storage.googleapis.com pendo-static-5391521872216064.storage.googleapis.com data: blob:; font-src ''self'' mm-oie-2022-10-07-max.oktapreview.com data: *.oktacdn.com fonts.gstatic.com; frame-ancestors ''self'''
      Content-Type:
      - application/json
      Date:
      - Thu, 06 Apr 2023 18:40:53 GMT
      Link:
      - <https://mm-oie-2022-10-07-max.oktapreview.com/api/v1/policies?type=IDP_DISCOVERY>; rel="self"
    status: 200 OK
    code: 200
    duration: ""
