---
version: 1
interactions:
- request:
    body: |
      {"gateways":[{"type":"RANGE","value":"2.3.4.5-2.3.4.15"},{"type":"CIDR","value":"1.2.3.4/24"}],"name":"testAcc_293421833-1","proxies":[{"type":"CIDR","value":"2.2.3.4/24"},{"type":"RANGE","value":"3.3.4.5-3.3.4.15"}],"type":"IP","usage":"POLICY"}
    form: {}
    headers:
      Accept:
      - application/json
      Authorization:
      - SSWS REDACTED
      Content-Type:
      - application/json
      User-Agent:
      - okta-sdk-golang/2.17.0 golang/go1.20.2 darwin/arm64 okta-terraform/3.44.0
    url: https://mm-oie-2022-10-07-max.oktapreview.com/api/v1/zones
    method: POST
  response:
    body: '{"type":"IP","id":"nzo7m94hx4X2cXVaO1d7","name":"testAcc_293421833-1","status":"ACTIVE","usage":"POLICY","created":"2023-04-10T15:28:05.000Z","lastUpdated":"2023-04-10T15:28:05.000Z","system":false,"gateways":[{"type":"RANGE","value":"2.3.4.5-2.3.4.15"},{"type":"CIDR","value":"1.2.3.4/24"}],"proxies":[{"type":"CIDR","value":"2.2.3.4/24"},{"type":"RANGE","value":"3.3.4.5-3.3.4.15"}],"_links":{"self":{"href":"https://mm-oie-2022-10-07-max.oktapreview.com/api/v1/zones/nzo7m94hx4X2cXVaO1d7","hints":{"allow":["GET","PUT","DELETE"]}},"deactivate":{"href":"https://mm-oie-2022-10-07-max.oktapreview.com/api/v1/zones/nzo7m94hx4X2cXVaO1d7/lifecycle/deactivate","hints":{"allow":["POST"]}}}}'
    headers:
      Content-Type:
      - application/json
      Date:
      - Mon, 10 Apr 2023 15:28:05 GMT
    status: 200 OK
    code: 200
    duration: ""
- request:
    body: |
      {"gateways":[{"type":"RANGE","value":"2.3.4.5-2.3.4.15"},{"type":"CIDR","value":"2.2.3.4/24"}],"name":"testAcc_293421833-2","proxies":[{"type":"CIDR","value":"3.2.3.4/24"},{"type":"RANGE","value":"3.3.4.5-3.3.4.15"}],"type":"IP","usage":"POLICY"}
    form: {}
    headers:
      Accept:
      - application/json
      Authorization:
      - SSWS REDACTED
      Content-Type:
      - application/json
      User-Agent:
      - okta-sdk-golang/2.17.0 golang/go1.20.2 darwin/arm64 okta-terraform/3.44.0
    url: https://mm-oie-2022-10-07-max.oktapreview.com/api/v1/zones
    method: POST
  response:
    body: '{"type":"IP","id":"nzo7m94dgcloLGUpN1d7","name":"testAcc_293421833-2","status":"ACTIVE","usage":"POLICY","created":"2023-04-10T15:28:05.000Z","lastUpdated":"2023-04-10T15:28:05.000Z","system":false,"gateways":[{"type":"RANGE","value":"2.3.4.5-2.3.4.15"},{"type":"CIDR","value":"2.2.3.4/24"}],"proxies":[{"type":"CIDR","value":"3.2.3.4/24"},{"type":"RANGE","value":"3.3.4.5-3.3.4.15"}],"_links":{"self":{"href":"https://mm-oie-2022-10-07-max.oktapreview.com/api/v1/zones/nzo7m94dgcloLGUpN1d7","hints":{"allow":["GET","PUT","DELETE"]}},"deactivate":{"href":"https://mm-oie-2022-10-07-max.oktapreview.com/api/v1/zones/nzo7m94dgcloLGUpN1d7/lifecycle/deactivate","hints":{"allow":["POST"]}}}}'
    headers:
      Content-Type:
      - application/json
      Date:
      - Mon, 10 Apr 2023 15:28:05 GMT
    status: 200 OK
    code: 200
    duration: ""
- request:
    body: |
      {"gateways":[{"type":"CIDR","value":"3.2.3.4/24"},{"type":"RANGE","value":"2.3.4.5-2.3.4.15"}],"name":"testAcc_293421833-3","proxies":[{"type":"CIDR","value":"4.2.3.4/24"},{"type":"RANGE","value":"3.3.4.5-3.3.4.15"}],"type":"IP","usage":"POLICY"}
    form: {}
    headers:
      Accept:
      - application/json
      Authorization:
      - SSWS REDACTED
      Content-Type:
      - application/json
      User-Agent:
      - okta-sdk-golang/2.17.0 golang/go1.20.2 darwin/arm64 okta-terraform/3.44.0
    url: https://mm-oie-2022-10-07-max.oktapreview.com/api/v1/zones
    method: POST
  response:
    body: '{"type":"IP","id":"nzo7m94ehugNxyLrx1d7","name":"testAcc_293421833-3","status":"ACTIVE","usage":"POLICY","created":"2023-04-10T15:28:05.000Z","lastUpdated":"2023-04-10T15:28:05.000Z","system":false,"gateways":[{"type":"CIDR","value":"3.2.3.4/24"},{"type":"RANGE","value":"2.3.4.5-2.3.4.15"}],"proxies":[{"type":"CIDR","value":"4.2.3.4/24"},{"type":"RANGE","value":"3.3.4.5-3.3.4.15"}],"_links":{"self":{"href":"https://mm-oie-2022-10-07-max.oktapreview.com/api/v1/zones/nzo7m94ehugNxyLrx1d7","hints":{"allow":["GET","PUT","DELETE"]}},"deactivate":{"href":"https://mm-oie-2022-10-07-max.oktapreview.com/api/v1/zones/nzo7m94ehugNxyLrx1d7/lifecycle/deactivate","hints":{"allow":["POST"]}}}}'
    headers:
      Content-Type:
      - application/json
      Date:
      - Mon, 10 Apr 2023 15:28:05 GMT
      Report-To:
      - '{"group":"csp","max_age":31536000,"endpoints":[{"url":"https://oktacsp.report-uri.com/a/t/g"}],"include_subdomains":true}'
    status: 200 OK
    code: 200
    duration: ""
- request:
    body: ""
    form: {}
    headers:
      Accept:
      - application/json
      Authorization:
      - SSWS REDACTED
      User-Agent:
      - okta-sdk-golang/2.17.0 golang/go1.20.2 darwin/arm64 okta-terraform/3.44.0
    url: https://mm-oie-2022-10-07-max.oktapreview.com/api/v1/zones/nzo7m94ehugNxyLrx1d7
    method: GET
  response:
    body: '{"type":"IP","id":"nzo7m94ehugNxyLrx1d7","name":"testAcc_293421833-3","status":"ACTIVE","usage":"POLICY","created":"2023-04-10T15:28:05.000Z","lastUpdated":"2023-04-10T15:28:05.000Z","system":false,"gateways":[{"type":"CIDR","value":"3.2.3.4/24"},{"type":"RANGE","value":"2.3.4.5-2.3.4.15"}],"proxies":[{"type":"CIDR","value":"4.2.3.4/24"},{"type":"RANGE","value":"3.3.4.5-3.3.4.15"}],"_links":{"self":{"href":"https://mm-oie-2022-10-07-max.oktapreview.com/api/v1/zones/nzo7m94ehugNxyLrx1d7","hints":{"allow":["GET","PUT","DELETE"]}},"deactivate":{"href":"https://mm-oie-2022-10-07-max.oktapreview.com/api/v1/zones/nzo7m94ehugNxyLrx1d7/lifecycle/deactivate","hints":{"allow":["POST"]}}}}'
    headers:
      Content-Security-Policy-Report-Only:
      - 'default-src ''self'' mm-oie-2022-10-07-max.oktapreview.com *.oktacdn.com; connect-src ''self'' mm-oie-2022-10-07-max.oktapreview.com mm-oie-2022-10-07-max-admin.oktapreview.com *.oktacdn.com *.mixpanel.com *.mapbox.com app.pendo.io data.pendo.io pendo-static-5634101834153984.storage.googleapis.com pendo-static-5391521872216064.storage.googleapis.com *.mtls.oktapreview.com mm-oie-2022-10-07-max.kerberos.oktapreview.com *.authenticatorlocalprod.com:8769 http://localhost:8769 http://127.0.0.1:8769 *.authenticatorlocalprod.com:65111 http://localhost:65111 http://127.0.0.1:65111 *.authenticatorlocalprod.com:65121 http://localhost:65121 http://127.0.0.1:65121 *.authenticatorlocalprod.com:65131 http://localhost:65131 http://127.0.0.1:65131 *.authenticatorlocalprod.com:65141 http://localhost:65141 http://127.0.0.1:65141 *.authenticatorlocalprod.com:65151 http://localhost:65151 http://127.0.0.1:65151 https://oinmanager.okta.com data:; script-src ''unsafe-inline'' ''unsafe-eval'' ''self'' mm-oie-2022-10-07-max.oktapreview.com *.oktacdn.com; style-src ''unsafe-inline'' ''nonce-IbYxpFhNlTcaeFvRgTZ0B0y-lui0ChUYN99HT4q_aE0'' ''self'' mm-oie-2022-10-07-max.oktapreview.com *.oktacdn.com app.pendo.io cdn.pendo.io pendo-static-5634101834153984.storage.googleapis.com pendo-static-5391521872216064.storage.googleapis.com; frame-src ''self'' mm-oie-2022-10-07-max.oktapreview.com mm-oie-2022-10-07-max-admin.oktapreview.com login.okta.com com-okta-authenticator:; img-src ''self'' mm-oie-2022-10-07-max.oktapreview.com *.oktacdn.com *.tiles.mapbox.com *.mapbox.com app.pendo.io data.pendo.io cdn.pendo.io pendo-static-5634101834153984.storage.googleapis.com pendo-static-5391521872216064.storage.googleapis.com data: blob:; font-src ''self'' mm-oie-2022-10-07-max.oktapreview.com data: *.oktacdn.com fonts.gstatic.com; frame-ancestors ''self''; report-uri https://oktacsp.report-uri.com/r/t/csp/reportOnly; report-to csp'
      Content-Type:
      - application/json
      Date:
      - Mon, 10 Apr 2023 15:28:05 GMT
      Report-To:
      - '{"group":"csp","max_age":31536000,"endpoints":[{"url":"https://oktacsp.report-uri.com/a/t/g"}],"include_subdomains":true}'
    status: 200 OK
    code: 200
    duration: ""
- request:
    body: ""
    form: {}
    headers:
      Accept:
      - application/json
      Authorization:
      - SSWS REDACTED
      User-Agent:
      - okta-sdk-golang/2.17.0 golang/go1.20.2 darwin/arm64 okta-terraform/3.44.0
    url: https://mm-oie-2022-10-07-max.oktapreview.com/api/v1/zones/nzo7m94hx4X2cXVaO1d7
    method: GET
  response:
    body: '{"type":"IP","id":"nzo7m94hx4X2cXVaO1d7","name":"testAcc_293421833-1","status":"ACTIVE","usage":"POLICY","created":"2023-04-10T15:28:05.000Z","lastUpdated":"2023-04-10T15:28:05.000Z","system":false,"gateways":[{"type":"RANGE","value":"2.3.4.5-2.3.4.15"},{"type":"CIDR","value":"1.2.3.4/24"}],"proxies":[{"type":"CIDR","value":"2.2.3.4/24"},{"type":"RANGE","value":"3.3.4.5-3.3.4.15"}],"_links":{"self":{"href":"https://mm-oie-2022-10-07-max.oktapreview.com/api/v1/zones/nzo7m94hx4X2cXVaO1d7","hints":{"allow":["GET","PUT","DELETE"]}},"deactivate":{"href":"https://mm-oie-2022-10-07-max.oktapreview.com/api/v1/zones/nzo7m94hx4X2cXVaO1d7/lifecycle/deactivate","hints":{"allow":["POST"]}}}}'
    headers:
      Content-Security-Policy-Report-Only:
      - 'default-src ''self'' mm-oie-2022-10-07-max.oktapreview.com *.oktacdn.com; connect-src ''self'' mm-oie-2022-10-07-max.oktapreview.com mm-oie-2022-10-07-max-admin.oktapreview.com *.oktacdn.com *.mixpanel.com *.mapbox.com app.pendo.io data.pendo.io pendo-static-5634101834153984.storage.googleapis.com pendo-static-5391521872216064.storage.googleapis.com *.mtls.oktapreview.com mm-oie-2022-10-07-max.kerberos.oktapreview.com *.authenticatorlocalprod.com:8769 http://localhost:8769 http://127.0.0.1:8769 *.authenticatorlocalprod.com:65111 http://localhost:65111 http://127.0.0.1:65111 *.authenticatorlocalprod.com:65121 http://localhost:65121 http://127.0.0.1:65121 *.authenticatorlocalprod.com:65131 http://localhost:65131 http://127.0.0.1:65131 *.authenticatorlocalprod.com:65141 http://localhost:65141 http://127.0.0.1:65141 *.authenticatorlocalprod.com:65151 http://localhost:65151 http://127.0.0.1:65151 https://oinmanager.okta.com data:; script-src ''unsafe-inline'' ''unsafe-eval'' ''self'' mm-oie-2022-10-07-max.oktapreview.com *.oktacdn.com; style-src ''unsafe-inline'' ''nonce-3awN5j-A4QPztexNv8qqaWmXGfj8-17tLlt6WcHoJwE'' ''self'' mm-oie-2022-10-07-max.oktapreview.com *.oktacdn.com app.pendo.io cdn.pendo.io pendo-static-5634101834153984.storage.googleapis.com pendo-static-5391521872216064.storage.googleapis.com; frame-src ''self'' mm-oie-2022-10-07-max.oktapreview.com mm-oie-2022-10-07-max-admin.oktapreview.com login.okta.com com-okta-authenticator:; img-src ''self'' mm-oie-2022-10-07-max.oktapreview.com *.oktacdn.com *.tiles.mapbox.com *.mapbox.com app.pendo.io data.pendo.io cdn.pendo.io pendo-static-5634101834153984.storage.googleapis.com pendo-static-5391521872216064.storage.googleapis.com data: blob:; font-src ''self'' mm-oie-2022-10-07-max.oktapreview.com data: *.oktacdn.com fonts.gstatic.com; frame-ancestors ''self''; report-uri https://oktacsp.report-uri.com/r/t/csp/reportOnly; report-to csp'
      Content-Type:
      - application/json
      Date:
      - Mon, 10 Apr 2023 15:28:05 GMT
      Report-To:
      - '{"group":"csp","max_age":31536000,"endpoints":[{"url":"https://oktacsp.report-uri.com/a/t/g"}],"include_subdomains":true}'
    status: 200 OK
    code: 200
    duration: ""
- request:
    body: ""
    form: {}
    headers:
      Accept:
      - application/json
      Authorization:
      - SSWS REDACTED
      User-Agent:
      - okta-sdk-golang/2.17.0 golang/go1.20.2 darwin/arm64 okta-terraform/3.44.0
    url: https://mm-oie-2022-10-07-max.oktapreview.com/api/v1/zones/nzo7m94dgcloLGUpN1d7
    method: GET
  response:
    body: '{"type":"IP","id":"nzo7m94dgcloLGUpN1d7","name":"testAcc_293421833-2","status":"ACTIVE","usage":"POLICY","created":"2023-04-10T15:28:05.000Z","lastUpdated":"2023-04-10T15:28:05.000Z","system":false,"gateways":[{"type":"RANGE","value":"2.3.4.5-2.3.4.15"},{"type":"CIDR","value":"2.2.3.4/24"}],"proxies":[{"type":"CIDR","value":"3.2.3.4/24"},{"type":"RANGE","value":"3.3.4.5-3.3.4.15"}],"_links":{"self":{"href":"https://mm-oie-2022-10-07-max.oktapreview.com/api/v1/zones/nzo7m94dgcloLGUpN1d7","hints":{"allow":["GET","PUT","DELETE"]}},"deactivate":{"href":"https://mm-oie-2022-10-07-max.oktapreview.com/api/v1/zones/nzo7m94dgcloLGUpN1d7/lifecycle/deactivate","hints":{"allow":["POST"]}}}}'
    headers:
      Content-Security-Policy-Report-Only:
      - 'default-src ''self'' mm-oie-2022-10-07-max.oktapreview.com *.oktacdn.com; connect-src ''self'' mm-oie-2022-10-07-max.oktapreview.com mm-oie-2022-10-07-max-admin.oktapreview.com *.oktacdn.com *.mixpanel.com *.mapbox.com app.pendo.io data.pendo.io pendo-static-5634101834153984.storage.googleapis.com pendo-static-5391521872216064.storage.googleapis.com *.mtls.oktapreview.com mm-oie-2022-10-07-max.kerberos.oktapreview.com *.authenticatorlocalprod.com:8769 http://localhost:8769 http://127.0.0.1:8769 *.authenticatorlocalprod.com:65111 http://localhost:65111 http://127.0.0.1:65111 *.authenticatorlocalprod.com:65121 http://localhost:65121 http://127.0.0.1:65121 *.authenticatorlocalprod.com:65131 http://localhost:65131 http://127.0.0.1:65131 *.authenticatorlocalprod.com:65141 http://localhost:65141 http://127.0.0.1:65141 *.authenticatorlocalprod.com:65151 http://localhost:65151 http://127.0.0.1:65151 https://oinmanager.okta.com data:; script-src ''unsafe-inline'' ''unsafe-eval'' ''self'' mm-oie-2022-10-07-max.oktapreview.com *.oktacdn.com; style-src ''unsafe-inline'' ''nonce-2rCg-nQOgcPPy1YyGTiHNk4MYYk-22OI6Plj2EsXiQ0'' ''self'' mm-oie-2022-10-07-max.oktapreview.com *.oktacdn.com app.pendo.io cdn.pendo.io pendo-static-5634101834153984.storage.googleapis.com pendo-static-5391521872216064.storage.googleapis.com; frame-src ''self'' mm-oie-2022-10-07-max.oktapreview.com mm-oie-2022-10-07-max-admin.oktapreview.com login.okta.com com-okta-authenticator:; img-src ''self'' mm-oie-2022-10-07-max.oktapreview.com *.oktacdn.com *.tiles.mapbox.com *.mapbox.com app.pendo.io data.pendo.io cdn.pendo.io pendo-static-5634101834153984.storage.googleapis.com pendo-static-5391521872216064.storage.googleapis.com data: blob:; font-src ''self'' mm-oie-2022-10-07-max.oktapreview.com data: *.oktacdn.com fonts.gstatic.com; frame-ancestors ''self''; report-uri https://oktacsp.report-uri.com/r/t/csp/reportOnly; report-to csp'
      Content-Type:
      - application/json
      Date:
      - Mon, 10 Apr 2023 15:28:05 GMT
      Report-To:
      - '{"group":"csp","max_age":31536000,"endpoints":[{"url":"https://oktacsp.report-uri.com/a/t/g"}],"include_subdomains":true}'
    status: 200 OK
    code: 200
    duration: ""
- request:
    body: |
      {"action":"block","excludeZones":["nzo7m94hx4X2cXVaO1d7","nzo7m94dgcloLGUpN1d7","nzo7m94ehugNxyLrx1d7"]}
    form: {}
    headers:
      Accept:
      - application/json
      Authorization:
      - SSWS REDACTED
      Content-Type:
      - application/json
      User-Agent:
      - okta-sdk-golang/2.17.0 golang/go1.20.2 darwin/arm64 okta-terraform/3.44.0
    url: https://mm-oie-2022-10-07-max.oktapreview.com/api/v1/threats/configuration
    method: POST
  response:
    body: '{"action":"block","excludeZones":["nzo7m94dgcloLGUpN1d7","nzo7m94hx4X2cXVaO1d7","nzo7m94ehugNxyLrx1d7"],"created":"2022-10-07T23:16:58.000Z","lastUpdated":"2023-04-10T15:28:05.000Z","_links":{"self":{"href":"https://mm-oie-2022-10-07-max.oktapreview.com/api/v1/threats/configuration","hints":{"allow":["GET","POST"]}}}}'
    headers:
      Content-Type:
      - application/json
      Date:
      - Mon, 10 Apr 2023 15:28:05 GMT
    status: 200 OK
    code: 200
    duration: ""
- request:
    body: ""
    form: {}
    headers:
      Accept:
      - application/json
      Authorization:
      - SSWS REDACTED
      User-Agent:
      - okta-sdk-golang/2.17.0 golang/go1.20.2 darwin/arm64 okta-terraform/3.44.0
    url: https://mm-oie-2022-10-07-max.oktapreview.com/api/v1/zones/nzo7m94hx4X2cXVaO1d7
    method: GET
  response:
    body: '{"type":"IP","id":"nzo7m94hx4X2cXVaO1d7","name":"testAcc_293421833-1","status":"ACTIVE","usage":"POLICY","created":"2023-04-10T15:28:05.000Z","lastUpdated":"2023-04-10T15:28:05.000Z","system":false,"gateways":[{"type":"RANGE","value":"2.3.4.5-2.3.4.15"},{"type":"CIDR","value":"1.2.3.4/24"}],"proxies":[{"type":"CIDR","value":"2.2.3.4/24"},{"type":"RANGE","value":"3.3.4.5-3.3.4.15"}],"_links":{"self":{"href":"https://mm-oie-2022-10-07-max.oktapreview.com/api/v1/zones/nzo7m94hx4X2cXVaO1d7","hints":{"allow":["GET","PUT","DELETE"]}},"deactivate":{"href":"https://mm-oie-2022-10-07-max.oktapreview.com/api/v1/zones/nzo7m94hx4X2cXVaO1d7/lifecycle/deactivate","hints":{"allow":["POST"]}}}}'
    headers:
      Content-Security-Policy-Report-Only:
      - 'default-src ''self'' mm-oie-2022-10-07-max.oktapreview.com *.oktacdn.com; connect-src ''self'' mm-oie-2022-10-07-max.oktapreview.com mm-oie-2022-10-07-max-admin.oktapreview.com *.oktacdn.com *.mixpanel.com *.mapbox.com app.pendo.io data.pendo.io pendo-static-5634101834153984.storage.googleapis.com pendo-static-5391521872216064.storage.googleapis.com *.mtls.oktapreview.com mm-oie-2022-10-07-max.kerberos.oktapreview.com *.authenticatorlocalprod.com:8769 http://localhost:8769 http://127.0.0.1:8769 *.authenticatorlocalprod.com:65111 http://localhost:65111 http://127.0.0.1:65111 *.authenticatorlocalprod.com:65121 http://localhost:65121 http://127.0.0.1:65121 *.authenticatorlocalprod.com:65131 http://localhost:65131 http://127.0.0.1:65131 *.authenticatorlocalprod.com:65141 http://localhost:65141 http://127.0.0.1:65141 *.authenticatorlocalprod.com:65151 http://localhost:65151 http://127.0.0.1:65151 https://oinmanager.okta.com data:; script-src ''unsafe-inline'' ''unsafe-eval'' ''self'' mm-oie-2022-10-07-max.oktapreview.com *.oktacdn.com; style-src ''unsafe-inline'' ''nonce-ixam9ZFESbnWj9Sk8ORHDitortNzeVZD3Me2z0_GMyc'' ''self'' mm-oie-2022-10-07-max.oktapreview.com *.oktacdn.com app.pendo.io cdn.pendo.io pendo-static-5634101834153984.storage.googleapis.com pendo-static-5391521872216064.storage.googleapis.com; frame-src ''self'' mm-oie-2022-10-07-max.oktapreview.com mm-oie-2022-10-07-max-admin.oktapreview.com login.okta.com com-okta-authenticator:; img-src ''self'' mm-oie-2022-10-07-max.oktapreview.com *.oktacdn.com *.tiles.mapbox.com *.mapbox.com app.pendo.io data.pendo.io cdn.pendo.io pendo-static-5634101834153984.storage.googleapis.com pendo-static-5391521872216064.storage.googleapis.com data: blob:; font-src ''self'' mm-oie-2022-10-07-max.oktapreview.com data: *.oktacdn.com fonts.gstatic.com; frame-ancestors ''self'''
      Content-Type:
      - application/json
      Date:
      - Mon, 10 Apr 2023 15:28:06 GMT
    status: 200 OK
    code: 200
    duration: ""
- request:
    body: ""
    form: {}
    headers:
      Accept:
      - application/json
      Authorization:
      - SSWS REDACTED
      User-Agent:
      - okta-sdk-golang/2.17.0 golang/go1.20.2 darwin/arm64 okta-terraform/3.44.0
    url: https://mm-oie-2022-10-07-max.oktapreview.com/api/v1/zones/nzo7m94ehugNxyLrx1d7
    method: GET
  response:
    body: '{"type":"IP","id":"nzo7m94ehugNxyLrx1d7","name":"testAcc_293421833-3","status":"ACTIVE","usage":"POLICY","created":"2023-04-10T15:28:05.000Z","lastUpdated":"2023-04-10T15:28:05.000Z","system":false,"gateways":[{"type":"CIDR","value":"3.2.3.4/24"},{"type":"RANGE","value":"2.3.4.5-2.3.4.15"}],"proxies":[{"type":"CIDR","value":"4.2.3.4/24"},{"type":"RANGE","value":"3.3.4.5-3.3.4.15"}],"_links":{"self":{"href":"https://mm-oie-2022-10-07-max.oktapreview.com/api/v1/zones/nzo7m94ehugNxyLrx1d7","hints":{"allow":["GET","PUT","DELETE"]}},"deactivate":{"href":"https://mm-oie-2022-10-07-max.oktapreview.com/api/v1/zones/nzo7m94ehugNxyLrx1d7/lifecycle/deactivate","hints":{"allow":["POST"]}}}}'
    headers:
      Content-Security-Policy-Report-Only:
      - 'default-src ''self'' mm-oie-2022-10-07-max.oktapreview.com *.oktacdn.com; connect-src ''self'' mm-oie-2022-10-07-max.oktapreview.com mm-oie-2022-10-07-max-admin.oktapreview.com *.oktacdn.com *.mixpanel.com *.mapbox.com app.pendo.io data.pendo.io pendo-static-5634101834153984.storage.googleapis.com pendo-static-5391521872216064.storage.googleapis.com *.mtls.oktapreview.com mm-oie-2022-10-07-max.kerberos.oktapreview.com *.authenticatorlocalprod.com:8769 http://localhost:8769 http://127.0.0.1:8769 *.authenticatorlocalprod.com:65111 http://localhost:65111 http://127.0.0.1:65111 *.authenticatorlocalprod.com:65121 http://localhost:65121 http://127.0.0.1:65121 *.authenticatorlocalprod.com:65131 http://localhost:65131 http://127.0.0.1:65131 *.authenticatorlocalprod.com:65141 http://localhost:65141 http://127.0.0.1:65141 *.authenticatorlocalprod.com:65151 http://localhost:65151 http://127.0.0.1:65151 https://oinmanager.okta.com data:; script-src ''unsafe-inline'' ''unsafe-eval'' ''self'' mm-oie-2022-10-07-max.oktapreview.com *.oktacdn.com; style-src ''unsafe-inline'' ''nonce-4rlZv7Zx1Dq0g89KhVcv6gXeAZPaGaUy3X3is2IbA8k'' ''self'' mm-oie-2022-10-07-max.oktapreview.com *.oktacdn.com app.pendo.io cdn.pendo.io pendo-static-5634101834153984.storage.googleapis.com pendo-static-5391521872216064.storage.googleapis.com; frame-src ''self'' mm-oie-2022-10-07-max.oktapreview.com mm-oie-2022-10-07-max-admin.oktapreview.com login.okta.com com-okta-authenticator:; img-src ''self'' mm-oie-2022-10-07-max.oktapreview.com *.oktacdn.com *.tiles.mapbox.com *.mapbox.com app.pendo.io data.pendo.io cdn.pendo.io pendo-static-5634101834153984.storage.googleapis.com pendo-static-5391521872216064.storage.googleapis.com data: blob:; font-src ''self'' mm-oie-2022-10-07-max.oktapreview.com data: *.oktacdn.com fonts.gstatic.com; frame-ancestors ''self'''
      Content-Type:
      - application/json
      Date:
      - Mon, 10 Apr 2023 15:28:06 GMT
    status: 200 OK
    code: 200
    duration: ""
- request:
    body: ""
    form: {}
    headers:
      Accept:
      - application/json
      Authorization:
      - SSWS REDACTED
      User-Agent:
      - okta-sdk-golang/2.17.0 golang/go1.20.2 darwin/arm64 okta-terraform/3.44.0
    url: https://mm-oie-2022-10-07-max.oktapreview.com/api/v1/zones/nzo7m94dgcloLGUpN1d7
    method: GET
  response:
    body: '{"type":"IP","id":"nzo7m94dgcloLGUpN1d7","name":"testAcc_293421833-2","status":"ACTIVE","usage":"POLICY","created":"2023-04-10T15:28:05.000Z","lastUpdated":"2023-04-10T15:28:05.000Z","system":false,"gateways":[{"type":"RANGE","value":"2.3.4.5-2.3.4.15"},{"type":"CIDR","value":"2.2.3.4/24"}],"proxies":[{"type":"CIDR","value":"3.2.3.4/24"},{"type":"RANGE","value":"3.3.4.5-3.3.4.15"}],"_links":{"self":{"href":"https://mm-oie-2022-10-07-max.oktapreview.com/api/v1/zones/nzo7m94dgcloLGUpN1d7","hints":{"allow":["GET","PUT","DELETE"]}},"deactivate":{"href":"https://mm-oie-2022-10-07-max.oktapreview.com/api/v1/zones/nzo7m94dgcloLGUpN1d7/lifecycle/deactivate","hints":{"allow":["POST"]}}}}'
    headers:
      Content-Security-Policy-Report-Only:
      - 'default-src ''self'' mm-oie-2022-10-07-max.oktapreview.com *.oktacdn.com; connect-src ''self'' mm-oie-2022-10-07-max.oktapreview.com mm-oie-2022-10-07-max-admin.oktapreview.com *.oktacdn.com *.mixpanel.com *.mapbox.com app.pendo.io data.pendo.io pendo-static-5634101834153984.storage.googleapis.com pendo-static-5391521872216064.storage.googleapis.com *.mtls.oktapreview.com mm-oie-2022-10-07-max.kerberos.oktapreview.com *.authenticatorlocalprod.com:8769 http://localhost:8769 http://127.0.0.1:8769 *.authenticatorlocalprod.com:65111 http://localhost:65111 http://127.0.0.1:65111 *.authenticatorlocalprod.com:65121 http://localhost:65121 http://127.0.0.1:65121 *.authenticatorlocalprod.com:65131 http://localhost:65131 http://127.0.0.1:65131 *.authenticatorlocalprod.com:65141 http://localhost:65141 http://127.0.0.1:65141 *.authenticatorlocalprod.com:65151 http://localhost:65151 http://127.0.0.1:65151 https://oinmanager.okta.com data:; script-src ''unsafe-inline'' ''unsafe-eval'' ''self'' mm-oie-2022-10-07-max.oktapreview.com *.oktacdn.com; style-src ''unsafe-inline'' ''nonce-TfWX5TenM7hjaywYyg8XEOaEYI7Npt-MJtTB4yDMrJI'' ''self'' mm-oie-2022-10-07-max.oktapreview.com *.oktacdn.com app.pendo.io cdn.pendo.io pendo-static-5634101834153984.storage.googleapis.com pendo-static-5391521872216064.storage.googleapis.com; frame-src ''self'' mm-oie-2022-10-07-max.oktapreview.com mm-oie-2022-10-07-max-admin.oktapreview.com login.okta.com com-okta-authenticator:; img-src ''self'' mm-oie-2022-10-07-max.oktapreview.com *.oktacdn.com *.tiles.mapbox.com *.mapbox.com app.pendo.io data.pendo.io cdn.pendo.io pendo-static-5634101834153984.storage.googleapis.com pendo-static-5391521872216064.storage.googleapis.com data: blob:; font-src ''self'' mm-oie-2022-10-07-max.oktapreview.com data: *.oktacdn.com fonts.gstatic.com; frame-ancestors ''self'''
      Content-Type:
      - application/json
      Date:
      - Mon, 10 Apr 2023 15:28:06 GMT
    status: 200 OK
    code: 200
    duration: ""
- request:
    body: ""
    form: {}
    headers:
      Accept:
      - application/json
      Authorization:
      - SSWS REDACTED
      User-Agent:
      - okta-sdk-golang/2.17.0 golang/go1.20.2 darwin/arm64 okta-terraform/3.44.0
    url: https://mm-oie-2022-10-07-max.oktapreview.com/api/v1/threats/configuration
    method: GET
  response:
    body: '{"action":"block","excludeZones":["nzo7m94dgcloLGUpN1d7","nzo7m94hx4X2cXVaO1d7","nzo7m94ehugNxyLrx1d7"],"created":"2022-10-07T23:16:58.000Z","lastUpdated":"2023-04-10T15:28:05.000Z","_links":{"self":{"href":"https://mm-oie-2022-10-07-max.oktapreview.com/api/v1/threats/configuration","hints":{"allow":["GET","POST"]}}}}'
    headers:
      Content-Security-Policy-Report-Only:
      - 'default-src ''self'' mm-oie-2022-10-07-max.oktapreview.com *.oktacdn.com; connect-src ''self'' mm-oie-2022-10-07-max.oktapreview.com mm-oie-2022-10-07-max-admin.oktapreview.com *.oktacdn.com *.mixpanel.com *.mapbox.com app.pendo.io data.pendo.io pendo-static-5634101834153984.storage.googleapis.com pendo-static-5391521872216064.storage.googleapis.com *.mtls.oktapreview.com mm-oie-2022-10-07-max.kerberos.oktapreview.com *.authenticatorlocalprod.com:8769 http://localhost:8769 http://127.0.0.1:8769 *.authenticatorlocalprod.com:65111 http://localhost:65111 http://127.0.0.1:65111 *.authenticatorlocalprod.com:65121 http://localhost:65121 http://127.0.0.1:65121 *.authenticatorlocalprod.com:65131 http://localhost:65131 http://127.0.0.1:65131 *.authenticatorlocalprod.com:65141 http://localhost:65141 http://127.0.0.1:65141 *.authenticatorlocalprod.com:65151 http://localhost:65151 http://127.0.0.1:65151 https://oinmanager.okta.com data:; script-src ''unsafe-inline'' ''unsafe-eval'' ''self'' mm-oie-2022-10-07-max.oktapreview.com *.oktacdn.com; style-src ''unsafe-inline'' ''nonce-7vieCV5ePCd7JuSV92E8c7FZwwZnAeDaVqbYCgikIcQ'' ''self'' mm-oie-2022-10-07-max.oktapreview.com *.oktacdn.com app.pendo.io cdn.pendo.io pendo-static-5634101834153984.storage.googleapis.com pendo-static-5391521872216064.storage.googleapis.com; frame-src ''self'' mm-oie-2022-10-07-max.oktapreview.com mm-oie-2022-10-07-max-admin.oktapreview.com login.okta.com com-okta-authenticator:; img-src ''self'' mm-oie-2022-10-07-max.oktapreview.com *.oktacdn.com *.tiles.mapbox.com *.mapbox.com app.pendo.io data.pendo.io cdn.pendo.io pendo-static-5634101834153984.storage.googleapis.com pendo-static-5391521872216064.storage.googleapis.com data: blob:; font-src ''self'' mm-oie-2022-10-07-max.oktapreview.com data: *.oktacdn.com fonts.gstatic.com; frame-ancestors ''self'''
      Content-Type:
      - application/json
      Date:
      - Mon, 10 Apr 2023 15:28:06 GMT
    status: 200 OK
    code: 200
    duration: ""
- request:
    body: |
      {"action":"none"}
    form: {}
    headers:
      Accept:
      - application/json
      Authorization:
      - SSWS REDACTED
      Content-Type:
      - application/json
      User-Agent:
      - okta-sdk-golang/2.17.0 golang/go1.20.2 darwin/arm64 okta-terraform/3.44.0
    url: https://mm-oie-2022-10-07-max.oktapreview.com/api/v1/threats/configuration
    method: POST
  response:
    body: '{"action":"none","excludeZones":[],"created":"2022-10-07T23:16:58.000Z","lastUpdated":"2023-04-10T15:28:06.000Z","_links":{"self":{"href":"https://mm-oie-2022-10-07-max.oktapreview.com/api/v1/threats/configuration","hints":{"allow":["GET","POST"]}}}}'
    headers:
      Content-Type:
      - application/json
      Date:
      - Mon, 10 Apr 2023 15:28:06 GMT
    status: 200 OK
    code: 200
    duration: ""
- request:
    body: ""
    form: {}
    headers:
      Accept:
      - application/json
      Authorization:
      - SSWS REDACTED
      User-Agent:
      - okta-sdk-golang/2.17.0 golang/go1.20.2 darwin/arm64 okta-terraform/3.44.0
    url: https://mm-oie-2022-10-07-max.oktapreview.com/api/v1/zones/nzo7m94hx4X2cXVaO1d7
    method: DELETE
  response:
    body: ""
    headers:
      Date:
      - Mon, 10 Apr 2023 15:28:06 GMT
    status: 204 No Content
    code: 204
    duration: ""
- request:
    body: ""
    form: {}
    headers:
      Accept:
      - application/json
      Authorization:
      - SSWS REDACTED
      User-Agent:
      - okta-sdk-golang/2.17.0 golang/go1.20.2 darwin/arm64 okta-terraform/3.44.0
    url: https://mm-oie-2022-10-07-max.oktapreview.com/api/v1/zones/nzo7m94ehugNxyLrx1d7
    method: DELETE
  response:
    body: ""
    headers:
      Date:
      - Mon, 10 Apr 2023 15:28:06 GMT
    status: 204 No Content
    code: 204
    duration: ""
- request:
    body: ""
    form: {}
    headers:
      Accept:
      - application/json
      Authorization:
      - SSWS REDACTED
      User-Agent:
      - okta-sdk-golang/2.17.0 golang/go1.20.2 darwin/arm64 okta-terraform/3.44.0
    url: https://mm-oie-2022-10-07-max.oktapreview.com/api/v1/zones/nzo7m94dgcloLGUpN1d7
    method: DELETE
  response:
    body: ""
    headers:
      Date:
      - Mon, 10 Apr 2023 15:28:06 GMT
    status: 204 No Content
    code: 204
    duration: ""
