---
version: 1
interactions:
- request:
    body: |
      {"name":"testAcc_520360766","status":"ACTIVE","type":"PROFILE_ENROLLMENT"}
    form: {}
    headers:
      Accept:
      - application/json
      Authorization:
      - SSWS REDACTED
      Content-Type:
      - application/json
      User-Agent:
      - okta-sdk-golang/2.17.0 golang/go1.20.2 darwin/arm64 okta-terraform/3.44.0
    url: https://mm-oie-2022-10-07-max.oktapreview.com/api/v1/policies
    method: POST
  response:
    body: '{"id":"rst7l8rtdf69VhGUG1d7","status":"ACTIVE","name":"testAcc_520360766","priority":1,"system":false,"conditions":null,"created":"2023-04-06T19:58:19.000Z","lastUpdated":"2023-04-06T19:58:19.000Z","_links":{"self":{"href":"https://mm-oie-2022-10-07-max.oktapreview.com/api/v1/policies/rst7l8rtdf69VhGUG1d7","hints":{"allow":["GET","PUT","DELETE"]}},"rules":{"href":"https://mm-oie-2022-10-07-max.oktapreview.com/api/v1/policies/rst7l8rtdf69VhGUG1d7/rules","hints":{"allow":["GET","POST"]}},"deactivate":{"href":"https://mm-oie-2022-10-07-max.oktapreview.com/api/v1/policies/rst7l8rtdf69VhGUG1d7/lifecycle/deactivate","hints":{"allow":["POST"]}}},"type":"PROFILE_ENROLLMENT"}'
    headers:
      Content-Type:
      - application/json
      Date:
      - Thu, 06 Apr 2023 19:58:19 GMT
    status: 200 OK
    code: 200
    duration: ""
- request:
    body: ""
    form: {}
    headers:
      Accept:
      - application/json
      Authorization:
      - SSWS REDACTED
      User-Agent:
      - okta-sdk-golang/2.17.0 golang/go1.20.2 darwin/arm64 okta-terraform/3.44.0
    url: https://mm-oie-2022-10-07-max.oktapreview.com/api/v1/policies/rst7l8rtdf69VhGUG1d7
    method: GET
  response:
    body: '{"id":"rst7l8rtdf69VhGUG1d7","status":"ACTIVE","name":"testAcc_520360766","priority":1,"system":false,"conditions":null,"created":"2023-04-06T19:58:19.000Z","lastUpdated":"2023-04-06T19:58:19.000Z","_links":{"self":{"href":"https://mm-oie-2022-10-07-max.oktapreview.com/api/v1/policies/rst7l8rtdf69VhGUG1d7","hints":{"allow":["GET","PUT","DELETE"]}},"rules":{"href":"https://mm-oie-2022-10-07-max.oktapreview.com/api/v1/policies/rst7l8rtdf69VhGUG1d7/rules","hints":{"allow":["GET","POST"]}},"deactivate":{"href":"https://mm-oie-2022-10-07-max.oktapreview.com/api/v1/policies/rst7l8rtdf69VhGUG1d7/lifecycle/deactivate","hints":{"allow":["POST"]}}},"type":"PROFILE_ENROLLMENT"}'
    headers:
      Content-Security-Policy-Report-Only:
      - 'default-src ''self'' mm-oie-2022-10-07-max.oktapreview.com *.oktacdn.com; connect-src ''self'' mm-oie-2022-10-07-max.oktapreview.com mm-oie-2022-10-07-max-admin.oktapreview.com *.oktacdn.com *.mixpanel.com *.mapbox.com app.pendo.io data.pendo.io pendo-static-5634101834153984.storage.googleapis.com pendo-static-5391521872216064.storage.googleapis.com *.mtls.oktapreview.com mm-oie-2022-10-07-max.kerberos.oktapreview.com *.authenticatorlocalprod.com:8769 http://localhost:8769 http://127.0.0.1:8769 *.authenticatorlocalprod.com:65111 http://localhost:65111 http://127.0.0.1:65111 *.authenticatorlocalprod.com:65121 http://localhost:65121 http://127.0.0.1:65121 *.authenticatorlocalprod.com:65131 http://localhost:65131 http://127.0.0.1:65131 *.authenticatorlocalprod.com:65141 http://localhost:65141 http://127.0.0.1:65141 *.authenticatorlocalprod.com:65151 http://localhost:65151 http://127.0.0.1:65151 https://oinmanager.okta.com data:; script-src ''unsafe-inline'' ''unsafe-eval'' ''self'' mm-oie-2022-10-07-max.oktapreview.com *.oktacdn.com; style-src ''unsafe-inline'' ''nonce-XCxV8lObCjk-wJwdOOhrbM40PK_4n_SdICmLqa2jCbk'' ''self'' mm-oie-2022-10-07-max.oktapreview.com *.oktacdn.com app.pendo.io cdn.pendo.io pendo-static-5634101834153984.storage.googleapis.com pendo-static-5391521872216064.storage.googleapis.com; frame-src ''self'' mm-oie-2022-10-07-max.oktapreview.com mm-oie-2022-10-07-max-admin.oktapreview.com login.okta.com com-okta-authenticator:; img-src ''self'' mm-oie-2022-10-07-max.oktapreview.com *.oktacdn.com *.tiles.mapbox.com *.mapbox.com app.pendo.io data.pendo.io cdn.pendo.io pendo-static-5634101834153984.storage.googleapis.com pendo-static-5391521872216064.storage.googleapis.com data: blob:; font-src ''self'' mm-oie-2022-10-07-max.oktapreview.com data: *.oktacdn.com fonts.gstatic.com; frame-ancestors ''self''; report-uri https://oktacsp.report-uri.com/r/t/csp/reportOnly; report-to csp'
      Content-Type:
      - application/json
      Date:
      - Thu, 06 Apr 2023 19:58:19 GMT
      Report-To:
      - '{"group":"csp","max_age":31536000,"endpoints":[{"url":"https://oktacsp.report-uri.com/a/t/g"}],"include_subdomains":true}'
    status: 200 OK
    code: 200
    duration: ""
- request:
    body: ""
    form: {}
    headers:
      Accept:
      - application/json
      Authorization:
      - SSWS REDACTED
      User-Agent:
      - okta-sdk-golang/2.17.0 golang/go1.20.2 darwin/arm64 okta-terraform/3.44.0
    url: https://mm-oie-2022-10-07-max.oktapreview.com/api/v1/policies/rst7l8rtdf69VhGUG1d7
    method: GET
  response:
    body: '{"id":"rst7l8rtdf69VhGUG1d7","status":"ACTIVE","name":"testAcc_520360766","priority":1,"system":false,"conditions":null,"created":"2023-04-06T19:58:19.000Z","lastUpdated":"2023-04-06T19:58:19.000Z","_links":{"self":{"href":"https://mm-oie-2022-10-07-max.oktapreview.com/api/v1/policies/rst7l8rtdf69VhGUG1d7","hints":{"allow":["GET","PUT","DELETE"]}},"rules":{"href":"https://mm-oie-2022-10-07-max.oktapreview.com/api/v1/policies/rst7l8rtdf69VhGUG1d7/rules","hints":{"allow":["GET","POST"]}},"deactivate":{"href":"https://mm-oie-2022-10-07-max.oktapreview.com/api/v1/policies/rst7l8rtdf69VhGUG1d7/lifecycle/deactivate","hints":{"allow":["POST"]}}},"type":"PROFILE_ENROLLMENT"}'
    headers:
      Content-Security-Policy-Report-Only:
      - 'default-src ''self'' mm-oie-2022-10-07-max.oktapreview.com *.oktacdn.com; connect-src ''self'' mm-oie-2022-10-07-max.oktapreview.com mm-oie-2022-10-07-max-admin.oktapreview.com *.oktacdn.com *.mixpanel.com *.mapbox.com app.pendo.io data.pendo.io pendo-static-5634101834153984.storage.googleapis.com pendo-static-5391521872216064.storage.googleapis.com *.mtls.oktapreview.com mm-oie-2022-10-07-max.kerberos.oktapreview.com *.authenticatorlocalprod.com:8769 http://localhost:8769 http://127.0.0.1:8769 *.authenticatorlocalprod.com:65111 http://localhost:65111 http://127.0.0.1:65111 *.authenticatorlocalprod.com:65121 http://localhost:65121 http://127.0.0.1:65121 *.authenticatorlocalprod.com:65131 http://localhost:65131 http://127.0.0.1:65131 *.authenticatorlocalprod.com:65141 http://localhost:65141 http://127.0.0.1:65141 *.authenticatorlocalprod.com:65151 http://localhost:65151 http://127.0.0.1:65151 https://oinmanager.okta.com data:; script-src ''unsafe-inline'' ''unsafe-eval'' ''self'' mm-oie-2022-10-07-max.oktapreview.com *.oktacdn.com; style-src ''unsafe-inline'' ''nonce-WFDVqXHHt7lBeIGlj_rD43rvs9WmKUG-bHaorf-R4Zw'' ''self'' mm-oie-2022-10-07-max.oktapreview.com *.oktacdn.com app.pendo.io cdn.pendo.io pendo-static-5634101834153984.storage.googleapis.com pendo-static-5391521872216064.storage.googleapis.com; frame-src ''self'' mm-oie-2022-10-07-max.oktapreview.com mm-oie-2022-10-07-max-admin.oktapreview.com login.okta.com com-okta-authenticator:; img-src ''self'' mm-oie-2022-10-07-max.oktapreview.com *.oktacdn.com *.tiles.mapbox.com *.mapbox.com app.pendo.io data.pendo.io cdn.pendo.io pendo-static-5634101834153984.storage.googleapis.com pendo-static-5391521872216064.storage.googleapis.com data: blob:; font-src ''self'' mm-oie-2022-10-07-max.oktapreview.com data: *.oktacdn.com fonts.gstatic.com; frame-ancestors ''self'''
      Content-Type:
      - application/json
      Date:
      - Thu, 06 Apr 2023 19:58:20 GMT
    status: 200 OK
    code: 200
    duration: ""
- request:
    body: ""
    form: {}
    headers:
      Accept:
      - application/json
      Authorization:
      - SSWS REDACTED
      User-Agent:
      - okta-sdk-golang/2.17.0 golang/go1.20.2 darwin/arm64 okta-terraform/3.44.0
    url: https://mm-oie-2022-10-07-max.oktapreview.com/api/v1/policies/rst7l8rtdf69VhGUG1d7
    method: GET
  response:
    body: '{"id":"rst7l8rtdf69VhGUG1d7","status":"ACTIVE","name":"testAcc_520360766","priority":1,"system":false,"conditions":null,"created":"2023-04-06T19:58:19.000Z","lastUpdated":"2023-04-06T19:58:19.000Z","_links":{"self":{"href":"https://mm-oie-2022-10-07-max.oktapreview.com/api/v1/policies/rst7l8rtdf69VhGUG1d7","hints":{"allow":["GET","PUT","DELETE"]}},"rules":{"href":"https://mm-oie-2022-10-07-max.oktapreview.com/api/v1/policies/rst7l8rtdf69VhGUG1d7/rules","hints":{"allow":["GET","POST"]}},"deactivate":{"href":"https://mm-oie-2022-10-07-max.oktapreview.com/api/v1/policies/rst7l8rtdf69VhGUG1d7/lifecycle/deactivate","hints":{"allow":["POST"]}}},"type":"PROFILE_ENROLLMENT"}'
    headers:
      Content-Security-Policy-Report-Only:
      - 'default-src ''self'' mm-oie-2022-10-07-max.oktapreview.com *.oktacdn.com; connect-src ''self'' mm-oie-2022-10-07-max.oktapreview.com mm-oie-2022-10-07-max-admin.oktapreview.com *.oktacdn.com *.mixpanel.com *.mapbox.com app.pendo.io data.pendo.io pendo-static-5634101834153984.storage.googleapis.com pendo-static-5391521872216064.storage.googleapis.com *.mtls.oktapreview.com mm-oie-2022-10-07-max.kerberos.oktapreview.com *.authenticatorlocalprod.com:8769 http://localhost:8769 http://127.0.0.1:8769 *.authenticatorlocalprod.com:65111 http://localhost:65111 http://127.0.0.1:65111 *.authenticatorlocalprod.com:65121 http://localhost:65121 http://127.0.0.1:65121 *.authenticatorlocalprod.com:65131 http://localhost:65131 http://127.0.0.1:65131 *.authenticatorlocalprod.com:65141 http://localhost:65141 http://127.0.0.1:65141 *.authenticatorlocalprod.com:65151 http://localhost:65151 http://127.0.0.1:65151 https://oinmanager.okta.com data:; script-src ''unsafe-inline'' ''unsafe-eval'' ''self'' mm-oie-2022-10-07-max.oktapreview.com *.oktacdn.com; style-src ''unsafe-inline'' ''nonce-pCvl57EvLUdHy3GQ3NZpfJPjFemKFVGXM4bbF0fn4Mo'' ''self'' mm-oie-2022-10-07-max.oktapreview.com *.oktacdn.com app.pendo.io cdn.pendo.io pendo-static-5634101834153984.storage.googleapis.com pendo-static-5391521872216064.storage.googleapis.com; frame-src ''self'' mm-oie-2022-10-07-max.oktapreview.com mm-oie-2022-10-07-max-admin.oktapreview.com login.okta.com com-okta-authenticator:; img-src ''self'' mm-oie-2022-10-07-max.oktapreview.com *.oktacdn.com *.tiles.mapbox.com *.mapbox.com app.pendo.io data.pendo.io cdn.pendo.io pendo-static-5634101834153984.storage.googleapis.com pendo-static-5391521872216064.storage.googleapis.com data: blob:; font-src ''self'' mm-oie-2022-10-07-max.oktapreview.com data: *.oktacdn.com fonts.gstatic.com; frame-ancestors ''self'''
      Content-Type:
      - application/json
      Date:
      - Thu, 06 Apr 2023 19:58:20 GMT
    status: 200 OK
    code: 200
    duration: ""
- request:
    body: |
      {"name":"testAcc_520360766","status":"INACTIVE","type":"PROFILE_ENROLLMENT"}
    form: {}
    headers:
      Accept:
      - application/json
      Authorization:
      - SSWS REDACTED
      Content-Type:
      - application/json
      User-Agent:
      - okta-sdk-golang/2.17.0 golang/go1.20.2 darwin/arm64 okta-terraform/3.44.0
    url: https://mm-oie-2022-10-07-max.oktapreview.com/api/v1/policies/rst7l8rtdf69VhGUG1d7
    method: PUT
  response:
    body: '{"id":"rst7l8rtdf69VhGUG1d7","status":"ACTIVE","name":"testAcc_520360766","priority":1,"system":false,"conditions":null,"created":"2023-04-06T19:58:19.000Z","lastUpdated":"2023-04-06T19:58:20.000Z","_links":{"self":{"href":"https://mm-oie-2022-10-07-max.oktapreview.com/api/v1/policies/rst7l8rtdf69VhGUG1d7","hints":{"allow":["GET","PUT","DELETE"]}},"rules":{"href":"https://mm-oie-2022-10-07-max.oktapreview.com/api/v1/policies/rst7l8rtdf69VhGUG1d7/rules","hints":{"allow":["GET","POST"]}},"deactivate":{"href":"https://mm-oie-2022-10-07-max.oktapreview.com/api/v1/policies/rst7l8rtdf69VhGUG1d7/lifecycle/deactivate","hints":{"allow":["POST"]}}},"type":"PROFILE_ENROLLMENT"}'
    headers:
      Content-Type:
      - application/json
      Date:
      - Thu, 06 Apr 2023 19:58:21 GMT
    status: 200 OK
    code: 200
    duration: ""
- request:
    body: ""
    form: {}
    headers:
      Accept:
      - application/json
      Authorization:
      - SSWS REDACTED
      User-Agent:
      - okta-sdk-golang/2.17.0 golang/go1.20.2 darwin/arm64 okta-terraform/3.44.0
    url: https://mm-oie-2022-10-07-max.oktapreview.com/api/v1/policies/rst7l8rtdf69VhGUG1d7/lifecycle/deactivate
    method: POST
  response:
    body: ""
    headers:
      Date:
      - Thu, 06 Apr 2023 19:58:21 GMT
    status: 204 No Content
    code: 204
    duration: ""
- request:
    body: ""
    form: {}
    headers:
      Accept:
      - application/json
      Authorization:
      - SSWS REDACTED
      User-Agent:
      - okta-sdk-golang/2.17.0 golang/go1.20.2 darwin/arm64 okta-terraform/3.44.0
    url: https://mm-oie-2022-10-07-max.oktapreview.com/api/v1/policies/rst7l8rtdf69VhGUG1d7
    method: GET
  response:
    body: '{"id":"rst7l8rtdf69VhGUG1d7","status":"INACTIVE","name":"testAcc_520360766","priority":1,"system":false,"conditions":null,"created":"2023-04-06T19:58:19.000Z","lastUpdated":"2023-04-06T19:58:21.000Z","_links":{"activate":{"href":"https://mm-oie-2022-10-07-max.oktapreview.com/api/v1/policies/rst7l8rtdf69VhGUG1d7/lifecycle/activate","hints":{"allow":["POST"]}},"self":{"href":"https://mm-oie-2022-10-07-max.oktapreview.com/api/v1/policies/rst7l8rtdf69VhGUG1d7","hints":{"allow":["GET","PUT","DELETE"]}},"rules":{"href":"https://mm-oie-2022-10-07-max.oktapreview.com/api/v1/policies/rst7l8rtdf69VhGUG1d7/rules","hints":{"allow":["GET","POST"]}}},"type":"PROFILE_ENROLLMENT"}'
    headers:
      Content-Security-Policy-Report-Only:
      - 'default-src ''self'' mm-oie-2022-10-07-max.oktapreview.com *.oktacdn.com; connect-src ''self'' mm-oie-2022-10-07-max.oktapreview.com mm-oie-2022-10-07-max-admin.oktapreview.com *.oktacdn.com *.mixpanel.com *.mapbox.com app.pendo.io data.pendo.io pendo-static-5634101834153984.storage.googleapis.com pendo-static-5391521872216064.storage.googleapis.com *.mtls.oktapreview.com mm-oie-2022-10-07-max.kerberos.oktapreview.com *.authenticatorlocalprod.com:8769 http://localhost:8769 http://127.0.0.1:8769 *.authenticatorlocalprod.com:65111 http://localhost:65111 http://127.0.0.1:65111 *.authenticatorlocalprod.com:65121 http://localhost:65121 http://127.0.0.1:65121 *.authenticatorlocalprod.com:65131 http://localhost:65131 http://127.0.0.1:65131 *.authenticatorlocalprod.com:65141 http://localhost:65141 http://127.0.0.1:65141 *.authenticatorlocalprod.com:65151 http://localhost:65151 http://127.0.0.1:65151 https://oinmanager.okta.com data:; script-src ''unsafe-inline'' ''unsafe-eval'' ''self'' mm-oie-2022-10-07-max.oktapreview.com *.oktacdn.com; style-src ''unsafe-inline'' ''nonce-kCqCz2om_QKwdMyBWrvUGfyK8Li2lOuKEs1ebeadmk8'' ''self'' mm-oie-2022-10-07-max.oktapreview.com *.oktacdn.com app.pendo.io cdn.pendo.io pendo-static-5634101834153984.storage.googleapis.com pendo-static-5391521872216064.storage.googleapis.com; frame-src ''self'' mm-oie-2022-10-07-max.oktapreview.com mm-oie-2022-10-07-max-admin.oktapreview.com login.okta.com com-okta-authenticator:; img-src ''self'' mm-oie-2022-10-07-max.oktapreview.com *.oktacdn.com *.tiles.mapbox.com *.mapbox.com app.pendo.io data.pendo.io cdn.pendo.io pendo-static-5634101834153984.storage.googleapis.com pendo-static-5391521872216064.storage.googleapis.com data: blob:; font-src ''self'' mm-oie-2022-10-07-max.oktapreview.com data: *.oktacdn.com fonts.gstatic.com; frame-ancestors ''self'''
      Content-Type:
      - application/json
      Date:
      - Thu, 06 Apr 2023 19:58:21 GMT
    status: 200 OK
    code: 200
    duration: ""
- request:
    body: ""
    form: {}
    headers:
      Accept:
      - application/json
      Authorization:
      - SSWS REDACTED
      User-Agent:
      - okta-sdk-golang/2.17.0 golang/go1.20.2 darwin/arm64 okta-terraform/3.44.0
    url: https://mm-oie-2022-10-07-max.oktapreview.com/api/v1/policies/rst7l8rtdf69VhGUG1d7
    method: GET
  response:
    body: '{"id":"rst7l8rtdf69VhGUG1d7","status":"INACTIVE","name":"testAcc_520360766","priority":1,"system":false,"conditions":null,"created":"2023-04-06T19:58:19.000Z","lastUpdated":"2023-04-06T19:58:21.000Z","_links":{"activate":{"href":"https://mm-oie-2022-10-07-max.oktapreview.com/api/v1/policies/rst7l8rtdf69VhGUG1d7/lifecycle/activate","hints":{"allow":["POST"]}},"self":{"href":"https://mm-oie-2022-10-07-max.oktapreview.com/api/v1/policies/rst7l8rtdf69VhGUG1d7","hints":{"allow":["GET","PUT","DELETE"]}},"rules":{"href":"https://mm-oie-2022-10-07-max.oktapreview.com/api/v1/policies/rst7l8rtdf69VhGUG1d7/rules","hints":{"allow":["GET","POST"]}}},"type":"PROFILE_ENROLLMENT"}'
    headers:
      Content-Security-Policy-Report-Only:
      - 'default-src ''self'' mm-oie-2022-10-07-max.oktapreview.com *.oktacdn.com; connect-src ''self'' mm-oie-2022-10-07-max.oktapreview.com mm-oie-2022-10-07-max-admin.oktapreview.com *.oktacdn.com *.mixpanel.com *.mapbox.com app.pendo.io data.pendo.io pendo-static-5634101834153984.storage.googleapis.com pendo-static-5391521872216064.storage.googleapis.com *.mtls.oktapreview.com mm-oie-2022-10-07-max.kerberos.oktapreview.com *.authenticatorlocalprod.com:8769 http://localhost:8769 http://127.0.0.1:8769 *.authenticatorlocalprod.com:65111 http://localhost:65111 http://127.0.0.1:65111 *.authenticatorlocalprod.com:65121 http://localhost:65121 http://127.0.0.1:65121 *.authenticatorlocalprod.com:65131 http://localhost:65131 http://127.0.0.1:65131 *.authenticatorlocalprod.com:65141 http://localhost:65141 http://127.0.0.1:65141 *.authenticatorlocalprod.com:65151 http://localhost:65151 http://127.0.0.1:65151 https://oinmanager.okta.com data:; script-src ''unsafe-inline'' ''unsafe-eval'' ''self'' mm-oie-2022-10-07-max.oktapreview.com *.oktacdn.com; style-src ''unsafe-inline'' ''nonce-DwvO-WJK9n5JJZPlbyCRx2R495KiELA4ZvDZvG5SaAE'' ''self'' mm-oie-2022-10-07-max.oktapreview.com *.oktacdn.com app.pendo.io cdn.pendo.io pendo-static-5634101834153984.storage.googleapis.com pendo-static-5391521872216064.storage.googleapis.com; frame-src ''self'' mm-oie-2022-10-07-max.oktapreview.com mm-oie-2022-10-07-max-admin.oktapreview.com login.okta.com com-okta-authenticator:; img-src ''self'' mm-oie-2022-10-07-max.oktapreview.com *.oktacdn.com *.tiles.mapbox.com *.mapbox.com app.pendo.io data.pendo.io cdn.pendo.io pendo-static-5634101834153984.storage.googleapis.com pendo-static-5391521872216064.storage.googleapis.com data: blob:; font-src ''self'' mm-oie-2022-10-07-max.oktapreview.com data: *.oktacdn.com fonts.gstatic.com; frame-ancestors ''self'''
      Content-Type:
      - application/json
      Date:
      - Thu, 06 Apr 2023 19:58:22 GMT
    status: 200 OK
    code: 200
    duration: ""
- request:
    body: ""
    form: {}
    headers:
      Accept:
      - application/json
      Authorization:
      - SSWS REDACTED
      User-Agent:
      - okta-sdk-golang/2.17.0 golang/go1.20.2 darwin/arm64 okta-terraform/3.44.0
    url: https://mm-oie-2022-10-07-max.oktapreview.com/api/v1/policies/rst7l8rtdf69VhGUG1d7
    method: DELETE
  response:
    body: ""
    headers:
      Date:
      - Thu, 06 Apr 2023 19:58:22 GMT
    status: 204 No Content
    code: 204
    duration: ""
